[0.209s] DEBUG:colcon:Command line arguments: ['/usr/bin/colcon', 'build']
[0.210s] DEBUG:colcon:Parsed command line arguments: Namespace(log_base=None, log_level=None, verb_name='build', build_base='build', install_base='install', merge_install=False, symlink_install=False, test_result_base=None, continue_on_error=False, executor='parallel', parallel_workers=16, event_handlers=None, ignore_user_meta=False, metas=['./colcon.meta'], base_paths=['.'], packages_ignore=None, packages_ignore_regex=None, paths=None, packages_up_to=None, packages_up_to_regex=None, packages_above=None, packages_above_and_dependencies=None, packages_above_depth=None, packages_select_by_dep=None, packages_skip_by_dep=None, packages_skip_up_to=None, packages_select_build_failed=False, packages_skip_build_finished=False, packages_select_test_failures=False, packages_skip_test_passed=False, packages_select=None, packages_skip=None, packages_select_regex=None, packages_skip_regex=None, packages_start=None, packages_end=None, allow_overriding=[], cmake_args=None, cmake_target=None, cmake_target_skip_unavailable=False, cmake_clean_cache=False, cmake_clean_first=False, cmake_force_configure=False, ament_cmake_args=None, catkin_cmake_args=None, catkin_skip_building_tests=False, mixin_files=None, mixin=None, verb_parser=<colcon_mixin.mixin.mixin_argument.MixinArgumentDecorator object at 0x7f3dfd169c70>, verb_extension=<colcon_core.verb.build.BuildVerb object at 0x7f3dfd2cdee0>, main=<bound method BuildVerb.main of <colcon_core.verb.build.BuildVerb object at 0x7f3dfd2cdee0>>, mixin_verb=('build',))
[0.257s] Level 1:colcon.colcon_core.package_discovery:discover_packages(colcon_meta) check parameters
[0.258s] Level 1:colcon.colcon_core.package_discovery:discover_packages(recursive) check parameters
[0.258s] Level 1:colcon.colcon_core.package_discovery:discover_packages(ignore) check parameters
[0.258s] Level 1:colcon.colcon_core.package_discovery:discover_packages(path) check parameters
[0.258s] Level 1:colcon.colcon_core.package_discovery:discover_packages(colcon_meta) discover
[0.259s] Level 1:colcon.colcon_core.package_discovery:discover_packages(recursive) discover
[0.259s] INFO:colcon.colcon_core.package_discovery:Crawling recursively for packages in '/mnt/d/ros/mrs_uav_flightforge_simulator'
[0.260s] Level 1:colcon.colcon_core.package_identification:_identify(.) by extensions ['ignore', 'ignore_ament_install']
[0.260s] Level 1:colcon.colcon_core.package_identification:_identify(.) by extension 'ignore'
[0.261s] Level 1:colcon.colcon_core.package_identification:_identify(.) by extension 'ignore_ament_install'
[0.261s] Level 1:colcon.colcon_core.package_identification:_identify(.) by extensions ['colcon_pkg']
[0.262s] Level 1:colcon.colcon_core.package_identification:_identify(.) by extension 'colcon_pkg'
[0.262s] Level 1:colcon.colcon_core.package_identification:_identify(.) by extensions ['colcon_meta']
[0.262s] Level 1:colcon.colcon_core.package_identification:_identify(.) by extension 'colcon_meta'
[0.262s] Level 1:colcon.colcon_core.package_identification:_identify(.) by extensions ['ros']
[0.263s] Level 1:colcon.colcon_core.package_identification:_identify(.) by extension 'ros'
[0.295s] DEBUG:colcon.colcon_core.package_identification:Package '.' with type 'ros.ament_cmake' and name 'mrs_uav_flightforge_simulator'
[0.295s] Level 1:colcon.colcon_core.package_discovery:discover_packages(recursive) using defaults
[0.295s] Level 1:colcon.colcon_core.package_discovery:discover_packages(ignore) discover
[0.295s] Level 1:colcon.colcon_core.package_discovery:discover_packages(ignore) using defaults
[0.296s] Level 1:colcon.colcon_core.package_discovery:discover_packages(path) discover
[0.296s] Level 1:colcon.colcon_core.package_discovery:discover_packages(path) using defaults
[0.315s] Level 1:colcon.colcon_core.package_discovery:discover_packages(prefix_path) check parameters
[0.315s] Level 1:colcon.colcon_core.package_discovery:discover_packages(prefix_path) discover
[0.318s] DEBUG:colcon.colcon_installed_package_information.package_discovery:Found 414 installed packages in /opt/ros/jazzy
[0.320s] Level 1:colcon.colcon_core.package_discovery:discover_packages(prefix_path) using defaults
[0.378s] Level 5:colcon.colcon_core.verb:set package 'mrs_uav_flightforge_simulator' build argument 'cmake_args' from command line to 'None'
[0.379s] Level 5:colcon.colcon_core.verb:set package 'mrs_uav_flightforge_simulator' build argument 'cmake_target' from command line to 'None'
[0.379s] Level 5:colcon.colcon_core.verb:set package 'mrs_uav_flightforge_simulator' build argument 'cmake_target_skip_unavailable' from command line to 'False'
[0.379s] Level 5:colcon.colcon_core.verb:set package 'mrs_uav_flightforge_simulator' build argument 'cmake_clean_cache' from command line to 'False'
[0.379s] Level 5:colcon.colcon_core.verb:set package 'mrs_uav_flightforge_simulator' build argument 'cmake_clean_first' from command line to 'False'
[0.379s] Level 5:colcon.colcon_core.verb:set package 'mrs_uav_flightforge_simulator' build argument 'cmake_force_configure' from command line to 'False'
[0.380s] Level 5:colcon.colcon_core.verb:set package 'mrs_uav_flightforge_simulator' build argument 'ament_cmake_args' from command line to 'None'
[0.380s] Level 5:colcon.colcon_core.verb:set package 'mrs_uav_flightforge_simulator' build argument 'catkin_cmake_args' from command line to 'None'
[0.380s] Level 5:colcon.colcon_core.verb:set package 'mrs_uav_flightforge_simulator' build argument 'catkin_skip_building_tests' from command line to 'False'
[0.380s] DEBUG:colcon.colcon_core.verb:Building package 'mrs_uav_flightforge_simulator' with the following arguments: {'ament_cmake_args': None, 'build_base': '/mnt/d/ros/mrs_uav_flightforge_simulator/build/mrs_uav_flightforge_simulator', 'catkin_cmake_args': None, 'catkin_skip_building_tests': False, 'cmake_args': None, 'cmake_clean_cache': False, 'cmake_clean_first': False, 'cmake_force_configure': False, 'cmake_target': None, 'cmake_target_skip_unavailable': False, 'install_base': '/mnt/d/ros/mrs_uav_flightforge_simulator/install/mrs_uav_flightforge_simulator', 'merge_install': False, 'path': '/mnt/d/ros/mrs_uav_flightforge_simulator', 'symlink_install': False, 'test_result_base': None}
[0.381s] INFO:colcon.colcon_core.executor:Executing jobs using 'parallel' executor
[0.382s] DEBUG:colcon.colcon_parallel_executor.executor.parallel:run_until_complete
[0.382s] INFO:colcon.colcon_ros.task.ament_cmake.build:Building ROS package in '/mnt/d/ros/mrs_uav_flightforge_simulator' with build type 'ament_cmake'
[0.383s] INFO:colcon.colcon_cmake.task.cmake.build:Building CMake package in '/mnt/d/ros/mrs_uav_flightforge_simulator'
[0.385s] INFO:colcon.colcon_core.plugin_system:Skipping extension 'colcon_core.shell.bat': Not used on non-Windows systems
[0.386s] INFO:colcon.colcon_core.shell:Skip shell extension 'powershell' for command environment: Not usable outside of PowerShell
[0.386s] DEBUG:colcon.colcon_core.shell:Skip shell extension 'dsv' for command environment
[0.444s] DEBUG:colcon.colcon_core.event_handler.log_command:Invoking command in '/mnt/d/ros/mrs_uav_flightforge_simulator/build/mrs_uav_flightforge_simulator': DEBUGINFOD_URLS=https://debuginfod.ubuntu.com /usr/bin/cmake --build /mnt/d/ros/mrs_uav_flightforge_simulator/build/mrs_uav_flightforge_simulator -- -j16 -l16
[97.432s] DEBUG:colcon.colcon_core.event_handler.log_command:Invoked command in '/mnt/d/ros/mrs_uav_flightforge_simulator/build/mrs_uav_flightforge_simulator' returned '0': DEBUGINFOD_URLS=https://debuginfod.ubuntu.com /usr/bin/cmake --build /mnt/d/ros/mrs_uav_flightforge_simulator/build/mrs_uav_flightforge_simulator -- -j16 -l16
[97.470s] DEBUG:colcon.colcon_core.event_handler.log_command:Invoking command in '/mnt/d/ros/mrs_uav_flightforge_simulator/build/mrs_uav_flightforge_simulator': DEBUGINFOD_URLS=https://debuginfod.ubuntu.com /usr/bin/cmake --install /mnt/d/ros/mrs_uav_flightforge_simulator/build/mrs_uav_flightforge_simulator
[103.055s] Level 1:colcon.colcon_core.environment:create_environment_scripts_only(mrs_uav_flightforge_simulator)
[103.057s] DEBUG:colcon.colcon_core.event_handler.log_command:Invoked command in '/mnt/d/ros/mrs_uav_flightforge_simulator/build/mrs_uav_flightforge_simulator' returned '0': DEBUGINFOD_URLS=https://debuginfod.ubuntu.com /usr/bin/cmake --install /mnt/d/ros/mrs_uav_flightforge_simulator/build/mrs_uav_flightforge_simulator
[103.059s] Level 1:colcon.colcon_core.environment:checking '/mnt/d/ros/mrs_uav_flightforge_simulator/install/mrs_uav_flightforge_simulator' for CMake module files
[103.232s] Level 1:colcon.colcon_core.environment:checking '/mnt/d/ros/mrs_uav_flightforge_simulator/install/mrs_uav_flightforge_simulator' for CMake config files
[103.380s] Level 1:colcon.colcon_core.shell:create_environment_hook('mrs_uav_flightforge_simulator', 'cmake_prefix_path')
[103.380s] INFO:colcon.colcon_core.shell:Creating environment hook '/mnt/d/ros/mrs_uav_flightforge_simulator/install/mrs_uav_flightforge_simulator/share/mrs_uav_flightforge_simulator/hook/cmake_prefix_path.ps1'
[103.391s] INFO:colcon.colcon_core.shell:Creating environment descriptor '/mnt/d/ros/mrs_uav_flightforge_simulator/install/mrs_uav_flightforge_simulator/share/mrs_uav_flightforge_simulator/hook/cmake_prefix_path.dsv'
[103.403s] INFO:colcon.colcon_core.shell:Creating environment hook '/mnt/d/ros/mrs_uav_flightforge_simulator/install/mrs_uav_flightforge_simulator/share/mrs_uav_flightforge_simulator/hook/cmake_prefix_path.sh'
[103.415s] Level 1:colcon.colcon_core.environment:checking '/mnt/d/ros/mrs_uav_flightforge_simulator/install/mrs_uav_flightforge_simulator/lib'
[103.417s] Level 1:colcon.colcon_core.shell:create_environment_hook('mrs_uav_flightforge_simulator', 'ld_library_path_lib')
[103.417s] INFO:colcon.colcon_core.shell:Creating environment hook '/mnt/d/ros/mrs_uav_flightforge_simulator/install/mrs_uav_flightforge_simulator/share/mrs_uav_flightforge_simulator/hook/ld_library_path_lib.ps1'
[103.427s] INFO:colcon.colcon_core.shell:Creating environment descriptor '/mnt/d/ros/mrs_uav_flightforge_simulator/install/mrs_uav_flightforge_simulator/share/mrs_uav_flightforge_simulator/hook/ld_library_path_lib.dsv'
[103.438s] INFO:colcon.colcon_core.shell:Creating environment hook '/mnt/d/ros/mrs_uav_flightforge_simulator/install/mrs_uav_flightforge_simulator/share/mrs_uav_flightforge_simulator/hook/ld_library_path_lib.sh'
[103.448s] Level 1:colcon.colcon_core.environment:checking '/mnt/d/ros/mrs_uav_flightforge_simulator/install/mrs_uav_flightforge_simulator/bin'
[103.448s] Level 1:colcon.colcon_core.environment:checking '/mnt/d/ros/mrs_uav_flightforge_simulator/install/mrs_uav_flightforge_simulator/lib/pkgconfig/mrs_uav_flightforge_simulator.pc'
[103.449s] Level 1:colcon.colcon_core.environment:checking '/mnt/d/ros/mrs_uav_flightforge_simulator/install/mrs_uav_flightforge_simulator/lib/python3.12/site-packages'
[103.451s] Level 1:colcon.colcon_core.shell:create_environment_hook('mrs_uav_flightforge_simulator', 'pythonpath')
[103.451s] INFO:colcon.colcon_core.shell:Creating environment hook '/mnt/d/ros/mrs_uav_flightforge_simulator/install/mrs_uav_flightforge_simulator/share/mrs_uav_flightforge_simulator/hook/pythonpath.ps1'
[103.461s] INFO:colcon.colcon_core.shell:Creating environment descriptor '/mnt/d/ros/mrs_uav_flightforge_simulator/install/mrs_uav_flightforge_simulator/share/mrs_uav_flightforge_simulator/hook/pythonpath.dsv'
[103.472s] INFO:colcon.colcon_core.shell:Creating environment hook '/mnt/d/ros/mrs_uav_flightforge_simulator/install/mrs_uav_flightforge_simulator/share/mrs_uav_flightforge_simulator/hook/pythonpath.sh'
[103.482s] Level 1:colcon.colcon_core.environment:checking '/mnt/d/ros/mrs_uav_flightforge_simulator/install/mrs_uav_flightforge_simulator/bin'
[103.483s] INFO:colcon.colcon_core.shell:Creating package script '/mnt/d/ros/mrs_uav_flightforge_simulator/install/mrs_uav_flightforge_simulator/share/mrs_uav_flightforge_simulator/package.ps1'
[103.492s] INFO:colcon.colcon_core.shell:Creating package descriptor '/mnt/d/ros/mrs_uav_flightforge_simulator/install/mrs_uav_flightforge_simulator/share/mrs_uav_flightforge_simulator/package.dsv'
[103.499s] INFO:colcon.colcon_core.shell:Creating package script '/mnt/d/ros/mrs_uav_flightforge_simulator/install/mrs_uav_flightforge_simulator/share/mrs_uav_flightforge_simulator/package.sh'
[103.507s] INFO:colcon.colcon_core.shell:Creating package script '/mnt/d/ros/mrs_uav_flightforge_simulator/install/mrs_uav_flightforge_simulator/share/mrs_uav_flightforge_simulator/package.bash'
[103.516s] INFO:colcon.colcon_core.shell:Creating package script '/mnt/d/ros/mrs_uav_flightforge_simulator/install/mrs_uav_flightforge_simulator/share/mrs_uav_flightforge_simulator/package.zsh'
[103.525s] Level 1:colcon.colcon_core.environment:create_file_with_runtime_dependencies(/mnt/d/ros/mrs_uav_flightforge_simulator/install/mrs_uav_flightforge_simulator/share/colcon-core/packages/mrs_uav_flightforge_simulator)
[103.550s] Level 1:colcon.colcon_core.environment:create_environment_scripts_only(mrs_uav_flightforge_simulator)
[103.550s] Level 1:colcon.colcon_core.environment:checking '/mnt/d/ros/mrs_uav_flightforge_simulator/install/mrs_uav_flightforge_simulator' for CMake module files
[103.732s] Level 1:colcon.colcon_core.environment:checking '/mnt/d/ros/mrs_uav_flightforge_simulator/install/mrs_uav_flightforge_simulator' for CMake config files
[103.876s] Level 1:colcon.colcon_core.shell:create_environment_hook('mrs_uav_flightforge_simulator', 'cmake_prefix_path')
[103.876s] INFO:colcon.colcon_core.shell:Creating environment hook '/mnt/d/ros/mrs_uav_flightforge_simulator/install/mrs_uav_flightforge_simulator/share/mrs_uav_flightforge_simulator/hook/cmake_prefix_path.ps1'
[103.887s] INFO:colcon.colcon_core.shell:Creating environment descriptor '/mnt/d/ros/mrs_uav_flightforge_simulator/install/mrs_uav_flightforge_simulator/share/mrs_uav_flightforge_simulator/hook/cmake_prefix_path.dsv'
[103.897s] INFO:colcon.colcon_core.shell:Creating environment hook '/mnt/d/ros/mrs_uav_flightforge_simulator/install/mrs_uav_flightforge_simulator/share/mrs_uav_flightforge_simulator/hook/cmake_prefix_path.sh'
[103.909s] Level 1:colcon.colcon_core.environment:checking '/mnt/d/ros/mrs_uav_flightforge_simulator/install/mrs_uav_flightforge_simulator/lib'
[103.911s] Level 1:colcon.colcon_core.shell:create_environment_hook('mrs_uav_flightforge_simulator', 'ld_library_path_lib')
[103.912s] INFO:colcon.colcon_core.shell:Creating environment hook '/mnt/d/ros/mrs_uav_flightforge_simulator/install/mrs_uav_flightforge_simulator/share/mrs_uav_flightforge_simulator/hook/ld_library_path_lib.ps1'
[103.924s] INFO:colcon.colcon_core.shell:Creating environment descriptor '/mnt/d/ros/mrs_uav_flightforge_simulator/install/mrs_uav_flightforge_simulator/share/mrs_uav_flightforge_simulator/hook/ld_library_path_lib.dsv'
[103.936s] INFO:colcon.colcon_core.shell:Creating environment hook '/mnt/d/ros/mrs_uav_flightforge_simulator/install/mrs_uav_flightforge_simulator/share/mrs_uav_flightforge_simulator/hook/ld_library_path_lib.sh'
[103.947s] Level 1:colcon.colcon_core.environment:checking '/mnt/d/ros/mrs_uav_flightforge_simulator/install/mrs_uav_flightforge_simulator/bin'
[103.948s] Level 1:colcon.colcon_core.environment:checking '/mnt/d/ros/mrs_uav_flightforge_simulator/install/mrs_uav_flightforge_simulator/lib/pkgconfig/mrs_uav_flightforge_simulator.pc'
[103.949s] Level 1:colcon.colcon_core.environment:checking '/mnt/d/ros/mrs_uav_flightforge_simulator/install/mrs_uav_flightforge_simulator/lib/python3.12/site-packages'
[103.950s] Level 1:colcon.colcon_core.shell:create_environment_hook('mrs_uav_flightforge_simulator', 'pythonpath')
[103.951s] INFO:colcon.colcon_core.shell:Creating environment hook '/mnt/d/ros/mrs_uav_flightforge_simulator/install/mrs_uav_flightforge_simulator/share/mrs_uav_flightforge_simulator/hook/pythonpath.ps1'
[103.962s] INFO:colcon.colcon_core.shell:Creating environment descriptor '/mnt/d/ros/mrs_uav_flightforge_simulator/install/mrs_uav_flightforge_simulator/share/mrs_uav_flightforge_simulator/hook/pythonpath.dsv'
[103.972s] INFO:colcon.colcon_core.shell:Creating environment hook '/mnt/d/ros/mrs_uav_flightforge_simulator/install/mrs_uav_flightforge_simulator/share/mrs_uav_flightforge_simulator/hook/pythonpath.sh'
[103.983s] Level 1:colcon.colcon_core.environment:checking '/mnt/d/ros/mrs_uav_flightforge_simulator/install/mrs_uav_flightforge_simulator/bin'
[103.983s] INFO:colcon.colcon_core.shell:Creating package script '/mnt/d/ros/mrs_uav_flightforge_simulator/install/mrs_uav_flightforge_simulator/share/mrs_uav_flightforge_simulator/package.ps1'
[103.992s] INFO:colcon.colcon_core.shell:Creating package descriptor '/mnt/d/ros/mrs_uav_flightforge_simulator/install/mrs_uav_flightforge_simulator/share/mrs_uav_flightforge_simulator/package.dsv'
[104.001s] INFO:colcon.colcon_core.shell:Creating package script '/mnt/d/ros/mrs_uav_flightforge_simulator/install/mrs_uav_flightforge_simulator/share/mrs_uav_flightforge_simulator/package.sh'
[104.009s] INFO:colcon.colcon_core.shell:Creating package script '/mnt/d/ros/mrs_uav_flightforge_simulator/install/mrs_uav_flightforge_simulator/share/mrs_uav_flightforge_simulator/package.bash'
[104.017s] INFO:colcon.colcon_core.shell:Creating package script '/mnt/d/ros/mrs_uav_flightforge_simulator/install/mrs_uav_flightforge_simulator/share/mrs_uav_flightforge_simulator/package.zsh'
[104.025s] Level 1:colcon.colcon_core.environment:create_file_with_runtime_dependencies(/mnt/d/ros/mrs_uav_flightforge_simulator/install/mrs_uav_flightforge_simulator/share/colcon-core/packages/mrs_uav_flightforge_simulator)
[104.033s] DEBUG:colcon.colcon_parallel_executor.executor.parallel:closing loop
[104.033s] DEBUG:colcon.colcon_parallel_executor.executor.parallel:loop closed
[104.034s] DEBUG:colcon.colcon_parallel_executor.executor.parallel:run_until_complete finished with '0'
[104.034s] DEBUG:colcon.colcon_core.event_reactor:joining thread
[104.083s] INFO:colcon.colcon_core.plugin_system:Skipping extension 'colcon_notification.desktop_notification.notify_send': Could not find 'notify-send'
[104.083s] INFO:colcon.colcon_core.plugin_system:Skipping extension 'colcon_notification.desktop_notification.terminal_notifier': Not used on non-Darwin systems
[104.083s] INFO:colcon.colcon_core.plugin_system:Skipping extension 'colcon_notification.desktop_notification.win32': Not used on non-Windows systems
[104.083s] INFO:colcon.colcon_notification.desktop_notification:Sending desktop notification using 'notify2'
[104.091s] DEBUG:colcon.colcon_notification.desktop_notification.notify2:Failed to initialize notify2: org.freedesktop.DBus.Error.ServiceUnknown: The name org.freedesktop.Notifications was not provided by any .service files
[104.092s] DEBUG:colcon.colcon_core.event_reactor:joined thread
[104.092s] INFO:colcon.colcon_core.shell:Creating prefix script '/mnt/d/ros/mrs_uav_flightforge_simulator/install/local_setup.ps1'
[104.096s] INFO:colcon.colcon_core.shell:Creating prefix util module '/mnt/d/ros/mrs_uav_flightforge_simulator/install/_local_setup_util_ps1.py'
[104.101s] INFO:colcon.colcon_core.shell:Creating prefix chain script '/mnt/d/ros/mrs_uav_flightforge_simulator/install/setup.ps1'
[104.106s] INFO:colcon.colcon_core.shell:Creating prefix script '/mnt/d/ros/mrs_uav_flightforge_simulator/install/local_setup.sh'
[104.110s] INFO:colcon.colcon_core.shell:Creating prefix util module '/mnt/d/ros/mrs_uav_flightforge_simulator/install/_local_setup_util_sh.py'
[104.114s] INFO:colcon.colcon_core.shell:Creating prefix chain script '/mnt/d/ros/mrs_uav_flightforge_simulator/install/setup.sh'
[104.118s] INFO:colcon.colcon_core.shell:Creating prefix script '/mnt/d/ros/mrs_uav_flightforge_simulator/install/local_setup.bash'
[104.122s] INFO:colcon.colcon_core.shell:Creating prefix chain script '/mnt/d/ros/mrs_uav_flightforge_simulator/install/setup.bash'
[104.126s] INFO:colcon.colcon_core.shell:Creating prefix script '/mnt/d/ros/mrs_uav_flightforge_simulator/install/local_setup.zsh'
[104.130s] INFO:colcon.colcon_core.shell:Creating prefix chain script '/mnt/d/ros/mrs_uav_flightforge_simulator/install/setup.zsh'
