[0.067s] Invoking command in '/mnt/d/ros/mrs_uav_flightforge_simulator/build/mrs_uav_flightforge_simulator': DEBUGINFOD_URLS=https://debuginfod.ubuntu.com /usr/bin/cmake --build /mnt/d/ros/mrs_uav_flightforge_simulator/build/mrs_uav_flightforge_simulator -- -j16 -l16
[0.558s] [  2%] Built target mrs_uav_flightforge_simulator__rosidl_generator_type_description
[0.662s] [  7%] Built target MrsUavFlightforgeSimulator_HwApiPlugin
[0.687s] [  9%] Built target mrs_uav_flightforge_simulator__cpp
[0.760s] [ 19%] Built target MrsUavFlightforgeSimulator_FlightforgeConnector
[0.813s] [ 30%] Built target mrs_uav_flightforge_simulator__rosidl_generator_c
[0.986s] [ 38%] Built target mrs_uav_flightforge_simulator__rosidl_typesupport_c
[0.999s] [ 57%] Built target mrs_uav_flightforge_simulator__rosidl_typesupport_cpp
[1.000s] [ 57%] Built target mrs_uav_flightforge_simulator__rosidl_typesupport_introspection_cpp
[1.004s] [ 64%] Built target mrs_uav_flightforge_simulator__rosidl_typesupport_introspection_c
[1.011s] [ 73%] Built target mrs_uav_flightforge_simulator__rosidl_typesupport_fastrtps_c
[1.012s] [ 73%] Built target mrs_uav_flightforge_simulator__rosidl_typesupport_fastrtps_cpp
[1.072s] [ 73%] Built target mrs_uav_flightforge_simulator
[1.096s] [ 73%] Built target ament_cmake_python_copy_mrs_uav_flightforge_simulator
[1.187s] [ 76%] Built target mrs_uav_flightforge_simulator__py
[1.316s] [ 80%] Built target mrs_uav_flightforge_simulator__rosidl_generator_py
[1.443s] [ 95%] Built target mrs_uav_flightforge_simulator_s__rosidl_typesupport_introspection_c
[1.444s] [ 95%] Built target mrs_uav_flightforge_simulator_s__rosidl_typesupport_c
[1.445s] [ 95%] Built target mrs_uav_flightforge_simulator_s__rosidl_typesupport_fastrtps_c
[1.462s] running egg_info
[1.493s] writing mrs_uav_flightforge_simulator.egg-info/PKG-INFO
[1.498s] writing dependency_links to mrs_uav_flightforge_simulator.egg-info/dependency_links.txt
[1.505s] writing top-level names to mrs_uav_flightforge_simulator.egg-info/top_level.txt
[1.609s] reading manifest file 'mrs_uav_flightforge_simulator.egg-info/SOURCES.txt'
[1.649s] writing manifest file 'mrs_uav_flightforge_simulator.egg-info/SOURCES.txt'
[1.686s] [ 95%] Built target ament_cmake_python_build_mrs_uav_flightforge_simulator_egg
[2.551s] [ 97%] [32mBuilding CXX object CMakeFiles/MrsUavFlightforgeSimulator_FlightforgeSimulator.dir/src/flightforge_simulator.cpp.o[0m
[51.311s] In file included from [01m[K/mnt/d/ros/mrs_uav_flightforge_simulator/include/flight_forge_connector/socket_client.h:17[m[K,
[51.312s]                  from [01m[K/mnt/d/ros/mrs_uav_flightforge_simulator/include/flight_forge_connector/flight_forge_connector.h:10[m[K,
[51.313s]                  from [01m[K/mnt/d/ros/mrs_uav_flightforge_simulator/src/flightforge_simulator.cpp:40[m[K:
[51.314s] [01m[K/mnt/d/ros/mrs_uav_flightforge_simulator/include/kissnet/kissnet.hpp:403:41:[m[K [01;35m[Kwarning: [m[Kmissing initializer for member ‘[01m[Ksockaddr_storage::__ss_padding[m[K’ [[01;35m[K]8;;https://gcc.gnu.org/onlinedocs/gcc/Warning-Options.html#index-Wmissing-field-initializers-Wmissing-field-initializers]8;;[m[K]
[51.315s]   403 |             sockaddr_storage adrinf = {0[01;35m[K}[m[K;
[51.316s]       |                                         [01;35m[K^[m[K
[51.317s] [01m[K/mnt/d/ros/mrs_uav_flightforge_simulator/include/kissnet/kissnet.hpp:403:41:[m[K [01;35m[Kwarning: [m[Kmissing initializer for member ‘[01m[Ksockaddr_storage::__ss_align[m[K’ [[01;35m[K]8;;https://gcc.gnu.org/onlinedocs/gcc/Warning-Options.html#index-Wmissing-field-initializers-Wmissing-field-initializers]8;;[m[K]
[52.659s] [01m[K/mnt/d/ros/mrs_uav_flightforge_simulator/src/flightforge_simulator.cpp:[m[K In member function ‘[01m[Kvoid mrs_uav_flightforge_simulator::FlightforgeSimulator::[01;32m[KtimerInit[m[K()[m[K’:
[52.660s] [01m[K/mnt/d/ros/mrs_uav_flightforge_simulator/src/flightforge_simulator.cpp:1279:177:[m[K [01;31m[Kerror: [m[Kno match for ‘[01m[Koperator=[m[K’ (operand types are ‘[01m[Kstd::shared_ptr<mrs_lib::ThreadTimer>[m[K’ and ‘[01m[Krclcpp::WallTimer<std::_Bind<void (mrs_uav_flightforge_simulator::FlightforgeSimulator::*(mrs_uav_flightforge_simulator::FlightforgeSimulator*))()>, 0>::SharedPtr[m[K’ {aka ‘[01m[Kstd::shared_ptr<rclcpp::WallTimer<std::_Bind<void (mrs_uav_flightforge_simulator::FlightforgeSimulator::*(mrs_uav_flightforge_simulator::FlightforgeSimulator*))()>, 0> >[m[K’})
[52.661s]  1279 | te_wall_timer(std::chrono::duration<double>(1.0 / drs_params_.rgb_depth_rate), std::bind(&FlightforgeSimulator::timerDepth, this), cbgrp_sensors_[01;31m[K)[m[K;
[52.662s]       |                                                                                                                                                  [01;31m[K^[m[K
[52.662s] 
[52.663s] In file included from [01m[K/usr/include/c++/13/memory:80[m[K,
[52.664s]                  from [01m[K/opt/ros/jazzy/include/rclcpp/rclcpp/rclcpp.hpp:169[m[K,
[52.665s]                  from [01m[K/mnt/d/ros/mrs_uav_flightforge_simulator/src/flightforge_simulator.cpp:3[m[K:
[52.665s] [01m[K/usr/include/c++/13/bits/shared_ptr.h:418:9:[m[K [01;36m[Knote: [m[Kcandidate: ‘[01m[Ktemplate<class _Yp> std::shared_ptr<_Tp>::_Assignable<const std::shared_ptr<_Yp>&> std::shared_ptr<_Tp>::[01;32m[Koperator=[m[K(const std::shared_ptr<_Yp>&) [35m[K[with _Tp = mrs_lib::ThreadTimer][m[K[m[K’
[52.666s]   418 |         [01;36m[Koperator[m[K=(const shared_ptr<_Yp>& __r) noexcept
[52.667s]       |         [01;36m[K^~~~~~~~[m[K
[52.668s] [01m[K/usr/include/c++/13/bits/shared_ptr.h:418:9:[m[K [01;36m[Knote: [m[K  template argument deduction/substitution failed:
[52.668s] /usr/include/c++/13/bits/shared_ptr.h: In substitution of ‘[01m[Ktemplate<class _Tp> template<class _Arg> using std::shared_ptr<_Tp>::_Assignable = typename std::enable_if<std::is_assignable<std::__shared_ptr<_Tp>&, _Arg>::value, std::shared_ptr<_Tp>&>::type [35m[K[with _Arg = const std::shared_ptr<rclcpp::WallTimer<std::_Bind<void (mrs_uav_flightforge_simulator::FlightforgeSimulator::*(mrs_uav_flightforge_simulator::FlightforgeSimulator*))()>, 0> >&; _Tp = mrs_lib::ThreadTimer][m[K[m[K’:
[52.669s] [01m[K/usr/include/c++/13/bits/shared_ptr.h:418:2:[m[K   required by substitution of ‘[01m[Ktemplate<class _Yp> std::shared_ptr<mrs_lib::ThreadTimer>::_Assignable<const std::shared_ptr<_Tp>&> std::shared_ptr<mrs_lib::ThreadTimer>::[01;32m[Koperator=[m[K(const std::shared_ptr<_Tp>&) [35m[K[with _Yp = rclcpp::WallTimer<std::_Bind<void (mrs_uav_flightforge_simulator::FlightforgeSimulator::*(mrs_uav_flightforge_simulator::FlightforgeSimulator*))()>, 0>][m[K[m[K’
[52.670s] [01m[K/mnt/d/ros/mrs_uav_flightforge_simulator/src/flightforge_simulator.cpp:1279:177:[m[K   required from here
[52.671s] [01m[K/usr/include/c++/13/bits/shared_ptr.h:183:15:[m[K [01;31m[Kerror: [m[Kno type named ‘[01m[Ktype[m[K’ in ‘[01m[Kstruct std::enable_if<false, std::shared_ptr<mrs_lib::ThreadTimer>&>[m[K’
[52.672s]   183 |         using [01;31m[K_Assignable[m[K = typename enable_if<
[52.673s]       |               [01;31m[K^~~~~~~~~~~[m[K
[52.674s] [01m[K/usr/include/c++/13/bits/shared_ptr.h:429:9:[m[K [01;36m[Knote: [m[Kcandidate: ‘[01m[Ktemplate<class _Yp> std::shared_ptr<_Tp>::_Assignable<std::auto_ptr<_Up> > std::shared_ptr<_Tp>::[01;32m[Koperator=[m[K(std::auto_ptr<_Up>&&) [35m[K[with _Tp = mrs_lib::ThreadTimer][m[K[m[K’
[52.675s]   429 |         [01;36m[Koperator[m[K=(auto_ptr<_Yp>&& __r)
[52.675s]       |         [01;36m[K^~~~~~~~[m[K
[52.676s] [01m[K/usr/include/c++/13/bits/shared_ptr.h:429:9:[m[K [01;36m[Knote: [m[K  template argument deduction/substitution failed:
[52.677s] [01m[K/mnt/d/ros/mrs_uav_flightforge_simulator/src/flightforge_simulator.cpp:1279:177:[m[K [01;36m[Knote: [m[K  ‘[01m[Krclcpp::WallTimer<std::_Bind<void (mrs_uav_flightforge_simulator::FlightforgeSimulator::*(mrs_uav_flightforge_simulator::FlightforgeSimulator*))()>, 0>::SharedPtr[m[K’ {aka ‘[01m[Kstd::shared_ptr<rclcpp::WallTimer<std::_Bind<void (mrs_uav_flightforge_simulator::FlightforgeSimulator::*(mrs_uav_flightforge_simulator::FlightforgeSimulator*))()>, 0> >[m[K’} is not derived from ‘[01m[Kstd::auto_ptr<_Up>[m[K’
[52.678s]  1279 | te_wall_timer(std::chrono::duration<double>(1.0 / drs_params_.rgb_depth_rate), std::bind(&FlightforgeSimulator::timerDepth, this), cbgrp_sensors_[01;36m[K)[m[K;
[52.679s]       |                                                                                                                                                  [01;36m[K^[m[K
[52.680s] 
[52.681s] [01m[K/usr/include/c++/13/bits/shared_ptr.h:446:9:[m[K [01;36m[Knote: [m[Kcandidate: ‘[01m[Ktemplate<class _Yp> std::shared_ptr<_Tp>::_Assignable<std::shared_ptr<_Yp> > std::shared_ptr<_Tp>::[01;32m[Koperator=[m[K(std::shared_ptr<_Yp>&&) [35m[K[with _Tp = mrs_lib::ThreadTimer][m[K[m[K’
[52.682s]   446 |         [01;36m[Koperator[m[K=(shared_ptr<_Yp>&& __r) noexcept
[52.682s]       |         [01;36m[K^~~~~~~~[m[K
[52.683s] [01m[K/usr/include/c++/13/bits/shared_ptr.h:446:9:[m[K [01;36m[Knote: [m[K  template argument deduction/substitution failed:
[52.684s] /usr/include/c++/13/bits/shared_ptr.h: In substitution of ‘[01m[Ktemplate<class _Tp> template<class _Arg> using std::shared_ptr<_Tp>::_Assignable = typename std::enable_if<std::is_assignable<std::__shared_ptr<_Tp>&, _Arg>::value, std::shared_ptr<_Tp>&>::type [35m[K[with _Arg = std::shared_ptr<rclcpp::WallTimer<std::_Bind<void (mrs_uav_flightforge_simulator::FlightforgeSimulator::*(mrs_uav_flightforge_simulator::FlightforgeSimulator*))()>, 0> >; _Tp = mrs_lib::ThreadTimer][m[K[m[K’:
[52.685s] [01m[K/usr/include/c++/13/bits/shared_ptr.h:446:2:[m[K   required by substitution of ‘[01m[Ktemplate<class _Yp> std::shared_ptr<mrs_lib::ThreadTimer>::_Assignable<std::shared_ptr<_Tp> > std::shared_ptr<mrs_lib::ThreadTimer>::[01;32m[Koperator=[m[K(std::shared_ptr<_Tp>&&) [35m[K[with _Yp = rclcpp::WallTimer<std::_Bind<void (mrs_uav_flightforge_simulator::FlightforgeSimulator::*(mrs_uav_flightforge_simulator::FlightforgeSimulator*))()>, 0>][m[K[m[K’
[52.686s] [01m[K/mnt/d/ros/mrs_uav_flightforge_simulator/src/flightforge_simulator.cpp:1279:177:[m[K   required from here
[52.686s] [01m[K/usr/include/c++/13/bits/shared_ptr.h:183:15:[m[K [01;31m[Kerror: [m[Kno type named ‘[01m[Ktype[m[K’ in ‘[01m[Kstruct std::enable_if<false, std::shared_ptr<mrs_lib::ThreadTimer>&>[m[K’
[52.687s]   183 |         using [01;31m[K_Assignable[m[K = typename enable_if<
[52.688s]       |               [01;31m[K^~~~~~~~~~~[m[K
[52.689s] [01m[K/usr/include/c++/13/bits/shared_ptr.h:454:9:[m[K [01;36m[Knote: [m[Kcandidate: ‘[01m[Ktemplate<class _Yp, class _Del> std::shared_ptr<_Tp>::_Assignable<std::unique_ptr<_Up, _Ep> > std::shared_ptr<_Tp>::[01;32m[Koperator=[m[K(std::unique_ptr<_Up, _Ep>&&) [35m[K[with _Del = _Yp; _Tp = mrs_lib::ThreadTimer][m[K[m[K’
[52.690s]   454 |         [01;36m[Koperator[m[K=(unique_ptr<_Yp, _Del>&& __r)
[52.691s]       |         [01;36m[K^~~~~~~~[m[K
[52.691s] [01m[K/usr/include/c++/13/bits/shared_ptr.h:454:9:[m[K [01;36m[Knote: [m[K  template argument deduction/substitution failed:
[52.692s] [01m[K/mnt/d/ros/mrs_uav_flightforge_simulator/src/flightforge_simulator.cpp:1279:177:[m[K [01;36m[Knote: [m[K  ‘[01m[Krclcpp::WallTimer<std::_Bind<void (mrs_uav_flightforge_simulator::FlightforgeSimulator::*(mrs_uav_flightforge_simulator::FlightforgeSimulator*))()>, 0>::SharedPtr[m[K’ {aka ‘[01m[Kstd::shared_ptr<rclcpp::WallTimer<std::_Bind<void (mrs_uav_flightforge_simulator::FlightforgeSimulator::*(mrs_uav_flightforge_simulator::FlightforgeSimulator*))()>, 0> >[m[K’} is not derived from ‘[01m[Kstd::unique_ptr<_Tp, _Dp>[m[K’
[52.693s]  1279 | te_wall_timer(std::chrono::duration<double>(1.0 / drs_params_.rgb_depth_rate), std::bind(&FlightforgeSimulator::timerDepth, this), cbgrp_sensors_[01;36m[K)[m[K;
[52.694s]       |                                                                                                                                                  [01;36m[K^[m[K
[52.694s] 
[52.695s] [01m[K/usr/include/c++/13/bits/shared_ptr.h:414:19:[m[K [01;36m[Knote: [m[Kcandidate: ‘[01m[Kstd::shared_ptr<_Tp>& std::shared_ptr<_Tp>::[01;32m[Koperator=[m[K(const std::shared_ptr<_Tp>&) [35m[K[with _Tp = mrs_lib::ThreadTimer][m[K[m[K’
[52.696s]   414 |       shared_ptr& [01;36m[Koperator[m[K=(const shared_ptr&) noexcept = default;
[52.697s]       |                   [01;36m[K^~~~~~~~[m[K
[52.698s] [01m[K/usr/include/c++/13/bits/shared_ptr.h:414:29:[m[K [01;36m[Knote: [m[K  no known conversion for argument 1 from ‘[01m[Krclcpp::WallTimer<std::_Bind<void (mrs_uav_flightforge_simulator::FlightforgeSimulator::*(mrs_uav_flightforge_simulator::FlightforgeSimulator*))()>, 0>::SharedPtr[m[K’ {aka ‘[01m[Kstd::shared_ptr<rclcpp::WallTimer<std::_Bind<void (mrs_uav_flightforge_simulator::FlightforgeSimulator::*(mrs_uav_flightforge_simulator::FlightforgeSimulator*))()>, 0> >[m[K’} to ‘[01m[Kconst std::shared_ptr<mrs_lib::ThreadTimer>&[m[K’
[52.699s]   414 |       shared_ptr& operator=([01;36m[Kconst shared_ptr&[m[K) noexcept = default;
[52.700s]       |                             [01;36m[K^~~~~~~~~~~~~~~~~[m[K
[52.701s] [01m[K/usr/include/c++/13/bits/shared_ptr.h:438:7:[m[K [01;36m[Knote: [m[Kcandidate: ‘[01m[Kstd::shared_ptr<_Tp>& std::shared_ptr<_Tp>::[01;32m[Koperator=[m[K(std::shared_ptr<_Tp>&&) [35m[K[with _Tp = mrs_lib::ThreadTimer][m[K[m[K’
[52.701s]   438 |       [01;36m[Koperator[m[K=(shared_ptr&& __r) noexcept
[52.702s]       |       [01;36m[K^~~~~~~~[m[K
[52.703s] [01m[K/usr/include/c++/13/bits/shared_ptr.h:438:30:[m[K [01;36m[Knote: [m[K  no known conversion for argument 1 from ‘[01m[Krclcpp::WallTimer<std::_Bind<void (mrs_uav_flightforge_simulator::FlightforgeSimulator::*(mrs_uav_flightforge_simulator::FlightforgeSimulator*))()>, 0>::SharedPtr[m[K’ {aka ‘[01m[Kstd::shared_ptr<rclcpp::WallTimer<std::_Bind<void (mrs_uav_flightforge_simulator::FlightforgeSimulator::*(mrs_uav_flightforge_simulator::FlightforgeSimulator*))()>, 0> >[m[K’} to ‘[01m[Kstd::shared_ptr<mrs_lib::ThreadTimer>&&[m[K’
[52.704s]   438 |       operator=([01;36m[Kshared_ptr&& __r[m[K) noexcept
[52.705s]       |                 [01;36m[K~~~~~~~~~~~~~^~~[m[K
[80.402s] gmake[2]: *** [CMakeFiles/MrsUavFlightforgeSimulator_FlightforgeSimulator.dir/build.make:76: CMakeFiles/MrsUavFlightforgeSimulator_FlightforgeSimulator.dir/src/flightforge_simulator.cpp.o] Error 1
[80.405s] gmake[1]: *** [CMakeFiles/Makefile2:654: CMakeFiles/MrsUavFlightforgeSimulator_FlightforgeSimulator.dir/all] Error 2
[80.406s] gmake: *** [Makefile:146: all] Error 2
[80.410s] Invoked command in '/mnt/d/ros/mrs_uav_flightforge_simulator/build/mrs_uav_flightforge_simulator' returned '2': DEBUGINFOD_URLS=https://debuginfod.ubuntu.com /usr/bin/cmake --build /mnt/d/ros/mrs_uav_flightforge_simulator/build/mrs_uav_flightforge_simulator -- -j16 -l16
