[0.076s] Invoking command in '/mnt/d/ros/mrs_uav_flightforge_simulator/build/mrs_uav_flightforge_simulator': DEBUGINFOD_URLS=https://debuginfod.ubuntu.com /usr/bin/cmake --build /mnt/d/ros/mrs_uav_flightforge_simulator/build/mrs_uav_flightforge_simulator -- -j16 -l16
[0.584s] [  2%] Built target mrs_uav_flightforge_simulator__rosidl_generator_type_description
[0.660s] [  7%] Built target MrsUavFlightforgeSimulator_HwApiPlugin
[0.705s] [  9%] Built target mrs_uav_flightforge_simulator__cpp
[0.778s] [ 19%] Built target MrsUavFlightforgeSimulator_FlightforgeConnector
[0.830s] [ 30%] Built target mrs_uav_flightforge_simulator__rosidl_generator_c
[1.016s] [ 45%] Built target mrs_uav_flightforge_simulator__rosidl_typesupport_cpp
[1.018s] [ 45%] Built target mrs_uav_flightforge_simulator__rosidl_typesupport_c
[1.033s] [ 66%] Built target mrs_uav_flightforge_simulator__rosidl_typesupport_introspection_c
[1.034s] [ 66%] Built target mrs_uav_flightforge_simulator__rosidl_typesupport_introspection_cpp
[1.037s] [ 69%] Built target mrs_uav_flightforge_simulator__rosidl_typesupport_fastrtps_c
[1.045s] [ 73%] Built target mrs_uav_flightforge_simulator__rosidl_typesupport_fastrtps_cpp
[1.111s] [ 73%] Built target mrs_uav_flightforge_simulator
[1.140s] [ 73%] Built target ament_cmake_python_copy_mrs_uav_flightforge_simulator
[1.237s] [ 76%] Built target mrs_uav_flightforge_simulator__py
[1.365s] [ 80%] Built target mrs_uav_flightforge_simulator__rosidl_generator_py
[1.488s] [ 90%] Built target mrs_uav_flightforge_simulator_s__rosidl_typesupport_c
[1.491s] [ 92%] Built target mrs_uav_flightforge_simulator_s__rosidl_typesupport_fastrtps_c
[1.495s] [ 95%] Built target mrs_uav_flightforge_simulator_s__rosidl_typesupport_introspection_c
[1.511s] running egg_info
[1.537s] writing mrs_uav_flightforge_simulator.egg-info/PKG-INFO
[1.544s] writing dependency_links to mrs_uav_flightforge_simulator.egg-info/dependency_links.txt
[1.550s] writing top-level names to mrs_uav_flightforge_simulator.egg-info/top_level.txt
[1.659s] reading manifest file 'mrs_uav_flightforge_simulator.egg-info/SOURCES.txt'
[1.702s] writing manifest file 'mrs_uav_flightforge_simulator.egg-info/SOURCES.txt'
[1.741s] [ 95%] Built target ament_cmake_python_build_mrs_uav_flightforge_simulator_egg
[2.721s] [ 97%] [32mBuilding CXX object CMakeFiles/MrsUavFlightforgeSimulator_FlightforgeSimulator.dir/src/flightforge_simulator.cpp.o[0m
[62.506s] In file included from [01m[K/mnt/d/ros/mrs_uav_flightforge_simulator/include/flight_forge_connector/socket_client.h:17[m[K,
[62.507s]                  from [01m[K/mnt/d/ros/mrs_uav_flightforge_simulator/include/flight_forge_connector/flight_forge_connector.h:10[m[K,
[62.507s]                  from [01m[K/mnt/d/ros/mrs_uav_flightforge_simulator/src/flightforge_simulator.cpp:40[m[K:
[62.508s] [01m[K/mnt/d/ros/mrs_uav_flightforge_simulator/include/kissnet/kissnet.hpp:403:41:[m[K [01;35m[Kwarning: [m[Kmissing initializer for member ‘[01m[Ksockaddr_storage::__ss_padding[m[K’ [[01;35m[K]8;;https://gcc.gnu.org/onlinedocs/gcc/Warning-Options.html#index-Wmissing-field-initializers-Wmissing-field-initializers]8;;[m[K]
[62.619s]   403 |             sockaddr_storage adrinf = {0[01;35m[K}[m[K;
[62.620s]       |                                         [01;35m[K^[m[K
[62.621s] [01m[K/mnt/d/ros/mrs_uav_flightforge_simulator/include/kissnet/kissnet.hpp:403:41:[m[K [01;35m[Kwarning: [m[Kmissing initializer for member ‘[01m[Ksockaddr_storage::__ss_align[m[K’ [[01;35m[K]8;;https://gcc.gnu.org/onlinedocs/gcc/Warning-Options.html#index-Wmissing-field-initializers-Wmissing-field-initializers]8;;[m[K]
[63.914s] [01m[K/mnt/d/ros/mrs_uav_flightforge_simulator/src/flightforge_simulator.cpp:[m[K In member function ‘[01m[Kvoid mrs_uav_flightforge_simulator::FlightforgeSimulator::[01;32m[KtimerInit[m[K()[m[K’:
[63.915s] [01m[K/mnt/d/ros/mrs_uav_flightforge_simulator/src/flightforge_simulator.cpp:1279:177:[m[K [01;31m[Kerror: [m[Kno match for ‘[01m[Koperator=[m[K’ (operand types are ‘[01m[Kstd::shared_ptr<mrs_lib::ThreadTimer>[m[K’ and ‘[01m[Krclcpp::WallTimer<std::_Bind<void (mrs_uav_flightforge_simulator::FlightforgeSimulator::*(mrs_uav_flightforge_simulator::FlightforgeSimulator*))()>, 0>::SharedPtr[m[K’ {aka ‘[01m[Kstd::shared_ptr<rclcpp::WallTimer<std::_Bind<void (mrs_uav_flightforge_simulator::FlightforgeSimulator::*(mrs_uav_flightforge_simulator::FlightforgeSimulator*))()>, 0> >[m[K’})
[63.915s]  1279 | te_wall_timer(std::chrono::duration<double>(1.0 / drs_params_.rgb_depth_rate), std::bind(&FlightforgeSimulator::timerDepth, this), cbgrp_sensors_[01;31m[K)[m[K;
[63.916s]       |                                                                                                                                                  [01;31m[K^[m[K
[63.917s] 
[63.917s] In file included from [01m[K/usr/include/c++/13/memory:80[m[K,
[63.918s]                  from [01m[K/opt/ros/jazzy/include/rclcpp/rclcpp/rclcpp.hpp:169[m[K,
[63.919s]                  from [01m[K/mnt/d/ros/mrs_uav_flightforge_simulator/src/flightforge_simulator.cpp:3[m[K:
[63.919s] [01m[K/usr/include/c++/13/bits/shared_ptr.h:418:9:[m[K [01;36m[Knote: [m[Kcandidate: ‘[01m[Ktemplate<class _Yp> std::shared_ptr<_Tp>::_Assignable<const std::shared_ptr<_Yp>&> std::shared_ptr<_Tp>::[01;32m[Koperator=[m[K(const std::shared_ptr<_Yp>&) [35m[K[with _Tp = mrs_lib::ThreadTimer][m[K[m[K’
[63.920s]   418 |         [01;36m[Koperator[m[K=(const shared_ptr<_Yp>& __r) noexcept
[63.921s]       |         [01;36m[K^~~~~~~~[m[K
[63.921s] [01m[K/usr/include/c++/13/bits/shared_ptr.h:418:9:[m[K [01;36m[Knote: [m[K  template argument deduction/substitution failed:
[63.922s] /usr/include/c++/13/bits/shared_ptr.h: In substitution of ‘[01m[Ktemplate<class _Tp> template<class _Arg> using std::shared_ptr<_Tp>::_Assignable = typename std::enable_if<std::is_assignable<std::__shared_ptr<_Tp>&, _Arg>::value, std::shared_ptr<_Tp>&>::type [35m[K[with _Arg = const std::shared_ptr<rclcpp::WallTimer<std::_Bind<void (mrs_uav_flightforge_simulator::FlightforgeSimulator::*(mrs_uav_flightforge_simulator::FlightforgeSimulator*))()>, 0> >&; _Tp = mrs_lib::ThreadTimer][m[K[m[K’:
[63.923s] [01m[K/usr/include/c++/13/bits/shared_ptr.h:418:2:[m[K   required by substitution of ‘[01m[Ktemplate<class _Yp> std::shared_ptr<mrs_lib::ThreadTimer>::_Assignable<const std::shared_ptr<_Tp>&> std::shared_ptr<mrs_lib::ThreadTimer>::[01;32m[Koperator=[m[K(const std::shared_ptr<_Tp>&) [35m[K[with _Yp = rclcpp::WallTimer<std::_Bind<void (mrs_uav_flightforge_simulator::FlightforgeSimulator::*(mrs_uav_flightforge_simulator::FlightforgeSimulator*))()>, 0>][m[K[m[K’
[63.924s] [01m[K/mnt/d/ros/mrs_uav_flightforge_simulator/src/flightforge_simulator.cpp:1279:177:[m[K   required from here
[63.924s] [01m[K/usr/include/c++/13/bits/shared_ptr.h:183:15:[m[K [01;31m[Kerror: [m[Kno type named ‘[01m[Ktype[m[K’ in ‘[01m[Kstruct std::enable_if<false, std::shared_ptr<mrs_lib::ThreadTimer>&>[m[K’
[63.925s]   183 |         using [01;31m[K_Assignable[m[K = typename enable_if<
[63.925s]       |               [01;31m[K^~~~~~~~~~~[m[K
[63.926s] [01m[K/usr/include/c++/13/bits/shared_ptr.h:429:9:[m[K [01;36m[Knote: [m[Kcandidate: ‘[01m[Ktemplate<class _Yp> std::shared_ptr<_Tp>::_Assignable<std::auto_ptr<_Up> > std::shared_ptr<_Tp>::[01;32m[Koperator=[m[K(std::auto_ptr<_Up>&&) [35m[K[with _Tp = mrs_lib::ThreadTimer][m[K[m[K’
[63.927s]   429 |         [01;36m[Koperator[m[K=(auto_ptr<_Yp>&& __r)
[63.928s]       |         [01;36m[K^~~~~~~~[m[K
[63.929s] [01m[K/usr/include/c++/13/bits/shared_ptr.h:429:9:[m[K [01;36m[Knote: [m[K  template argument deduction/substitution failed:
[63.930s] [01m[K/mnt/d/ros/mrs_uav_flightforge_simulator/src/flightforge_simulator.cpp:1279:177:[m[K [01;36m[Knote: [m[K  ‘[01m[Krclcpp::WallTimer<std::_Bind<void (mrs_uav_flightforge_simulator::FlightforgeSimulator::*(mrs_uav_flightforge_simulator::FlightforgeSimulator*))()>, 0>::SharedPtr[m[K’ {aka ‘[01m[Kstd::shared_ptr<rclcpp::WallTimer<std::_Bind<void (mrs_uav_flightforge_simulator::FlightforgeSimulator::*(mrs_uav_flightforge_simulator::FlightforgeSimulator*))()>, 0> >[m[K’} is not derived from ‘[01m[Kstd::auto_ptr<_Up>[m[K’
[63.931s]  1279 | te_wall_timer(std::chrono::duration<double>(1.0 / drs_params_.rgb_depth_rate), std::bind(&FlightforgeSimulator::timerDepth, this), cbgrp_sensors_[01;36m[K)[m[K;
[63.931s]       |                                                                                                                                                  [01;36m[K^[m[K
[63.932s] 
[63.933s] [01m[K/usr/include/c++/13/bits/shared_ptr.h:446:9:[m[K [01;36m[Knote: [m[Kcandidate: ‘[01m[Ktemplate<class _Yp> std::shared_ptr<_Tp>::_Assignable<std::shared_ptr<_Yp> > std::shared_ptr<_Tp>::[01;32m[Koperator=[m[K(std::shared_ptr<_Yp>&&) [35m[K[with _Tp = mrs_lib::ThreadTimer][m[K[m[K’
[63.934s]   446 |         [01;36m[Koperator[m[K=(shared_ptr<_Yp>&& __r) noexcept
[63.934s]       |         [01;36m[K^~~~~~~~[m[K
[63.935s] [01m[K/usr/include/c++/13/bits/shared_ptr.h:446:9:[m[K [01;36m[Knote: [m[K  template argument deduction/substitution failed:
[63.936s] /usr/include/c++/13/bits/shared_ptr.h: In substitution of ‘[01m[Ktemplate<class _Tp> template<class _Arg> using std::shared_ptr<_Tp>::_Assignable = typename std::enable_if<std::is_assignable<std::__shared_ptr<_Tp>&, _Arg>::value, std::shared_ptr<_Tp>&>::type [35m[K[with _Arg = std::shared_ptr<rclcpp::WallTimer<std::_Bind<void (mrs_uav_flightforge_simulator::FlightforgeSimulator::*(mrs_uav_flightforge_simulator::FlightforgeSimulator*))()>, 0> >; _Tp = mrs_lib::ThreadTimer][m[K[m[K’:
[63.937s] [01m[K/usr/include/c++/13/bits/shared_ptr.h:446:2:[m[K   required by substitution of ‘[01m[Ktemplate<class _Yp> std::shared_ptr<mrs_lib::ThreadTimer>::_Assignable<std::shared_ptr<_Tp> > std::shared_ptr<mrs_lib::ThreadTimer>::[01;32m[Koperator=[m[K(std::shared_ptr<_Tp>&&) [35m[K[with _Yp = rclcpp::WallTimer<std::_Bind<void (mrs_uav_flightforge_simulator::FlightforgeSimulator::*(mrs_uav_flightforge_simulator::FlightforgeSimulator*))()>, 0>][m[K[m[K’
[63.938s] [01m[K/mnt/d/ros/mrs_uav_flightforge_simulator/src/flightforge_simulator.cpp:1279:177:[m[K   required from here
[63.938s] [01m[K/usr/include/c++/13/bits/shared_ptr.h:183:15:[m[K [01;31m[Kerror: [m[Kno type named ‘[01m[Ktype[m[K’ in ‘[01m[Kstruct std::enable_if<false, std::shared_ptr<mrs_lib::ThreadTimer>&>[m[K’
[63.939s]   183 |         using [01;31m[K_Assignable[m[K = typename enable_if<
[63.940s]       |               [01;31m[K^~~~~~~~~~~[m[K
[63.941s] [01m[K/usr/include/c++/13/bits/shared_ptr.h:454:9:[m[K [01;36m[Knote: [m[Kcandidate: ‘[01m[Ktemplate<class _Yp, class _Del> std::shared_ptr<_Tp>::_Assignable<std::unique_ptr<_Up, _Ep> > std::shared_ptr<_Tp>::[01;32m[Koperator=[m[K(std::unique_ptr<_Up, _Ep>&&) [35m[K[with _Del = _Yp; _Tp = mrs_lib::ThreadTimer][m[K[m[K’
[63.941s]   454 |         [01;36m[Koperator[m[K=(unique_ptr<_Yp, _Del>&& __r)
[63.942s]       |         [01;36m[K^~~~~~~~[m[K
[63.943s] [01m[K/usr/include/c++/13/bits/shared_ptr.h:454:9:[m[K [01;36m[Knote: [m[K  template argument deduction/substitution failed:
[63.943s] [01m[K/mnt/d/ros/mrs_uav_flightforge_simulator/src/flightforge_simulator.cpp:1279:177:[m[K [01;36m[Knote: [m[K  ‘[01m[Krclcpp::WallTimer<std::_Bind<void (mrs_uav_flightforge_simulator::FlightforgeSimulator::*(mrs_uav_flightforge_simulator::FlightforgeSimulator*))()>, 0>::SharedPtr[m[K’ {aka ‘[01m[Kstd::shared_ptr<rclcpp::WallTimer<std::_Bind<void (mrs_uav_flightforge_simulator::FlightforgeSimulator::*(mrs_uav_flightforge_simulator::FlightforgeSimulator*))()>, 0> >[m[K’} is not derived from ‘[01m[Kstd::unique_ptr<_Tp, _Dp>[m[K’
[63.944s]  1279 | te_wall_timer(std::chrono::duration<double>(1.0 / drs_params_.rgb_depth_rate), std::bind(&FlightforgeSimulator::timerDepth, this), cbgrp_sensors_[01;36m[K)[m[K;
[63.945s]       |                                                                                                                                                  [01;36m[K^[m[K
[63.945s] 
[63.946s] [01m[K/usr/include/c++/13/bits/shared_ptr.h:414:19:[m[K [01;36m[Knote: [m[Kcandidate: ‘[01m[Kstd::shared_ptr<_Tp>& std::shared_ptr<_Tp>::[01;32m[Koperator=[m[K(const std::shared_ptr<_Tp>&) [35m[K[with _Tp = mrs_lib::ThreadTimer][m[K[m[K’
[63.947s]   414 |       shared_ptr& [01;36m[Koperator[m[K=(const shared_ptr&) noexcept = default;
[63.948s]       |                   [01;36m[K^~~~~~~~[m[K
[63.948s] [01m[K/usr/include/c++/13/bits/shared_ptr.h:414:29:[m[K [01;36m[Knote: [m[K  no known conversion for argument 1 from ‘[01m[Krclcpp::WallTimer<std::_Bind<void (mrs_uav_flightforge_simulator::FlightforgeSimulator::*(mrs_uav_flightforge_simulator::FlightforgeSimulator*))()>, 0>::SharedPtr[m[K’ {aka ‘[01m[Kstd::shared_ptr<rclcpp::WallTimer<std::_Bind<void (mrs_uav_flightforge_simulator::FlightforgeSimulator::*(mrs_uav_flightforge_simulator::FlightforgeSimulator*))()>, 0> >[m[K’} to ‘[01m[Kconst std::shared_ptr<mrs_lib::ThreadTimer>&[m[K’
[63.949s]   414 |       shared_ptr& operator=([01;36m[Kconst shared_ptr&[m[K) noexcept = default;
[63.950s]       |                             [01;36m[K^~~~~~~~~~~~~~~~~[m[K
[63.950s] [01m[K/usr/include/c++/13/bits/shared_ptr.h:438:7:[m[K [01;36m[Knote: [m[Kcandidate: ‘[01m[Kstd::shared_ptr<_Tp>& std::shared_ptr<_Tp>::[01;32m[Koperator=[m[K(std::shared_ptr<_Tp>&&) [35m[K[with _Tp = mrs_lib::ThreadTimer][m[K[m[K’
[63.951s]   438 |       [01;36m[Koperator[m[K=(shared_ptr&& __r) noexcept
[63.952s]       |       [01;36m[K^~~~~~~~[m[K
[63.953s] [01m[K/usr/include/c++/13/bits/shared_ptr.h:438:30:[m[K [01;36m[Knote: [m[K  no known conversion for argument 1 from ‘[01m[Krclcpp::WallTimer<std::_Bind<void (mrs_uav_flightforge_simulator::FlightforgeSimulator::*(mrs_uav_flightforge_simulator::FlightforgeSimulator*))()>, 0>::SharedPtr[m[K’ {aka ‘[01m[Kstd::shared_ptr<rclcpp::WallTimer<std::_Bind<void (mrs_uav_flightforge_simulator::FlightforgeSimulator::*(mrs_uav_flightforge_simulator::FlightforgeSimulator*))()>, 0> >[m[K’} to ‘[01m[Kstd::shared_ptr<mrs_lib::ThreadTimer>&&[m[K’
[63.953s]   438 |       operator=([01;36m[Kshared_ptr&& __r[m[K) noexcept
[63.954s]       |                 [01;36m[K~~~~~~~~~~~~~^~~[m[K
[81.970s] gmake[2]: *** [CMakeFiles/MrsUavFlightforgeSimulator_FlightforgeSimulator.dir/build.make:76: CMakeFiles/MrsUavFlightforgeSimulator_FlightforgeSimulator.dir/src/flightforge_simulator.cpp.o] Error 1
[81.973s] gmake[1]: *** [CMakeFiles/Makefile2:654: CMakeFiles/MrsUavFlightforgeSimulator_FlightforgeSimulator.dir/all] Error 2
[81.974s] gmake: *** [Makefile:146: all] Error 2
[81.977s] Invoked command in '/mnt/d/ros/mrs_uav_flightforge_simulator/build/mrs_uav_flightforge_simulator' returned '2': DEBUGINFOD_URLS=https://debuginfod.ubuntu.com /usr/bin/cmake --build /mnt/d/ros/mrs_uav_flightforge_simulator/build/mrs_uav_flightforge_simulator -- -j16 -l16
