[0.247s] DEBUG:colcon:Command line arguments: ['/usr/bin/colcon', 'build']
[0.247s] DEBUG:colcon:Parsed command line arguments: Namespace(log_base=None, log_level=None, verb_name='build', build_base='build', install_base='install', merge_install=False, symlink_install=False, test_result_base=None, continue_on_error=False, executor='parallel', parallel_workers=16, event_handlers=None, ignore_user_meta=False, metas=['./colcon.meta'], base_paths=['.'], packages_ignore=None, packages_ignore_regex=None, paths=None, packages_up_to=None, packages_up_to_regex=None, packages_above=None, packages_above_and_dependencies=None, packages_above_depth=None, packages_select_by_dep=None, packages_skip_by_dep=None, packages_skip_up_to=None, packages_select_build_failed=False, packages_skip_build_finished=False, packages_select_test_failures=False, packages_skip_test_passed=False, packages_select=None, packages_skip=None, packages_select_regex=None, packages_skip_regex=None, packages_start=None, packages_end=None, allow_overriding=[], cmake_args=None, cmake_target=None, cmake_target_skip_unavailable=False, cmake_clean_cache=False, cmake_clean_first=False, cmake_force_configure=False, ament_cmake_args=None, catkin_cmake_args=None, catkin_skip_building_tests=False, mixin_files=None, mixin=None, verb_parser=<colcon_mixin.mixin.mixin_argument.MixinArgumentDecorator object at 0x7f1a95749d00>, verb_extension=<colcon_core.verb.build.BuildVerb object at 0x7f1a958b2240>, main=<bound method BuildVerb.main of <colcon_core.verb.build.BuildVerb object at 0x7f1a958b2240>>, mixin_verb=('build',))
[0.307s] Level 1:colcon.colcon_core.package_discovery:discover_packages(colcon_meta) check parameters
[0.307s] Level 1:colcon.colcon_core.package_discovery:discover_packages(recursive) check parameters
[0.307s] Level 1:colcon.colcon_core.package_discovery:discover_packages(ignore) check parameters
[0.308s] Level 1:colcon.colcon_core.package_discovery:discover_packages(path) check parameters
[0.308s] Level 1:colcon.colcon_core.package_discovery:discover_packages(colcon_meta) discover
[0.308s] Level 1:colcon.colcon_core.package_discovery:discover_packages(recursive) discover
[0.308s] INFO:colcon.colcon_core.package_discovery:Crawling recursively for packages in '/mnt/d/ros/mrs_uav_flightforge_simulator'
[0.310s] Level 1:colcon.colcon_core.package_identification:_identify(.) by extensions ['ignore', 'ignore_ament_install']
[0.310s] Level 1:colcon.colcon_core.package_identification:_identify(.) by extension 'ignore'
[0.310s] Level 1:colcon.colcon_core.package_identification:_identify(.) by extension 'ignore_ament_install'
[0.311s] Level 1:colcon.colcon_core.package_identification:_identify(.) by extensions ['colcon_pkg']
[0.311s] Level 1:colcon.colcon_core.package_identification:_identify(.) by extension 'colcon_pkg'
[0.311s] Level 1:colcon.colcon_core.package_identification:_identify(.) by extensions ['colcon_meta']
[0.312s] Level 1:colcon.colcon_core.package_identification:_identify(.) by extension 'colcon_meta'
[0.312s] Level 1:colcon.colcon_core.package_identification:_identify(.) by extensions ['ros']
[0.312s] Level 1:colcon.colcon_core.package_identification:_identify(.) by extension 'ros'
[0.350s] DEBUG:colcon.colcon_core.package_identification:Package '.' with type 'ros.ament_cmake' and name 'mrs_uav_flightforge_simulator'
[0.351s] Level 1:colcon.colcon_core.package_discovery:discover_packages(recursive) using defaults
[0.351s] Level 1:colcon.colcon_core.package_discovery:discover_packages(ignore) discover
[0.351s] Level 1:colcon.colcon_core.package_discovery:discover_packages(ignore) using defaults
[0.351s] Level 1:colcon.colcon_core.package_discovery:discover_packages(path) discover
[0.351s] Level 1:colcon.colcon_core.package_discovery:discover_packages(path) using defaults
[0.373s] Level 1:colcon.colcon_core.package_discovery:discover_packages(prefix_path) check parameters
[0.374s] Level 1:colcon.colcon_core.package_discovery:discover_packages(prefix_path) discover
[0.378s] DEBUG:colcon.colcon_installed_package_information.package_discovery:Found 414 installed packages in /opt/ros/jazzy
[0.380s] Level 1:colcon.colcon_core.package_discovery:discover_packages(prefix_path) using defaults
[0.445s] Level 5:colcon.colcon_core.verb:set package 'mrs_uav_flightforge_simulator' build argument 'cmake_args' from command line to 'None'
[0.445s] Level 5:colcon.colcon_core.verb:set package 'mrs_uav_flightforge_simulator' build argument 'cmake_target' from command line to 'None'
[0.445s] Level 5:colcon.colcon_core.verb:set package 'mrs_uav_flightforge_simulator' build argument 'cmake_target_skip_unavailable' from command line to 'False'
[0.446s] Level 5:colcon.colcon_core.verb:set package 'mrs_uav_flightforge_simulator' build argument 'cmake_clean_cache' from command line to 'False'
[0.446s] Level 5:colcon.colcon_core.verb:set package 'mrs_uav_flightforge_simulator' build argument 'cmake_clean_first' from command line to 'False'
[0.446s] Level 5:colcon.colcon_core.verb:set package 'mrs_uav_flightforge_simulator' build argument 'cmake_force_configure' from command line to 'False'
[0.446s] Level 5:colcon.colcon_core.verb:set package 'mrs_uav_flightforge_simulator' build argument 'ament_cmake_args' from command line to 'None'
[0.446s] Level 5:colcon.colcon_core.verb:set package 'mrs_uav_flightforge_simulator' build argument 'catkin_cmake_args' from command line to 'None'
[0.447s] Level 5:colcon.colcon_core.verb:set package 'mrs_uav_flightforge_simulator' build argument 'catkin_skip_building_tests' from command line to 'False'
[0.447s] DEBUG:colcon.colcon_core.verb:Building package 'mrs_uav_flightforge_simulator' with the following arguments: {'ament_cmake_args': None, 'build_base': '/mnt/d/ros/mrs_uav_flightforge_simulator/build/mrs_uav_flightforge_simulator', 'catkin_cmake_args': None, 'catkin_skip_building_tests': False, 'cmake_args': None, 'cmake_clean_cache': False, 'cmake_clean_first': False, 'cmake_force_configure': False, 'cmake_target': None, 'cmake_target_skip_unavailable': False, 'install_base': '/mnt/d/ros/mrs_uav_flightforge_simulator/install/mrs_uav_flightforge_simulator', 'merge_install': False, 'path': '/mnt/d/ros/mrs_uav_flightforge_simulator', 'symlink_install': False, 'test_result_base': None}
[0.447s] INFO:colcon.colcon_core.executor:Executing jobs using 'parallel' executor
[0.448s] DEBUG:colcon.colcon_parallel_executor.executor.parallel:run_until_complete
[0.448s] INFO:colcon.colcon_ros.task.ament_cmake.build:Building ROS package in '/mnt/d/ros/mrs_uav_flightforge_simulator' with build type 'ament_cmake'
[0.449s] INFO:colcon.colcon_cmake.task.cmake.build:Building CMake package in '/mnt/d/ros/mrs_uav_flightforge_simulator'
[0.452s] INFO:colcon.colcon_core.plugin_system:Skipping extension 'colcon_core.shell.bat': Not used on non-Windows systems
[0.452s] INFO:colcon.colcon_core.shell:Skip shell extension 'powershell' for command environment: Not usable outside of PowerShell
[0.452s] DEBUG:colcon.colcon_core.shell:Skip shell extension 'dsv' for command environment
[0.513s] DEBUG:colcon.colcon_core.event_handler.log_command:Invoking command in '/mnt/d/ros/mrs_uav_flightforge_simulator/build/mrs_uav_flightforge_simulator': DEBUGINFOD_URLS=https://debuginfod.ubuntu.com /usr/bin/cmake --build /mnt/d/ros/mrs_uav_flightforge_simulator/build/mrs_uav_flightforge_simulator -- -j16 -l16
[67.438s] DEBUG:colcon.colcon_core.event_handler.log_command:Invoked command in '/mnt/d/ros/mrs_uav_flightforge_simulator/build/mrs_uav_flightforge_simulator' returned '2': DEBUGINFOD_URLS=https://debuginfod.ubuntu.com /usr/bin/cmake --build /mnt/d/ros/mrs_uav_flightforge_simulator/build/mrs_uav_flightforge_simulator -- -j16 -l16
[67.456s] Level 1:colcon.colcon_core.environment:create_environment_scripts_only(mrs_uav_flightforge_simulator)
[67.460s] Level 1:colcon.colcon_core.environment:checking '/mnt/d/ros/mrs_uav_flightforge_simulator/install/mrs_uav_flightforge_simulator' for CMake module files
[67.731s] Level 1:colcon.colcon_core.environment:checking '/mnt/d/ros/mrs_uav_flightforge_simulator/install/mrs_uav_flightforge_simulator' for CMake config files
[67.928s] Level 1:colcon.colcon_core.shell:create_environment_hook('mrs_uav_flightforge_simulator', 'cmake_prefix_path')
[67.928s] INFO:colcon.colcon_core.shell:Creating environment hook '/mnt/d/ros/mrs_uav_flightforge_simulator/install/mrs_uav_flightforge_simulator/share/mrs_uav_flightforge_simulator/hook/cmake_prefix_path.ps1'
[67.944s] INFO:colcon.colcon_core.shell:Creating environment descriptor '/mnt/d/ros/mrs_uav_flightforge_simulator/install/mrs_uav_flightforge_simulator/share/mrs_uav_flightforge_simulator/hook/cmake_prefix_path.dsv'
[67.960s] INFO:colcon.colcon_core.shell:Creating environment hook '/mnt/d/ros/mrs_uav_flightforge_simulator/install/mrs_uav_flightforge_simulator/share/mrs_uav_flightforge_simulator/hook/cmake_prefix_path.sh'
[67.978s] Level 1:colcon.colcon_core.environment:checking '/mnt/d/ros/mrs_uav_flightforge_simulator/install/mrs_uav_flightforge_simulator/lib'
[67.983s] Level 1:colcon.colcon_core.shell:create_environment_hook('mrs_uav_flightforge_simulator', 'ld_library_path_lib')
[67.983s] INFO:colcon.colcon_core.shell:Creating environment hook '/mnt/d/ros/mrs_uav_flightforge_simulator/install/mrs_uav_flightforge_simulator/share/mrs_uav_flightforge_simulator/hook/ld_library_path_lib.ps1'
[67.998s] INFO:colcon.colcon_core.shell:Creating environment descriptor '/mnt/d/ros/mrs_uav_flightforge_simulator/install/mrs_uav_flightforge_simulator/share/mrs_uav_flightforge_simulator/hook/ld_library_path_lib.dsv'
[68.013s] INFO:colcon.colcon_core.shell:Creating environment hook '/mnt/d/ros/mrs_uav_flightforge_simulator/install/mrs_uav_flightforge_simulator/share/mrs_uav_flightforge_simulator/hook/ld_library_path_lib.sh'
[68.027s] Level 1:colcon.colcon_core.environment:checking '/mnt/d/ros/mrs_uav_flightforge_simulator/install/mrs_uav_flightforge_simulator/bin'
[68.029s] Level 1:colcon.colcon_core.environment:checking '/mnt/d/ros/mrs_uav_flightforge_simulator/install/mrs_uav_flightforge_simulator/lib/pkgconfig/mrs_uav_flightforge_simulator.pc'
[68.031s] Level 1:colcon.colcon_core.environment:checking '/mnt/d/ros/mrs_uav_flightforge_simulator/install/mrs_uav_flightforge_simulator/lib/python3.12/site-packages'
[68.034s] Level 1:colcon.colcon_core.shell:create_environment_hook('mrs_uav_flightforge_simulator', 'pythonpath')
[68.034s] INFO:colcon.colcon_core.shell:Creating environment hook '/mnt/d/ros/mrs_uav_flightforge_simulator/install/mrs_uav_flightforge_simulator/share/mrs_uav_flightforge_simulator/hook/pythonpath.ps1'
[68.049s] INFO:colcon.colcon_core.shell:Creating environment descriptor '/mnt/d/ros/mrs_uav_flightforge_simulator/install/mrs_uav_flightforge_simulator/share/mrs_uav_flightforge_simulator/hook/pythonpath.dsv'
[68.064s] INFO:colcon.colcon_core.shell:Creating environment hook '/mnt/d/ros/mrs_uav_flightforge_simulator/install/mrs_uav_flightforge_simulator/share/mrs_uav_flightforge_simulator/hook/pythonpath.sh'
[68.081s] Level 1:colcon.colcon_core.environment:checking '/mnt/d/ros/mrs_uav_flightforge_simulator/install/mrs_uav_flightforge_simulator/bin'
[68.083s] INFO:colcon.colcon_core.shell:Creating package script '/mnt/d/ros/mrs_uav_flightforge_simulator/install/mrs_uav_flightforge_simulator/share/mrs_uav_flightforge_simulator/package.ps1'
[68.098s] INFO:colcon.colcon_core.shell:Creating package descriptor '/mnt/d/ros/mrs_uav_flightforge_simulator/install/mrs_uav_flightforge_simulator/share/mrs_uav_flightforge_simulator/package.dsv'
[68.112s] INFO:colcon.colcon_core.shell:Creating package script '/mnt/d/ros/mrs_uav_flightforge_simulator/install/mrs_uav_flightforge_simulator/share/mrs_uav_flightforge_simulator/package.sh'
[68.125s] INFO:colcon.colcon_core.shell:Creating package script '/mnt/d/ros/mrs_uav_flightforge_simulator/install/mrs_uav_flightforge_simulator/share/mrs_uav_flightforge_simulator/package.bash'
[68.138s] INFO:colcon.colcon_core.shell:Creating package script '/mnt/d/ros/mrs_uav_flightforge_simulator/install/mrs_uav_flightforge_simulator/share/mrs_uav_flightforge_simulator/package.zsh'
[68.150s] Level 1:colcon.colcon_core.environment:create_file_with_runtime_dependencies(/mnt/d/ros/mrs_uav_flightforge_simulator/install/mrs_uav_flightforge_simulator/share/colcon-core/packages/mrs_uav_flightforge_simulator)
[68.171s] DEBUG:colcon.colcon_parallel_executor.executor.parallel:closing loop
[68.172s] DEBUG:colcon.colcon_parallel_executor.executor.parallel:loop closed
[68.173s] DEBUG:colcon.colcon_parallel_executor.executor.parallel:run_until_complete finished with '2'
[68.173s] DEBUG:colcon.colcon_core.event_reactor:joining thread
[68.215s] INFO:colcon.colcon_core.plugin_system:Skipping extension 'colcon_notification.desktop_notification.notify_send': Could not find 'notify-send'
[68.215s] INFO:colcon.colcon_core.plugin_system:Skipping extension 'colcon_notification.desktop_notification.terminal_notifier': Not used on non-Darwin systems
[68.216s] INFO:colcon.colcon_core.plugin_system:Skipping extension 'colcon_notification.desktop_notification.win32': Not used on non-Windows systems
[68.216s] INFO:colcon.colcon_notification.desktop_notification:Sending desktop notification using 'notify2'
[68.225s] DEBUG:colcon.colcon_notification.desktop_notification.notify2:Failed to initialize notify2: org.freedesktop.DBus.Error.ServiceUnknown: The name org.freedesktop.Notifications was not provided by any .service files
[68.226s] DEBUG:colcon.colcon_core.event_reactor:joined thread
[68.226s] INFO:colcon.colcon_core.shell:Creating prefix script '/mnt/d/ros/mrs_uav_flightforge_simulator/install/local_setup.ps1'
[68.232s] INFO:colcon.colcon_core.shell:Creating prefix util module '/mnt/d/ros/mrs_uav_flightforge_simulator/install/_local_setup_util_ps1.py'
[68.239s] INFO:colcon.colcon_core.shell:Creating prefix chain script '/mnt/d/ros/mrs_uav_flightforge_simulator/install/setup.ps1'
[68.245s] INFO:colcon.colcon_core.shell:Creating prefix script '/mnt/d/ros/mrs_uav_flightforge_simulator/install/local_setup.sh'
[68.250s] INFO:colcon.colcon_core.shell:Creating prefix util module '/mnt/d/ros/mrs_uav_flightforge_simulator/install/_local_setup_util_sh.py'
[68.256s] INFO:colcon.colcon_core.shell:Creating prefix chain script '/mnt/d/ros/mrs_uav_flightforge_simulator/install/setup.sh'
[68.262s] INFO:colcon.colcon_core.shell:Creating prefix script '/mnt/d/ros/mrs_uav_flightforge_simulator/install/local_setup.bash'
[68.267s] INFO:colcon.colcon_core.shell:Creating prefix chain script '/mnt/d/ros/mrs_uav_flightforge_simulator/install/setup.bash'
[68.273s] INFO:colcon.colcon_core.shell:Creating prefix script '/mnt/d/ros/mrs_uav_flightforge_simulator/install/local_setup.zsh'
[68.278s] INFO:colcon.colcon_core.shell:Creating prefix chain script '/mnt/d/ros/mrs_uav_flightforge_simulator/install/setup.zsh'
