[0.059s] Invoking command in '/mnt/d/ros/mrs_uav_flightforge_simulator/build/mrs_uav_flightforge_simulator': DEBUGINFOD_URLS=https://debuginfod.ubuntu.com /usr/bin/cmake --build /mnt/d/ros/mrs_uav_flightforge_simulator/build/mrs_uav_flightforge_simulator -- -j16 -l16
[0.307s] [  2%] Built target mrs_uav_flightforge_simulator__rosidl_generator_type_description
[0.367s] [  7%] Built target MrsUavFlightforgeSimulator_HwApiPlugin
[0.425s] [  9%] Built target mrs_uav_flightforge_simulator__cpp
[0.485s] [ 19%] Built target MrsUavFlightforgeSimulator_FlightforgeConnector
[0.540s] [ 30%] Built target mrs_uav_flightforge_simulator__rosidl_generator_c
[0.691s] [ 42%] Built target mrs_uav_flightforge_simulator__rosidl_typesupport_c
[0.696s] [ 45%] Built target mrs_uav_flightforge_simulator__rosidl_typesupport_cpp
[0.718s] [ 61%] Built target mrs_uav_flightforge_simulator__rosidl_typesupport_fastrtps_c
[0.719s] [ 61%] Built target mrs_uav_flightforge_simulator__rosidl_typesupport_introspection_c
[0.725s] [ 71%] Built target mrs_uav_flightforge_simulator__rosidl_typesupport_fastrtps_cpp
[0.729s] [ 73%] Built target mrs_uav_flightforge_simulator__rosidl_typesupport_introspection_cpp
[0.787s] [ 73%] Built target mrs_uav_flightforge_simulator
[0.811s] [ 73%] Built target ament_cmake_python_copy_mrs_uav_flightforge_simulator
[0.898s] [ 76%] Built target mrs_uav_flightforge_simulator__py
[1.015s] [ 80%] Built target mrs_uav_flightforge_simulator__rosidl_generator_py
[1.129s] [ 90%] Built target mrs_uav_flightforge_simulator_s__rosidl_typesupport_c
[1.130s] [ 90%] Built target mrs_uav_flightforge_simulator_s__rosidl_typesupport_introspection_c
[1.136s] running egg_info
[1.145s] [ 95%] Built target mrs_uav_flightforge_simulator_s__rosidl_typesupport_fastrtps_c
[1.161s] writing mrs_uav_flightforge_simulator.egg-info/PKG-INFO
[1.166s] writing dependency_links to mrs_uav_flightforge_simulator.egg-info/dependency_links.txt
[1.172s] writing top-level names to mrs_uav_flightforge_simulator.egg-info/top_level.txt
[1.269s] reading manifest file 'mrs_uav_flightforge_simulator.egg-info/SOURCES.txt'
[1.310s] writing manifest file 'mrs_uav_flightforge_simulator.egg-info/SOURCES.txt'
[1.345s] [ 95%] Built target ament_cmake_python_build_mrs_uav_flightforge_simulator_egg
[2.221s] [ 97%] [32mBuilding CXX object CMakeFiles/MrsUavFlightforgeSimulator_FlightforgeSimulator.dir/src/flightforge_simulator.cpp.o[0m
[48.032s] In file included from [01m[K/mnt/d/ros/mrs_uav_flightforge_simulator/include/flight_forge_connector/socket_client.h:17[m[K,
[48.032s]                  from [01m[K/mnt/d/ros/mrs_uav_flightforge_simulator/include/flight_forge_connector/flight_forge_connector.h:10[m[K,
[48.033s]                  from [01m[K/mnt/d/ros/mrs_uav_flightforge_simulator/src/flightforge_simulator.cpp:40[m[K:
[48.034s] [01m[K/mnt/d/ros/mrs_uav_flightforge_simulator/include/kissnet/kissnet.hpp:403:41:[m[K [01;35m[Kwarning: [m[Kmissing initializer for member ‘[01m[Ksockaddr_storage::__ss_padding[m[K’ [[01;35m[K]8;;https://gcc.gnu.org/onlinedocs/gcc/Warning-Options.html#index-Wmissing-field-initializers-Wmissing-field-initializers]8;;[m[K]
[48.035s]   403 |             sockaddr_storage adrinf = {0[01;35m[K}[m[K;
[48.036s]       |                                         [01;35m[K^[m[K
[48.036s] [01m[K/mnt/d/ros/mrs_uav_flightforge_simulator/include/kissnet/kissnet.hpp:403:41:[m[K [01;35m[Kwarning: [m[Kmissing initializer for member ‘[01m[Ksockaddr_storage::__ss_align[m[K’ [[01;35m[K]8;;https://gcc.gnu.org/onlinedocs/gcc/Warning-Options.html#index-Wmissing-field-initializers-Wmissing-field-initializers]8;;[m[K]
[87.636s] [100%] [32m[1mLinking CXX shared library libMrsUavFlightforgeSimulator_FlightforgeSimulator.so[0m
[96.856s] [100%] Built target MrsUavFlightforgeSimulator_FlightforgeSimulator
[97.048s] Invoked command in '/mnt/d/ros/mrs_uav_flightforge_simulator/build/mrs_uav_flightforge_simulator' returned '0': DEBUGINFOD_URLS=https://debuginfod.ubuntu.com /usr/bin/cmake --build /mnt/d/ros/mrs_uav_flightforge_simulator/build/mrs_uav_flightforge_simulator -- -j16 -l16
[97.085s] Invoking command in '/mnt/d/ros/mrs_uav_flightforge_simulator/build/mrs_uav_flightforge_simulator': DEBUGINFOD_URLS=https://debuginfod.ubuntu.com /usr/bin/cmake --install /mnt/d/ros/mrs_uav_flightforge_simulator/build/mrs_uav_flightforge_simulator
[97.104s] -- Install configuration: ""
[97.131s] -- Up-to-date: /mnt/d/ros/mrs_uav_flightforge_simulator/install/mrs_uav_flightforge_simulator/share/ament_index/resource_index/rosidl_interfaces/mrs_uav_flightforge_simulator
[97.156s] -- Up-to-date: /mnt/d/ros/mrs_uav_flightforge_simulator/install/mrs_uav_flightforge_simulator/share/mrs_uav_flightforge_simulator/srv/SetOrientation.json
[97.170s] -- Up-to-date: /mnt/d/ros/mrs_uav_flightforge_simulator/install/mrs_uav_flightforge_simulator/include/mrs_uav_flightforge_simulator/mrs_uav_flightforge_simulator
[97.194s] -- Up-to-date: /mnt/d/ros/mrs_uav_flightforge_simulator/install/mrs_uav_flightforge_simulator/include/mrs_uav_flightforge_simulator/mrs_uav_flightforge_simulator/msg
[97.220s] -- Up-to-date: /mnt/d/ros/mrs_uav_flightforge_simulator/install/mrs_uav_flightforge_simulator/include/mrs_uav_flightforge_simulator/mrs_uav_flightforge_simulator/msg/rosidl_generator_c__visibility_control.h
[97.237s] -- Up-to-date: /mnt/d/ros/mrs_uav_flightforge_simulator/install/mrs_uav_flightforge_simulator/include/mrs_uav_flightforge_simulator/mrs_uav_flightforge_simulator/srv
[97.263s] -- Up-to-date: /mnt/d/ros/mrs_uav_flightforge_simulator/install/mrs_uav_flightforge_simulator/include/mrs_uav_flightforge_simulator/mrs_uav_flightforge_simulator/srv/detail
[97.296s] -- Up-to-date: /mnt/d/ros/mrs_uav_flightforge_simulator/install/mrs_uav_flightforge_simulator/include/mrs_uav_flightforge_simulator/mrs_uav_flightforge_simulator/srv/detail/set_orientation__description.c
[97.320s] -- Up-to-date: /mnt/d/ros/mrs_uav_flightforge_simulator/install/mrs_uav_flightforge_simulator/include/mrs_uav_flightforge_simulator/mrs_uav_flightforge_simulator/srv/detail/set_orientation__functions.c
[97.347s] -- Up-to-date: /mnt/d/ros/mrs_uav_flightforge_simulator/install/mrs_uav_flightforge_simulator/include/mrs_uav_flightforge_simulator/mrs_uav_flightforge_simulator/srv/detail/set_orientation__functions.h
[97.372s] -- Up-to-date: /mnt/d/ros/mrs_uav_flightforge_simulator/install/mrs_uav_flightforge_simulator/include/mrs_uav_flightforge_simulator/mrs_uav_flightforge_simulator/srv/detail/set_orientation__struct.h
[97.399s] -- Installing: /mnt/d/ros/mrs_uav_flightforge_simulator/install/mrs_uav_flightforge_simulator/include/mrs_uav_flightforge_simulator/mrs_uav_flightforge_simulator/srv/detail/set_orientation__type_support.c
[97.496s] -- Up-to-date: /mnt/d/ros/mrs_uav_flightforge_simulator/install/mrs_uav_flightforge_simulator/include/mrs_uav_flightforge_simulator/mrs_uav_flightforge_simulator/srv/detail/set_orientation__type_support.h
[97.520s] -- Up-to-date: /mnt/d/ros/mrs_uav_flightforge_simulator/install/mrs_uav_flightforge_simulator/include/mrs_uav_flightforge_simulator/mrs_uav_flightforge_simulator/srv/set_orientation.h
[97.534s] -- Up-to-date: /mnt/d/ros/mrs_uav_flightforge_simulator/install/mrs_uav_flightforge_simulator/share/mrs_uav_flightforge_simulator/environment/library_path.sh
[97.554s] -- Up-to-date: /mnt/d/ros/mrs_uav_flightforge_simulator/install/mrs_uav_flightforge_simulator/share/mrs_uav_flightforge_simulator/environment/library_path.dsv
[97.583s] -- Up-to-date: /mnt/d/ros/mrs_uav_flightforge_simulator/install/mrs_uav_flightforge_simulator/lib/libmrs_uav_flightforge_simulator__rosidl_generator_c.so
[97.612s] -- Up-to-date: /mnt/d/ros/mrs_uav_flightforge_simulator/install/mrs_uav_flightforge_simulator/include/mrs_uav_flightforge_simulator/mrs_uav_flightforge_simulator
[97.633s] -- Up-to-date: /mnt/d/ros/mrs_uav_flightforge_simulator/install/mrs_uav_flightforge_simulator/include/mrs_uav_flightforge_simulator/mrs_uav_flightforge_simulator/msg
[97.661s] -- Up-to-date: /mnt/d/ros/mrs_uav_flightforge_simulator/install/mrs_uav_flightforge_simulator/include/mrs_uav_flightforge_simulator/mrs_uav_flightforge_simulator/msg/rosidl_typesupport_fastrtps_c__visibility_control.h
[97.677s] -- Up-to-date: /mnt/d/ros/mrs_uav_flightforge_simulator/install/mrs_uav_flightforge_simulator/include/mrs_uav_flightforge_simulator/mrs_uav_flightforge_simulator/srv
[97.705s] -- Up-to-date: /mnt/d/ros/mrs_uav_flightforge_simulator/install/mrs_uav_flightforge_simulator/include/mrs_uav_flightforge_simulator/mrs_uav_flightforge_simulator/srv/detail
[97.743s] -- Up-to-date: /mnt/d/ros/mrs_uav_flightforge_simulator/install/mrs_uav_flightforge_simulator/include/mrs_uav_flightforge_simulator/mrs_uav_flightforge_simulator/srv/detail/set_orientation__rosidl_typesupport_fastrtps_c.h
[97.774s] -- Up-to-date: /mnt/d/ros/mrs_uav_flightforge_simulator/install/mrs_uav_flightforge_simulator/lib/libmrs_uav_flightforge_simulator__rosidl_typesupport_fastrtps_c.so
[97.805s] -- Up-to-date: /mnt/d/ros/mrs_uav_flightforge_simulator/install/mrs_uav_flightforge_simulator/include/mrs_uav_flightforge_simulator/mrs_uav_flightforge_simulator
[97.826s] -- Up-to-date: /mnt/d/ros/mrs_uav_flightforge_simulator/install/mrs_uav_flightforge_simulator/include/mrs_uav_flightforge_simulator/mrs_uav_flightforge_simulator/msg
[97.854s] -- Up-to-date: /mnt/d/ros/mrs_uav_flightforge_simulator/install/mrs_uav_flightforge_simulator/include/mrs_uav_flightforge_simulator/mrs_uav_flightforge_simulator/msg/rosidl_generator_cpp__visibility_control.hpp
[97.871s] -- Up-to-date: /mnt/d/ros/mrs_uav_flightforge_simulator/install/mrs_uav_flightforge_simulator/include/mrs_uav_flightforge_simulator/mrs_uav_flightforge_simulator/srv
[97.897s] -- Up-to-date: /mnt/d/ros/mrs_uav_flightforge_simulator/install/mrs_uav_flightforge_simulator/include/mrs_uav_flightforge_simulator/mrs_uav_flightforge_simulator/srv/detail
[97.930s] -- Up-to-date: /mnt/d/ros/mrs_uav_flightforge_simulator/install/mrs_uav_flightforge_simulator/include/mrs_uav_flightforge_simulator/mrs_uav_flightforge_simulator/srv/detail/set_orientation__builder.hpp
[97.958s] -- Up-to-date: /mnt/d/ros/mrs_uav_flightforge_simulator/install/mrs_uav_flightforge_simulator/include/mrs_uav_flightforge_simulator/mrs_uav_flightforge_simulator/srv/detail/set_orientation__struct.hpp
[97.983s] -- Up-to-date: /mnt/d/ros/mrs_uav_flightforge_simulator/install/mrs_uav_flightforge_simulator/include/mrs_uav_flightforge_simulator/mrs_uav_flightforge_simulator/srv/detail/set_orientation__traits.hpp
[98.008s] -- Up-to-date: /mnt/d/ros/mrs_uav_flightforge_simulator/install/mrs_uav_flightforge_simulator/include/mrs_uav_flightforge_simulator/mrs_uav_flightforge_simulator/srv/detail/set_orientation__type_support.hpp
[98.032s] -- Up-to-date: /mnt/d/ros/mrs_uav_flightforge_simulator/install/mrs_uav_flightforge_simulator/include/mrs_uav_flightforge_simulator/mrs_uav_flightforge_simulator/srv/set_orientation.hpp
[98.046s] -- Up-to-date: /mnt/d/ros/mrs_uav_flightforge_simulator/install/mrs_uav_flightforge_simulator/include/mrs_uav_flightforge_simulator/mrs_uav_flightforge_simulator
[98.067s] -- Up-to-date: /mnt/d/ros/mrs_uav_flightforge_simulator/install/mrs_uav_flightforge_simulator/include/mrs_uav_flightforge_simulator/mrs_uav_flightforge_simulator/msg
[98.094s] -- Up-to-date: /mnt/d/ros/mrs_uav_flightforge_simulator/install/mrs_uav_flightforge_simulator/include/mrs_uav_flightforge_simulator/mrs_uav_flightforge_simulator/msg/rosidl_typesupport_fastrtps_cpp__visibility_control.h
[98.110s] -- Up-to-date: /mnt/d/ros/mrs_uav_flightforge_simulator/install/mrs_uav_flightforge_simulator/include/mrs_uav_flightforge_simulator/mrs_uav_flightforge_simulator/srv
[98.136s] -- Up-to-date: /mnt/d/ros/mrs_uav_flightforge_simulator/install/mrs_uav_flightforge_simulator/include/mrs_uav_flightforge_simulator/mrs_uav_flightforge_simulator/srv/detail
[98.169s] -- Up-to-date: /mnt/d/ros/mrs_uav_flightforge_simulator/install/mrs_uav_flightforge_simulator/include/mrs_uav_flightforge_simulator/mrs_uav_flightforge_simulator/srv/detail/dds_fastrtps
[98.209s] -- Up-to-date: /mnt/d/ros/mrs_uav_flightforge_simulator/install/mrs_uav_flightforge_simulator/include/mrs_uav_flightforge_simulator/mrs_uav_flightforge_simulator/srv/detail/set_orientation__rosidl_typesupport_fastrtps_cpp.hpp
[98.237s] -- Up-to-date: /mnt/d/ros/mrs_uav_flightforge_simulator/install/mrs_uav_flightforge_simulator/lib/libmrs_uav_flightforge_simulator__rosidl_typesupport_fastrtps_cpp.so
[98.266s] -- Up-to-date: /mnt/d/ros/mrs_uav_flightforge_simulator/install/mrs_uav_flightforge_simulator/include/mrs_uav_flightforge_simulator/mrs_uav_flightforge_simulator
[98.287s] -- Up-to-date: /mnt/d/ros/mrs_uav_flightforge_simulator/install/mrs_uav_flightforge_simulator/include/mrs_uav_flightforge_simulator/mrs_uav_flightforge_simulator/msg
[98.313s] -- Up-to-date: /mnt/d/ros/mrs_uav_flightforge_simulator/install/mrs_uav_flightforge_simulator/include/mrs_uav_flightforge_simulator/mrs_uav_flightforge_simulator/msg/rosidl_typesupport_introspection_c__visibility_control.h
[98.330s] -- Up-to-date: /mnt/d/ros/mrs_uav_flightforge_simulator/install/mrs_uav_flightforge_simulator/include/mrs_uav_flightforge_simulator/mrs_uav_flightforge_simulator/srv
[98.354s] -- Up-to-date: /mnt/d/ros/mrs_uav_flightforge_simulator/install/mrs_uav_flightforge_simulator/include/mrs_uav_flightforge_simulator/mrs_uav_flightforge_simulator/srv/detail
[98.387s] -- Up-to-date: /mnt/d/ros/mrs_uav_flightforge_simulator/install/mrs_uav_flightforge_simulator/include/mrs_uav_flightforge_simulator/mrs_uav_flightforge_simulator/srv/detail/set_orientation__rosidl_typesupport_introspection_c.h
[98.413s] -- Installing: /mnt/d/ros/mrs_uav_flightforge_simulator/install/mrs_uav_flightforge_simulator/include/mrs_uav_flightforge_simulator/mrs_uav_flightforge_simulator/srv/detail/set_orientation__type_support.c
[98.514s] -- Up-to-date: /mnt/d/ros/mrs_uav_flightforge_simulator/install/mrs_uav_flightforge_simulator/lib/libmrs_uav_flightforge_simulator__rosidl_typesupport_introspection_c.so
[98.556s] -- Up-to-date: /mnt/d/ros/mrs_uav_flightforge_simulator/install/mrs_uav_flightforge_simulator/lib/libmrs_uav_flightforge_simulator__rosidl_typesupport_c.so
[98.585s] -- Up-to-date: /mnt/d/ros/mrs_uav_flightforge_simulator/install/mrs_uav_flightforge_simulator/include/mrs_uav_flightforge_simulator/mrs_uav_flightforge_simulator
[98.608s] -- Up-to-date: /mnt/d/ros/mrs_uav_flightforge_simulator/install/mrs_uav_flightforge_simulator/include/mrs_uav_flightforge_simulator/mrs_uav_flightforge_simulator/srv
[98.636s] -- Up-to-date: /mnt/d/ros/mrs_uav_flightforge_simulator/install/mrs_uav_flightforge_simulator/include/mrs_uav_flightforge_simulator/mrs_uav_flightforge_simulator/srv/detail
[98.673s] -- Up-to-date: /mnt/d/ros/mrs_uav_flightforge_simulator/install/mrs_uav_flightforge_simulator/include/mrs_uav_flightforge_simulator/mrs_uav_flightforge_simulator/srv/detail/set_orientation__rosidl_typesupport_introspection_cpp.hpp
[98.700s] -- Up-to-date: /mnt/d/ros/mrs_uav_flightforge_simulator/install/mrs_uav_flightforge_simulator/include/mrs_uav_flightforge_simulator/mrs_uav_flightforge_simulator/srv/detail/set_orientation__type_support.cpp
[98.733s] -- Up-to-date: /mnt/d/ros/mrs_uav_flightforge_simulator/install/mrs_uav_flightforge_simulator/lib/libmrs_uav_flightforge_simulator__rosidl_typesupport_introspection_cpp.so
[98.777s] -- Up-to-date: /mnt/d/ros/mrs_uav_flightforge_simulator/install/mrs_uav_flightforge_simulator/lib/libmrs_uav_flightforge_simulator__rosidl_typesupport_cpp.so
[98.808s] -- Up-to-date: /mnt/d/ros/mrs_uav_flightforge_simulator/install/mrs_uav_flightforge_simulator/share/mrs_uav_flightforge_simulator/environment/pythonpath.sh
[98.825s] -- Up-to-date: /mnt/d/ros/mrs_uav_flightforge_simulator/install/mrs_uav_flightforge_simulator/share/mrs_uav_flightforge_simulator/environment/pythonpath.dsv
[98.840s] -- Up-to-date: /mnt/d/ros/mrs_uav_flightforge_simulator/install/mrs_uav_flightforge_simulator/lib/python3.12/site-packages/mrs_uav_flightforge_simulator-2.0.0-py3.12.egg-info
[98.866s] -- Installing: /mnt/d/ros/mrs_uav_flightforge_simulator/install/mrs_uav_flightforge_simulator/lib/python3.12/site-packages/mrs_uav_flightforge_simulator-2.0.0-py3.12.egg-info/dependency_links.txt
[98.930s] -- Installing: /mnt/d/ros/mrs_uav_flightforge_simulator/install/mrs_uav_flightforge_simulator/lib/python3.12/site-packages/mrs_uav_flightforge_simulator-2.0.0-py3.12.egg-info/PKG-INFO
[98.998s] -- Installing: /mnt/d/ros/mrs_uav_flightforge_simulator/install/mrs_uav_flightforge_simulator/lib/python3.12/site-packages/mrs_uav_flightforge_simulator-2.0.0-py3.12.egg-info/SOURCES.txt
[99.064s] -- Installing: /mnt/d/ros/mrs_uav_flightforge_simulator/install/mrs_uav_flightforge_simulator/lib/python3.12/site-packages/mrs_uav_flightforge_simulator-2.0.0-py3.12.egg-info/top_level.txt
[99.122s] -- Up-to-date: /mnt/d/ros/mrs_uav_flightforge_simulator/install/mrs_uav_flightforge_simulator/lib/python3.12/site-packages/mrs_uav_flightforge_simulator
[99.142s] -- Up-to-date: /mnt/d/ros/mrs_uav_flightforge_simulator/install/mrs_uav_flightforge_simulator/lib/python3.12/site-packages/mrs_uav_flightforge_simulator/mrs_uav_flightforge_simulator_s__rosidl_typesupport_c.so
[99.159s] -- Up-to-date: /mnt/d/ros/mrs_uav_flightforge_simulator/install/mrs_uav_flightforge_simulator/lib/python3.12/site-packages/mrs_uav_flightforge_simulator/mrs_uav_flightforge_simulator_s__rosidl_typesupport_fastrtps_c.so
[99.175s] -- Up-to-date: /mnt/d/ros/mrs_uav_flightforge_simulator/install/mrs_uav_flightforge_simulator/lib/python3.12/site-packages/mrs_uav_flightforge_simulator/mrs_uav_flightforge_simulator_s__rosidl_typesupport_introspection_c.so
[99.193s] -- Up-to-date: /mnt/d/ros/mrs_uav_flightforge_simulator/install/mrs_uav_flightforge_simulator/lib/python3.12/site-packages/mrs_uav_flightforge_simulator/srv
[99.222s] -- Up-to-date: /mnt/d/ros/mrs_uav_flightforge_simulator/install/mrs_uav_flightforge_simulator/lib/python3.12/site-packages/mrs_uav_flightforge_simulator/srv/_set_orientation.py
[99.244s] -- Up-to-date: /mnt/d/ros/mrs_uav_flightforge_simulator/install/mrs_uav_flightforge_simulator/lib/python3.12/site-packages/mrs_uav_flightforge_simulator/srv/_set_orientation_s.c
[99.265s] -- Up-to-date: /mnt/d/ros/mrs_uav_flightforge_simulator/install/mrs_uav_flightforge_simulator/lib/python3.12/site-packages/mrs_uav_flightforge_simulator/srv/__init__.py
[99.284s] -- Up-to-date: /mnt/d/ros/mrs_uav_flightforge_simulator/install/mrs_uav_flightforge_simulator/lib/python3.12/site-packages/mrs_uav_flightforge_simulator/_mrs_uav_flightforge_simulator_s.ep.rosidl_typesupport_c.c
[99.302s] -- Up-to-date: /mnt/d/ros/mrs_uav_flightforge_simulator/install/mrs_uav_flightforge_simulator/lib/python3.12/site-packages/mrs_uav_flightforge_simulator/_mrs_uav_flightforge_simulator_s.ep.rosidl_typesupport_fastrtps_c.c
[99.318s] -- Up-to-date: /mnt/d/ros/mrs_uav_flightforge_simulator/install/mrs_uav_flightforge_simulator/lib/python3.12/site-packages/mrs_uav_flightforge_simulator/_mrs_uav_flightforge_simulator_s.ep.rosidl_typesupport_introspection_c.c
[99.335s] -- Up-to-date: /mnt/d/ros/mrs_uav_flightforge_simulator/install/mrs_uav_flightforge_simulator/lib/python3.12/site-packages/mrs_uav_flightforge_simulator/__init__.py
[99.459s] Listing '/mnt/d/ros/mrs_uav_flightforge_simulator/install/mrs_uav_flightforge_simulator/lib/python3.12/site-packages/mrs_uav_flightforge_simulator'...
[99.460s] Listing '/mnt/d/ros/mrs_uav_flightforge_simulator/install/mrs_uav_flightforge_simulator/lib/python3.12/site-packages/mrs_uav_flightforge_simulator/srv'...
[99.508s] -- Up-to-date: /mnt/d/ros/mrs_uav_flightforge_simulator/install/mrs_uav_flightforge_simulator/lib/python3.12/site-packages/mrs_uav_flightforge_simulator/mrs_uav_flightforge_simulator_s__rosidl_typesupport_fastrtps_c.so
[99.587s] -- Up-to-date: /mnt/d/ros/mrs_uav_flightforge_simulator/install/mrs_uav_flightforge_simulator/lib/python3.12/site-packages/mrs_uav_flightforge_simulator/mrs_uav_flightforge_simulator_s__rosidl_typesupport_introspection_c.so
[99.665s] -- Up-to-date: /mnt/d/ros/mrs_uav_flightforge_simulator/install/mrs_uav_flightforge_simulator/lib/python3.12/site-packages/mrs_uav_flightforge_simulator/mrs_uav_flightforge_simulator_s__rosidl_typesupport_c.so
[99.728s] -- Up-to-date: /mnt/d/ros/mrs_uav_flightforge_simulator/install/mrs_uav_flightforge_simulator/lib/libmrs_uav_flightforge_simulator__rosidl_generator_py.so
[99.771s] -- Up-to-date: /mnt/d/ros/mrs_uav_flightforge_simulator/install/mrs_uav_flightforge_simulator/share/mrs_uav_flightforge_simulator/srv/SetOrientation.idl
[99.790s] -- Up-to-date: /mnt/d/ros/mrs_uav_flightforge_simulator/install/mrs_uav_flightforge_simulator/share/mrs_uav_flightforge_simulator/srv/SetOrientation.srv
[99.803s] -- Up-to-date: /mnt/d/ros/mrs_uav_flightforge_simulator/install/mrs_uav_flightforge_simulator/share/mrs_uav_flightforge_simulator/plugins.xml
[99.828s] -- Up-to-date: /mnt/d/ros/mrs_uav_flightforge_simulator/install/mrs_uav_flightforge_simulator/lib/libMrsUavFlightforgeSimulator_FlightforgeConnector.so
[99.854s] -- Installing: /mnt/d/ros/mrs_uav_flightforge_simulator/install/mrs_uav_flightforge_simulator/lib/libMrsUavFlightforgeSimulator_FlightforgeSimulator.so
[100.409s] -- Set non-toolchain portion of runtime path of "/mnt/d/ros/mrs_uav_flightforge_simulator/install/mrs_uav_flightforge_simulator/lib/libMrsUavFlightforgeSimulator_FlightforgeSimulator.so" to ""
[100.430s] -- Up-to-date: /mnt/d/ros/mrs_uav_flightforge_simulator/install/mrs_uav_flightforge_simulator/lib/libMrsUavFlightforgeSimulator_HwApiPlugin.so
[100.450s] -- Up-to-date: /mnt/d/ros/mrs_uav_flightforge_simulator/install/mrs_uav_flightforge_simulator/./include
[100.463s] -- Up-to-date: /mnt/d/ros/mrs_uav_flightforge_simulator/install/mrs_uav_flightforge_simulator/./include/cereal
[100.471s] -- Up-to-date: /mnt/d/ros/mrs_uav_flightforge_simulator/install/mrs_uav_flightforge_simulator/./include/flight_forge_connector
[100.481s] -- Up-to-date: /mnt/d/ros/mrs_uav_flightforge_simulator/install/mrs_uav_flightforge_simulator/./include/kissnet
[100.489s] -- Up-to-date: /mnt/d/ros/mrs_uav_flightforge_simulator/install/mrs_uav_flightforge_simulator/share/mrs_uav_flightforge_simulator/launch
[100.510s] -- Up-to-date: /mnt/d/ros/mrs_uav_flightforge_simulator/install/mrs_uav_flightforge_simulator/share/mrs_uav_flightforge_simulator/launch/flightforge_simulator.launch.py
[100.527s] -- Up-to-date: /mnt/d/ros/mrs_uav_flightforge_simulator/install/mrs_uav_flightforge_simulator/share/mrs_uav_flightforge_simulator/launch/hw_api.launch.py
[100.540s] -- Up-to-date: /mnt/d/ros/mrs_uav_flightforge_simulator/install/mrs_uav_flightforge_simulator/share/mrs_uav_flightforge_simulator/config
[100.560s] -- Up-to-date: /mnt/d/ros/mrs_uav_flightforge_simulator/install/mrs_uav_flightforge_simulator/share/mrs_uav_flightforge_simulator/config/flightforge_simulator.yaml
[100.575s] -- Up-to-date: /mnt/d/ros/mrs_uav_flightforge_simulator/install/mrs_uav_flightforge_simulator/share/mrs_uav_flightforge_simulator/config/hw_api.yaml
[100.590s] -- Up-to-date: /mnt/d/ros/mrs_uav_flightforge_simulator/install/mrs_uav_flightforge_simulator/share/mrs_uav_flightforge_simulator/config/uavs.yaml
[100.602s] -- Up-to-date: /mnt/d/ros/mrs_uav_flightforge_simulator/install/mrs_uav_flightforge_simulator/share/mrs_uav_flightforge_simulator/tmux
[100.619s] -- Up-to-date: /mnt/d/ros/mrs_uav_flightforge_simulator/install/mrs_uav_flightforge_simulator/share/mrs_uav_flightforge_simulator/tmux/one_drone
[100.640s] -- Up-to-date: /mnt/d/ros/mrs_uav_flightforge_simulator/install/mrs_uav_flightforge_simulator/share/mrs_uav_flightforge_simulator/tmux/one_drone/.mrs_status_display_config~
[100.656s] -- Up-to-date: /mnt/d/ros/mrs_uav_flightforge_simulator/install/mrs_uav_flightforge_simulator/share/mrs_uav_flightforge_simulator/tmux/one_drone/build
[100.680s] -- Up-to-date: /mnt/d/ros/mrs_uav_flightforge_simulator/install/mrs_uav_flightforge_simulator/share/mrs_uav_flightforge_simulator/tmux/one_drone/build/.built_by
[100.698s] -- Up-to-date: /mnt/d/ros/mrs_uav_flightforge_simulator/install/mrs_uav_flightforge_simulator/share/mrs_uav_flightforge_simulator/tmux/one_drone/build/COLCON_IGNORE
[100.715s] -- Up-to-date: /mnt/d/ros/mrs_uav_flightforge_simulator/install/mrs_uav_flightforge_simulator/share/mrs_uav_flightforge_simulator/tmux/one_drone/config
[100.743s] -- Up-to-date: /mnt/d/ros/mrs_uav_flightforge_simulator/install/mrs_uav_flightforge_simulator/share/mrs_uav_flightforge_simulator/tmux/one_drone/config/automatic_start.yaml
[100.764s] -- Up-to-date: /mnt/d/ros/mrs_uav_flightforge_simulator/install/mrs_uav_flightforge_simulator/share/mrs_uav_flightforge_simulator/tmux/one_drone/config/custom_config.yaml
[100.784s] -- Up-to-date: /mnt/d/ros/mrs_uav_flightforge_simulator/install/mrs_uav_flightforge_simulator/share/mrs_uav_flightforge_simulator/tmux/one_drone/config/network_config.yaml
[100.803s] -- Installing: /mnt/d/ros/mrs_uav_flightforge_simulator/install/mrs_uav_flightforge_simulator/share/mrs_uav_flightforge_simulator/tmux/one_drone/config/simulator.yaml
[100.873s] -- Up-to-date: /mnt/d/ros/mrs_uav_flightforge_simulator/install/mrs_uav_flightforge_simulator/share/mrs_uav_flightforge_simulator/tmux/one_drone/config/world_config.yaml
[100.888s] -- Up-to-date: /mnt/d/ros/mrs_uav_flightforge_simulator/install/mrs_uav_flightforge_simulator/share/mrs_uav_flightforge_simulator/tmux/one_drone/goto.py
[100.904s] -- Up-to-date: /mnt/d/ros/mrs_uav_flightforge_simulator/install/mrs_uav_flightforge_simulator/share/mrs_uav_flightforge_simulator/tmux/one_drone/install
[100.928s] -- Up-to-date: /mnt/d/ros/mrs_uav_flightforge_simulator/install/mrs_uav_flightforge_simulator/share/mrs_uav_flightforge_simulator/tmux/one_drone/install/.colcon_install_layout
[100.947s] -- Up-to-date: /mnt/d/ros/mrs_uav_flightforge_simulator/install/mrs_uav_flightforge_simulator/share/mrs_uav_flightforge_simulator/tmux/one_drone/install/COLCON_IGNORE
[100.966s] -- Up-to-date: /mnt/d/ros/mrs_uav_flightforge_simulator/install/mrs_uav_flightforge_simulator/share/mrs_uav_flightforge_simulator/tmux/one_drone/install/local_setup.bash
[100.986s] -- Up-to-date: /mnt/d/ros/mrs_uav_flightforge_simulator/install/mrs_uav_flightforge_simulator/share/mrs_uav_flightforge_simulator/tmux/one_drone/install/local_setup.ps1
[101.006s] -- Up-to-date: /mnt/d/ros/mrs_uav_flightforge_simulator/install/mrs_uav_flightforge_simulator/share/mrs_uav_flightforge_simulator/tmux/one_drone/install/local_setup.sh
[101.026s] -- Up-to-date: /mnt/d/ros/mrs_uav_flightforge_simulator/install/mrs_uav_flightforge_simulator/share/mrs_uav_flightforge_simulator/tmux/one_drone/install/local_setup.zsh
[101.047s] -- Up-to-date: /mnt/d/ros/mrs_uav_flightforge_simulator/install/mrs_uav_flightforge_simulator/share/mrs_uav_flightforge_simulator/tmux/one_drone/install/setup.bash
[101.067s] -- Up-to-date: /mnt/d/ros/mrs_uav_flightforge_simulator/install/mrs_uav_flightforge_simulator/share/mrs_uav_flightforge_simulator/tmux/one_drone/install/setup.ps1
[101.086s] -- Up-to-date: /mnt/d/ros/mrs_uav_flightforge_simulator/install/mrs_uav_flightforge_simulator/share/mrs_uav_flightforge_simulator/tmux/one_drone/install/setup.sh
[101.106s] -- Up-to-date: /mnt/d/ros/mrs_uav_flightforge_simulator/install/mrs_uav_flightforge_simulator/share/mrs_uav_flightforge_simulator/tmux/one_drone/install/setup.zsh
[101.127s] -- Up-to-date: /mnt/d/ros/mrs_uav_flightforge_simulator/install/mrs_uav_flightforge_simulator/share/mrs_uav_flightforge_simulator/tmux/one_drone/install/_local_setup_util_ps1.py
[101.148s] -- Up-to-date: /mnt/d/ros/mrs_uav_flightforge_simulator/install/mrs_uav_flightforge_simulator/share/mrs_uav_flightforge_simulator/tmux/one_drone/install/_local_setup_util_sh.py
[101.164s] -- Up-to-date: /mnt/d/ros/mrs_uav_flightforge_simulator/install/mrs_uav_flightforge_simulator/share/mrs_uav_flightforge_simulator/tmux/one_drone/kill.sh
[101.179s] -- Up-to-date: /mnt/d/ros/mrs_uav_flightforge_simulator/install/mrs_uav_flightforge_simulator/share/mrs_uav_flightforge_simulator/tmux/one_drone/layout.json
[101.195s] -- Up-to-date: /mnt/d/ros/mrs_uav_flightforge_simulator/install/mrs_uav_flightforge_simulator/share/mrs_uav_flightforge_simulator/tmux/one_drone/log
[101.224s] -- Up-to-date: /mnt/d/ros/mrs_uav_flightforge_simulator/install/mrs_uav_flightforge_simulator/share/mrs_uav_flightforge_simulator/tmux/one_drone/log/build_2026-03-27_16-50-15
[101.258s] -- Up-to-date: /mnt/d/ros/mrs_uav_flightforge_simulator/install/mrs_uav_flightforge_simulator/share/mrs_uav_flightforge_simulator/tmux/one_drone/log/build_2026-03-27_16-50-15/events.log
[101.282s] -- Up-to-date: /mnt/d/ros/mrs_uav_flightforge_simulator/install/mrs_uav_flightforge_simulator/share/mrs_uav_flightforge_simulator/tmux/one_drone/log/build_2026-03-27_16-50-15/logger_all.log
[101.305s] -- Up-to-date: /mnt/d/ros/mrs_uav_flightforge_simulator/install/mrs_uav_flightforge_simulator/share/mrs_uav_flightforge_simulator/tmux/one_drone/log/build_2026-03-27_16-50-21
[101.337s] -- Up-to-date: /mnt/d/ros/mrs_uav_flightforge_simulator/install/mrs_uav_flightforge_simulator/share/mrs_uav_flightforge_simulator/tmux/one_drone/log/build_2026-03-27_16-50-21/events.log
[101.362s] -- Up-to-date: /mnt/d/ros/mrs_uav_flightforge_simulator/install/mrs_uav_flightforge_simulator/share/mrs_uav_flightforge_simulator/tmux/one_drone/log/build_2026-03-27_16-50-21/logger_all.log
[101.382s] -- Up-to-date: /mnt/d/ros/mrs_uav_flightforge_simulator/install/mrs_uav_flightforge_simulator/share/mrs_uav_flightforge_simulator/tmux/one_drone/log/COLCON_IGNORE
[101.404s] -- Up-to-date: /mnt/d/ros/mrs_uav_flightforge_simulator/install/mrs_uav_flightforge_simulator/share/mrs_uav_flightforge_simulator/tmux/one_drone/log/latest
[101.416s] -- Up-to-date: /mnt/d/ros/mrs_uav_flightforge_simulator/install/mrs_uav_flightforge_simulator/share/mrs_uav_flightforge_simulator/tmux/one_drone/log/latest_build
[101.425s] -- Up-to-date: /mnt/d/ros/mrs_uav_flightforge_simulator/install/mrs_uav_flightforge_simulator/share/mrs_uav_flightforge_simulator/tmux/one_drone/path.py
[101.440s] -- Up-to-date: /mnt/d/ros/mrs_uav_flightforge_simulator/install/mrs_uav_flightforge_simulator/share/mrs_uav_flightforge_simulator/tmux/one_drone/rviz.rviz
[101.455s] -- Up-to-date: /mnt/d/ros/mrs_uav_flightforge_simulator/install/mrs_uav_flightforge_simulator/share/mrs_uav_flightforge_simulator/tmux/one_drone/session.yml
[101.468s] -- Up-to-date: /mnt/d/ros/mrs_uav_flightforge_simulator/install/mrs_uav_flightforge_simulator/share/mrs_uav_flightforge_simulator/tmux/one_drone/start.sh
[101.482s] -- Up-to-date: /mnt/d/ros/mrs_uav_flightforge_simulator/install/mrs_uav_flightforge_simulator/share/mrs_uav_flightforge_simulator/tmux/one_drone/takeoff.sh
[101.496s] -- Up-to-date: /mnt/d/ros/mrs_uav_flightforge_simulator/install/mrs_uav_flightforge_simulator/share/mrs_uav_flightforge_simulator/srv
[101.516s] -- Up-to-date: /mnt/d/ros/mrs_uav_flightforge_simulator/install/mrs_uav_flightforge_simulator/share/mrs_uav_flightforge_simulator/srv/SetOrientation.srv
[101.549s] -- Up-to-date: /mnt/d/ros/mrs_uav_flightforge_simulator/install/mrs_uav_flightforge_simulator/share/ament_index/resource_index/package_run_dependencies/mrs_uav_flightforge_simulator
[101.582s] -- Up-to-date: /mnt/d/ros/mrs_uav_flightforge_simulator/install/mrs_uav_flightforge_simulator/share/ament_index/resource_index/parent_prefix_path/mrs_uav_flightforge_simulator
[101.596s] -- Up-to-date: /mnt/d/ros/mrs_uav_flightforge_simulator/install/mrs_uav_flightforge_simulator/share/mrs_uav_flightforge_simulator/environment/ament_prefix_path.sh
[101.613s] -- Up-to-date: /mnt/d/ros/mrs_uav_flightforge_simulator/install/mrs_uav_flightforge_simulator/share/mrs_uav_flightforge_simulator/environment/ament_prefix_path.dsv
[101.625s] -- Up-to-date: /mnt/d/ros/mrs_uav_flightforge_simulator/install/mrs_uav_flightforge_simulator/share/mrs_uav_flightforge_simulator/environment/path.sh
[101.645s] -- Up-to-date: /mnt/d/ros/mrs_uav_flightforge_simulator/install/mrs_uav_flightforge_simulator/share/mrs_uav_flightforge_simulator/environment/path.dsv
[101.660s] -- Up-to-date: /mnt/d/ros/mrs_uav_flightforge_simulator/install/mrs_uav_flightforge_simulator/share/mrs_uav_flightforge_simulator/local_setup.bash
[101.676s] -- Up-to-date: /mnt/d/ros/mrs_uav_flightforge_simulator/install/mrs_uav_flightforge_simulator/share/mrs_uav_flightforge_simulator/local_setup.sh
[101.690s] -- Up-to-date: /mnt/d/ros/mrs_uav_flightforge_simulator/install/mrs_uav_flightforge_simulator/share/mrs_uav_flightforge_simulator/local_setup.zsh
[101.706s] -- Up-to-date: /mnt/d/ros/mrs_uav_flightforge_simulator/install/mrs_uav_flightforge_simulator/share/mrs_uav_flightforge_simulator/local_setup.dsv
[101.721s] -- Installing: /mnt/d/ros/mrs_uav_flightforge_simulator/install/mrs_uav_flightforge_simulator/share/mrs_uav_flightforge_simulator/package.dsv
[101.787s] -- Up-to-date: /mnt/d/ros/mrs_uav_flightforge_simulator/install/mrs_uav_flightforge_simulator/share/ament_index/resource_index/packages/mrs_uav_flightforge_simulator
[101.818s] -- Up-to-date: /mnt/d/ros/mrs_uav_flightforge_simulator/install/mrs_uav_flightforge_simulator/share/ament_index/resource_index/mrs_uav_hw_api__pluginlib__plugin/mrs_uav_flightforge_simulator
[101.860s] -- Up-to-date: /mnt/d/ros/mrs_uav_flightforge_simulator/install/mrs_uav_flightforge_simulator/share/mrs_uav_flightforge_simulator/cmake/export_mrs_uav_flightforge_simulator__rosidl_generator_cExport.cmake
[101.887s] -- Up-to-date: /mnt/d/ros/mrs_uav_flightforge_simulator/install/mrs_uav_flightforge_simulator/share/mrs_uav_flightforge_simulator/cmake/export_mrs_uav_flightforge_simulator__rosidl_generator_cExport-noconfig.cmake
[101.927s] -- Up-to-date: /mnt/d/ros/mrs_uav_flightforge_simulator/install/mrs_uav_flightforge_simulator/share/mrs_uav_flightforge_simulator/cmake/export_mrs_uav_flightforge_simulator__rosidl_typesupport_fastrtps_cExport.cmake
[101.956s] -- Up-to-date: /mnt/d/ros/mrs_uav_flightforge_simulator/install/mrs_uav_flightforge_simulator/share/mrs_uav_flightforge_simulator/cmake/export_mrs_uav_flightforge_simulator__rosidl_typesupport_fastrtps_cExport-noconfig.cmake
[101.999s] -- Up-to-date: /mnt/d/ros/mrs_uav_flightforge_simulator/install/mrs_uav_flightforge_simulator/share/mrs_uav_flightforge_simulator/cmake/export_mrs_uav_flightforge_simulator__rosidl_generator_cppExport.cmake
[102.041s] -- Up-to-date: /mnt/d/ros/mrs_uav_flightforge_simulator/install/mrs_uav_flightforge_simulator/share/mrs_uav_flightforge_simulator/cmake/export_mrs_uav_flightforge_simulator__rosidl_typesupport_fastrtps_cppExport.cmake
[102.068s] -- Up-to-date: /mnt/d/ros/mrs_uav_flightforge_simulator/install/mrs_uav_flightforge_simulator/share/mrs_uav_flightforge_simulator/cmake/export_mrs_uav_flightforge_simulator__rosidl_typesupport_fastrtps_cppExport-noconfig.cmake
[102.109s] -- Up-to-date: /mnt/d/ros/mrs_uav_flightforge_simulator/install/mrs_uav_flightforge_simulator/share/mrs_uav_flightforge_simulator/cmake/mrs_uav_flightforge_simulator__rosidl_typesupport_introspection_cExport.cmake
[102.136s] -- Up-to-date: /mnt/d/ros/mrs_uav_flightforge_simulator/install/mrs_uav_flightforge_simulator/share/mrs_uav_flightforge_simulator/cmake/mrs_uav_flightforge_simulator__rosidl_typesupport_introspection_cExport-noconfig.cmake
[102.175s] -- Up-to-date: /mnt/d/ros/mrs_uav_flightforge_simulator/install/mrs_uav_flightforge_simulator/share/mrs_uav_flightforge_simulator/cmake/mrs_uav_flightforge_simulator__rosidl_typesupport_cExport.cmake
[102.199s] -- Up-to-date: /mnt/d/ros/mrs_uav_flightforge_simulator/install/mrs_uav_flightforge_simulator/share/mrs_uav_flightforge_simulator/cmake/mrs_uav_flightforge_simulator__rosidl_typesupport_cExport-noconfig.cmake
[102.239s] -- Up-to-date: /mnt/d/ros/mrs_uav_flightforge_simulator/install/mrs_uav_flightforge_simulator/share/mrs_uav_flightforge_simulator/cmake/mrs_uav_flightforge_simulator__rosidl_typesupport_introspection_cppExport.cmake
[102.266s] -- Up-to-date: /mnt/d/ros/mrs_uav_flightforge_simulator/install/mrs_uav_flightforge_simulator/share/mrs_uav_flightforge_simulator/cmake/mrs_uav_flightforge_simulator__rosidl_typesupport_introspection_cppExport-noconfig.cmake
[102.304s] -- Up-to-date: /mnt/d/ros/mrs_uav_flightforge_simulator/install/mrs_uav_flightforge_simulator/share/mrs_uav_flightforge_simulator/cmake/mrs_uav_flightforge_simulator__rosidl_typesupport_cppExport.cmake
[102.327s] -- Up-to-date: /mnt/d/ros/mrs_uav_flightforge_simulator/install/mrs_uav_flightforge_simulator/share/mrs_uav_flightforge_simulator/cmake/mrs_uav_flightforge_simulator__rosidl_typesupport_cppExport-noconfig.cmake
[102.363s] -- Up-to-date: /mnt/d/ros/mrs_uav_flightforge_simulator/install/mrs_uav_flightforge_simulator/share/mrs_uav_flightforge_simulator/cmake/export_mrs_uav_flightforge_simulator__rosidl_generator_pyExport.cmake
[102.386s] -- Up-to-date: /mnt/d/ros/mrs_uav_flightforge_simulator/install/mrs_uav_flightforge_simulator/share/mrs_uav_flightforge_simulator/cmake/export_mrs_uav_flightforge_simulator__rosidl_generator_pyExport-noconfig.cmake
[102.424s] -- Up-to-date: /mnt/d/ros/mrs_uav_flightforge_simulator/install/mrs_uav_flightforge_simulator/share/mrs_uav_flightforge_simulator/cmake/export_mrs_uav_flightforge_simulatorExport.cmake
[102.449s] -- Up-to-date: /mnt/d/ros/mrs_uav_flightforge_simulator/install/mrs_uav_flightforge_simulator/share/mrs_uav_flightforge_simulator/cmake/export_mrs_uav_flightforge_simulatorExport-noconfig.cmake
[102.480s] -- Up-to-date: /mnt/d/ros/mrs_uav_flightforge_simulator/install/mrs_uav_flightforge_simulator/share/ament_index/resource_index/rclcpp_components/mrs_uav_flightforge_simulator
[102.500s] -- Up-to-date: /mnt/d/ros/mrs_uav_flightforge_simulator/install/mrs_uav_flightforge_simulator/share/mrs_uav_flightforge_simulator/cmake/rosidl_cmake-extras.cmake
[102.518s] -- Up-to-date: /mnt/d/ros/mrs_uav_flightforge_simulator/install/mrs_uav_flightforge_simulator/share/mrs_uav_flightforge_simulator/cmake/ament_cmake_export_dependencies-extras.cmake
[102.537s] -- Up-to-date: /mnt/d/ros/mrs_uav_flightforge_simulator/install/mrs_uav_flightforge_simulator/share/mrs_uav_flightforge_simulator/cmake/ament_cmake_export_include_directories-extras.cmake
[102.557s] -- Up-to-date: /mnt/d/ros/mrs_uav_flightforge_simulator/install/mrs_uav_flightforge_simulator/share/mrs_uav_flightforge_simulator/cmake/ament_cmake_export_libraries-extras.cmake
[102.576s] -- Up-to-date: /mnt/d/ros/mrs_uav_flightforge_simulator/install/mrs_uav_flightforge_simulator/share/mrs_uav_flightforge_simulator/cmake/ament_cmake_export_targets-extras.cmake
[102.593s] -- Up-to-date: /mnt/d/ros/mrs_uav_flightforge_simulator/install/mrs_uav_flightforge_simulator/share/mrs_uav_flightforge_simulator/cmake/rosidl_cmake_export_typesupport_targets-extras.cmake
[102.611s] -- Up-to-date: /mnt/d/ros/mrs_uav_flightforge_simulator/install/mrs_uav_flightforge_simulator/share/mrs_uav_flightforge_simulator/cmake/rosidl_cmake_export_typesupport_libraries-extras.cmake
[102.627s] -- Up-to-date: /mnt/d/ros/mrs_uav_flightforge_simulator/install/mrs_uav_flightforge_simulator/share/mrs_uav_flightforge_simulator/cmake/mrs_uav_flightforge_simulatorConfig.cmake
[102.642s] -- Up-to-date: /mnt/d/ros/mrs_uav_flightforge_simulator/install/mrs_uav_flightforge_simulator/share/mrs_uav_flightforge_simulator/cmake/mrs_uav_flightforge_simulatorConfig-version.cmake
[102.655s] -- Up-to-date: /mnt/d/ros/mrs_uav_flightforge_simulator/install/mrs_uav_flightforge_simulator/share/mrs_uav_flightforge_simulator/package.xml
[102.672s] Invoked command in '/mnt/d/ros/mrs_uav_flightforge_simulator/build/mrs_uav_flightforge_simulator' returned '0': DEBUGINFOD_URLS=https://debuginfod.ubuntu.com /usr/bin/cmake --install /mnt/d/ros/mrs_uav_flightforge_simulator/build/mrs_uav_flightforge_simulator
