[0.078s] Invoking command in '/mnt/d/ros/mrs_uav_flightforge_simulator/build/mrs_uav_flightforge_simulator': DEBUGINFOD_URLS=https://debuginfod.ubuntu.com /usr/bin/cmake --build /mnt/d/ros/mrs_uav_flightforge_simulator/build/mrs_uav_flightforge_simulator -- -j16 -l16
[0.547s] [  2%] Built target mrs_uav_flightforge_simulator__rosidl_generator_type_description
[0.627s] [  7%] Built target MrsUavFlightforgeSimulator_HwApiPlugin
[0.673s] [  9%] Built target mrs_uav_flightforge_simulator__cpp
[0.751s] [ 19%] Built target MrsUavFlightforgeSimulator_FlightforgeConnector
[0.796s] [ 30%] Built target mrs_uav_flightforge_simulator__rosidl_generator_c
[0.969s] [ 45%] Built target mrs_uav_flightforge_simulator__rosidl_typesupport_c
[0.970s] [ 45%] Built target mrs_uav_flightforge_simulator__rosidl_typesupport_cpp
[0.986s] [ 66%] Built target mrs_uav_flightforge_simulator__rosidl_typesupport_introspection_c
[0.988s] [ 66%] Built target mrs_uav_flightforge_simulator__rosidl_typesupport_introspection_cpp
[0.989s] [ 66%] Built target mrs_uav_flightforge_simulator__rosidl_typesupport_fastrtps_c
[1.006s] [ 73%] Built target mrs_uav_flightforge_simulator__rosidl_typesupport_fastrtps_cpp
[1.070s] [ 73%] Built target mrs_uav_flightforge_simulator
[1.083s] [ 73%] Built target ament_cmake_python_copy_mrs_uav_flightforge_simulator
[1.199s] [ 76%] Built target mrs_uav_flightforge_simulator__py
[1.331s] [ 80%] Built target mrs_uav_flightforge_simulator__rosidl_generator_py
[1.455s] running egg_info
[1.463s] [ 95%] Built target mrs_uav_flightforge_simulator_s__rosidl_typesupport_c
[1.464s] [ 95%] Built target mrs_uav_flightforge_simulator_s__rosidl_typesupport_fastrtps_c
[1.465s] [ 95%] Built target mrs_uav_flightforge_simulator_s__rosidl_typesupport_introspection_c
[1.487s] writing mrs_uav_flightforge_simulator.egg-info/PKG-INFO
[1.493s] writing dependency_links to mrs_uav_flightforge_simulator.egg-info/dependency_links.txt
[1.500s] writing top-level names to mrs_uav_flightforge_simulator.egg-info/top_level.txt
[1.620s] reading manifest file 'mrs_uav_flightforge_simulator.egg-info/SOURCES.txt'
[1.663s] writing manifest file 'mrs_uav_flightforge_simulator.egg-info/SOURCES.txt'
[1.707s] [ 95%] Built target ament_cmake_python_build_mrs_uav_flightforge_simulator_egg
[2.644s] [ 97%] [32mBuilding CXX object CMakeFiles/MrsUavFlightforgeSimulator_FlightforgeSimulator.dir/src/flightforge_simulator.cpp.o[0m
[49.124s] In file included from [01m[K/mnt/d/ros/mrs_uav_flightforge_simulator/include/flight_forge_connector/socket_client.h:17[m[K,
[49.125s]                  from [01m[K/mnt/d/ros/mrs_uav_flightforge_simulator/include/flight_forge_connector/flight_forge_connector.h:10[m[K,
[49.126s]                  from [01m[K/mnt/d/ros/mrs_uav_flightforge_simulator/src/flightforge_simulator.cpp:40[m[K:
[49.126s] [01m[K/mnt/d/ros/mrs_uav_flightforge_simulator/include/kissnet/kissnet.hpp:403:41:[m[K [01;35m[Kwarning: [m[Kmissing initializer for member ‘[01m[Ksockaddr_storage::__ss_padding[m[K’ [[01;35m[K]8;;https://gcc.gnu.org/onlinedocs/gcc/Warning-Options.html#index-Wmissing-field-initializers-Wmissing-field-initializers]8;;[m[K]
[49.127s]   403 |             sockaddr_storage adrinf = {0[01;35m[K}[m[K;
[49.128s]       |                                         [01;35m[K^[m[K
[49.128s] [01m[K/mnt/d/ros/mrs_uav_flightforge_simulator/include/kissnet/kissnet.hpp:403:41:[m[K [01;35m[Kwarning: [m[Kmissing initializer for member ‘[01m[Ksockaddr_storage::__ss_align[m[K’ [[01;35m[K]8;;https://gcc.gnu.org/onlinedocs/gcc/Warning-Options.html#index-Wmissing-field-initializers-Wmissing-field-initializers]8;;[m[K]
[50.243s] [01m[K/mnt/d/ros/mrs_uav_flightforge_simulator/src/flightforge_simulator.cpp:[m[K In member function ‘[01m[Kvoid mrs_uav_flightforge_simulator::FlightforgeSimulator::[01;32m[KtimerInit[m[K()[m[K’:
[50.244s] [01m[K/mnt/d/ros/mrs_uav_flightforge_simulator/src/flightforge_simulator.cpp:1279:177:[m[K [01;31m[Kerror: [m[Kno match for ‘[01m[Koperator=[m[K’ (operand types are ‘[01m[Kstd::shared_ptr<mrs_lib::ThreadTimer>[m[K’ and ‘[01m[Krclcpp::WallTimer<std::_Bind<void (mrs_uav_flightforge_simulator::FlightforgeSimulator::*(mrs_uav_flightforge_simulator::FlightforgeSimulator*))()>, 0>::SharedPtr[m[K’ {aka ‘[01m[Kstd::shared_ptr<rclcpp::WallTimer<std::_Bind<void (mrs_uav_flightforge_simulator::FlightforgeSimulator::*(mrs_uav_flightforge_simulator::FlightforgeSimulator*))()>, 0> >[m[K’})
[50.244s]  1279 | te_wall_timer(std::chrono::duration<double>(1.0 / drs_params_.rgb_depth_rate), std::bind(&FlightforgeSimulator::timerDepth, this), cbgrp_sensors_[01;31m[K)[m[K;
[50.245s]       |                                                                                                                                                  [01;31m[K^[m[K
[50.246s] 
[50.247s] In file included from [01m[K/usr/include/c++/13/memory:80[m[K,
[50.247s]                  from [01m[K/opt/ros/jazzy/include/rclcpp/rclcpp/rclcpp.hpp:169[m[K,
[50.248s]                  from [01m[K/mnt/d/ros/mrs_uav_flightforge_simulator/src/flightforge_simulator.cpp:3[m[K:
[50.249s] [01m[K/usr/include/c++/13/bits/shared_ptr.h:418:9:[m[K [01;36m[Knote: [m[Kcandidate: ‘[01m[Ktemplate<class _Yp> std::shared_ptr<_Tp>::_Assignable<const std::shared_ptr<_Yp>&> std::shared_ptr<_Tp>::[01;32m[Koperator=[m[K(const std::shared_ptr<_Yp>&) [35m[K[with _Tp = mrs_lib::ThreadTimer][m[K[m[K’
[50.249s]   418 |         [01;36m[Koperator[m[K=(const shared_ptr<_Yp>& __r) noexcept
[50.250s]       |         [01;36m[K^~~~~~~~[m[K
[50.251s] [01m[K/usr/include/c++/13/bits/shared_ptr.h:418:9:[m[K [01;36m[Knote: [m[K  template argument deduction/substitution failed:
[50.251s] /usr/include/c++/13/bits/shared_ptr.h: In substitution of ‘[01m[Ktemplate<class _Tp> template<class _Arg> using std::shared_ptr<_Tp>::_Assignable = typename std::enable_if<std::is_assignable<std::__shared_ptr<_Tp>&, _Arg>::value, std::shared_ptr<_Tp>&>::type [35m[K[with _Arg = const std::shared_ptr<rclcpp::WallTimer<std::_Bind<void (mrs_uav_flightforge_simulator::FlightforgeSimulator::*(mrs_uav_flightforge_simulator::FlightforgeSimulator*))()>, 0> >&; _Tp = mrs_lib::ThreadTimer][m[K[m[K’:
[50.252s] [01m[K/usr/include/c++/13/bits/shared_ptr.h:418:2:[m[K   required by substitution of ‘[01m[Ktemplate<class _Yp> std::shared_ptr<mrs_lib::ThreadTimer>::_Assignable<const std::shared_ptr<_Tp>&> std::shared_ptr<mrs_lib::ThreadTimer>::[01;32m[Koperator=[m[K(const std::shared_ptr<_Tp>&) [35m[K[with _Yp = rclcpp::WallTimer<std::_Bind<void (mrs_uav_flightforge_simulator::FlightforgeSimulator::*(mrs_uav_flightforge_simulator::FlightforgeSimulator*))()>, 0>][m[K[m[K’
[50.253s] [01m[K/mnt/d/ros/mrs_uav_flightforge_simulator/src/flightforge_simulator.cpp:1279:177:[m[K   required from here
[50.253s] [01m[K/usr/include/c++/13/bits/shared_ptr.h:183:15:[m[K [01;31m[Kerror: [m[Kno type named ‘[01m[Ktype[m[K’ in ‘[01m[Kstruct std::enable_if<false, std::shared_ptr<mrs_lib::ThreadTimer>&>[m[K’
[50.254s]   183 |         using [01;31m[K_Assignable[m[K = typename enable_if<
[50.255s]       |               [01;31m[K^~~~~~~~~~~[m[K
[50.256s] [01m[K/usr/include/c++/13/bits/shared_ptr.h:429:9:[m[K [01;36m[Knote: [m[Kcandidate: ‘[01m[Ktemplate<class _Yp> std::shared_ptr<_Tp>::_Assignable<std::auto_ptr<_Up> > std::shared_ptr<_Tp>::[01;32m[Koperator=[m[K(std::auto_ptr<_Up>&&) [35m[K[with _Tp = mrs_lib::ThreadTimer][m[K[m[K’
[50.257s]   429 |         [01;36m[Koperator[m[K=(auto_ptr<_Yp>&& __r)
[50.257s]       |         [01;36m[K^~~~~~~~[m[K
[50.258s] [01m[K/usr/include/c++/13/bits/shared_ptr.h:429:9:[m[K [01;36m[Knote: [m[K  template argument deduction/substitution failed:
[50.259s] [01m[K/mnt/d/ros/mrs_uav_flightforge_simulator/src/flightforge_simulator.cpp:1279:177:[m[K [01;36m[Knote: [m[K  ‘[01m[Krclcpp::WallTimer<std::_Bind<void (mrs_uav_flightforge_simulator::FlightforgeSimulator::*(mrs_uav_flightforge_simulator::FlightforgeSimulator*))()>, 0>::SharedPtr[m[K’ {aka ‘[01m[Kstd::shared_ptr<rclcpp::WallTimer<std::_Bind<void (mrs_uav_flightforge_simulator::FlightforgeSimulator::*(mrs_uav_flightforge_simulator::FlightforgeSimulator*))()>, 0> >[m[K’} is not derived from ‘[01m[Kstd::auto_ptr<_Up>[m[K’
[50.259s]  1279 | te_wall_timer(std::chrono::duration<double>(1.0 / drs_params_.rgb_depth_rate), std::bind(&FlightforgeSimulator::timerDepth, this), cbgrp_sensors_[01;36m[K)[m[K;
[50.260s]       |                                                                                                                                                  [01;36m[K^[m[K
[50.261s] 
[50.262s] [01m[K/usr/include/c++/13/bits/shared_ptr.h:446:9:[m[K [01;36m[Knote: [m[Kcandidate: ‘[01m[Ktemplate<class _Yp> std::shared_ptr<_Tp>::_Assignable<std::shared_ptr<_Yp> > std::shared_ptr<_Tp>::[01;32m[Koperator=[m[K(std::shared_ptr<_Yp>&&) [35m[K[with _Tp = mrs_lib::ThreadTimer][m[K[m[K’
[50.262s]   446 |         [01;36m[Koperator[m[K=(shared_ptr<_Yp>&& __r) noexcept
[50.263s]       |         [01;36m[K^~~~~~~~[m[K
[50.264s] [01m[K/usr/include/c++/13/bits/shared_ptr.h:446:9:[m[K [01;36m[Knote: [m[K  template argument deduction/substitution failed:
[50.265s] /usr/include/c++/13/bits/shared_ptr.h: In substitution of ‘[01m[Ktemplate<class _Tp> template<class _Arg> using std::shared_ptr<_Tp>::_Assignable = typename std::enable_if<std::is_assignable<std::__shared_ptr<_Tp>&, _Arg>::value, std::shared_ptr<_Tp>&>::type [35m[K[with _Arg = std::shared_ptr<rclcpp::WallTimer<std::_Bind<void (mrs_uav_flightforge_simulator::FlightforgeSimulator::*(mrs_uav_flightforge_simulator::FlightforgeSimulator*))()>, 0> >; _Tp = mrs_lib::ThreadTimer][m[K[m[K’:
[50.266s] [01m[K/usr/include/c++/13/bits/shared_ptr.h:446:2:[m[K   required by substitution of ‘[01m[Ktemplate<class _Yp> std::shared_ptr<mrs_lib::ThreadTimer>::_Assignable<std::shared_ptr<_Tp> > std::shared_ptr<mrs_lib::ThreadTimer>::[01;32m[Koperator=[m[K(std::shared_ptr<_Tp>&&) [35m[K[with _Yp = rclcpp::WallTimer<std::_Bind<void (mrs_uav_flightforge_simulator::FlightforgeSimulator::*(mrs_uav_flightforge_simulator::FlightforgeSimulator*))()>, 0>][m[K[m[K’
[50.266s] [01m[K/mnt/d/ros/mrs_uav_flightforge_simulator/src/flightforge_simulator.cpp:1279:177:[m[K   required from here
[50.267s] [01m[K/usr/include/c++/13/bits/shared_ptr.h:183:15:[m[K [01;31m[Kerror: [m[Kno type named ‘[01m[Ktype[m[K’ in ‘[01m[Kstruct std::enable_if<false, std::shared_ptr<mrs_lib::ThreadTimer>&>[m[K’
[50.268s]   183 |         using [01;31m[K_Assignable[m[K = typename enable_if<
[50.268s]       |               [01;31m[K^~~~~~~~~~~[m[K
[50.269s] [01m[K/usr/include/c++/13/bits/shared_ptr.h:454:9:[m[K [01;36m[Knote: [m[Kcandidate: ‘[01m[Ktemplate<class _Yp, class _Del> std::shared_ptr<_Tp>::_Assignable<std::unique_ptr<_Up, _Ep> > std::shared_ptr<_Tp>::[01;32m[Koperator=[m[K(std::unique_ptr<_Up, _Ep>&&) [35m[K[with _Del = _Yp; _Tp = mrs_lib::ThreadTimer][m[K[m[K’
[50.270s]   454 |         [01;36m[Koperator[m[K=(unique_ptr<_Yp, _Del>&& __r)
[50.270s]       |         [01;36m[K^~~~~~~~[m[K
[50.271s] [01m[K/usr/include/c++/13/bits/shared_ptr.h:454:9:[m[K [01;36m[Knote: [m[K  template argument deduction/substitution failed:
[50.272s] [01m[K/mnt/d/ros/mrs_uav_flightforge_simulator/src/flightforge_simulator.cpp:1279:177:[m[K [01;36m[Knote: [m[K  ‘[01m[Krclcpp::WallTimer<std::_Bind<void (mrs_uav_flightforge_simulator::FlightforgeSimulator::*(mrs_uav_flightforge_simulator::FlightforgeSimulator*))()>, 0>::SharedPtr[m[K’ {aka ‘[01m[Kstd::shared_ptr<rclcpp::WallTimer<std::_Bind<void (mrs_uav_flightforge_simulator::FlightforgeSimulator::*(mrs_uav_flightforge_simulator::FlightforgeSimulator*))()>, 0> >[m[K’} is not derived from ‘[01m[Kstd::unique_ptr<_Tp, _Dp>[m[K’
[50.272s]  1279 | te_wall_timer(std::chrono::duration<double>(1.0 / drs_params_.rgb_depth_rate), std::bind(&FlightforgeSimulator::timerDepth, this), cbgrp_sensors_[01;36m[K)[m[K;
[50.273s]       |                                                                                                                                                  [01;36m[K^[m[K
[50.274s] 
[50.274s] [01m[K/usr/include/c++/13/bits/shared_ptr.h:414:19:[m[K [01;36m[Knote: [m[Kcandidate: ‘[01m[Kstd::shared_ptr<_Tp>& std::shared_ptr<_Tp>::[01;32m[Koperator=[m[K(const std::shared_ptr<_Tp>&) [35m[K[with _Tp = mrs_lib::ThreadTimer][m[K[m[K’
[50.275s]   414 |       shared_ptr& [01;36m[Koperator[m[K=(const shared_ptr&) noexcept = default;
[50.276s]       |                   [01;36m[K^~~~~~~~[m[K
[50.276s] [01m[K/usr/include/c++/13/bits/shared_ptr.h:414:29:[m[K [01;36m[Knote: [m[K  no known conversion for argument 1 from ‘[01m[Krclcpp::WallTimer<std::_Bind<void (mrs_uav_flightforge_simulator::FlightforgeSimulator::*(mrs_uav_flightforge_simulator::FlightforgeSimulator*))()>, 0>::SharedPtr[m[K’ {aka ‘[01m[Kstd::shared_ptr<rclcpp::WallTimer<std::_Bind<void (mrs_uav_flightforge_simulator::FlightforgeSimulator::*(mrs_uav_flightforge_simulator::FlightforgeSimulator*))()>, 0> >[m[K’} to ‘[01m[Kconst std::shared_ptr<mrs_lib::ThreadTimer>&[m[K’
[50.277s]   414 |       shared_ptr& operator=([01;36m[Kconst shared_ptr&[m[K) noexcept = default;
[50.278s]       |                             [01;36m[K^~~~~~~~~~~~~~~~~[m[K
[50.279s] [01m[K/usr/include/c++/13/bits/shared_ptr.h:438:7:[m[K [01;36m[Knote: [m[Kcandidate: ‘[01m[Kstd::shared_ptr<_Tp>& std::shared_ptr<_Tp>::[01;32m[Koperator=[m[K(std::shared_ptr<_Tp>&&) [35m[K[with _Tp = mrs_lib::ThreadTimer][m[K[m[K’
[50.280s]   438 |       [01;36m[Koperator[m[K=(shared_ptr&& __r) noexcept
[50.280s]       |       [01;36m[K^~~~~~~~[m[K
[50.281s] [01m[K/usr/include/c++/13/bits/shared_ptr.h:438:30:[m[K [01;36m[Knote: [m[K  no known conversion for argument 1 from ‘[01m[Krclcpp::WallTimer<std::_Bind<void (mrs_uav_flightforge_simulator::FlightforgeSimulator::*(mrs_uav_flightforge_simulator::FlightforgeSimulator*))()>, 0>::SharedPtr[m[K’ {aka ‘[01m[Kstd::shared_ptr<rclcpp::WallTimer<std::_Bind<void (mrs_uav_flightforge_simulator::FlightforgeSimulator::*(mrs_uav_flightforge_simulator::FlightforgeSimulator*))()>, 0> >[m[K’} to ‘[01m[Kstd::shared_ptr<mrs_lib::ThreadTimer>&&[m[K’
[50.282s]   438 |       operator=([01;36m[Kshared_ptr&& __r[m[K) noexcept
[50.283s]       |                 [01;36m[K~~~~~~~~~~~~~^~~[m[K
[70.943s] gmake[2]: *** [CMakeFiles/MrsUavFlightforgeSimulator_FlightforgeSimulator.dir/build.make:76: CMakeFiles/MrsUavFlightforgeSimulator_FlightforgeSimulator.dir/src/flightforge_simulator.cpp.o] Error 1
[70.946s] gmake[1]: *** [CMakeFiles/Makefile2:654: CMakeFiles/MrsUavFlightforgeSimulator_FlightforgeSimulator.dir/all] Error 2
[70.947s] gmake: *** [Makefile:146: all] Error 2
[70.951s] Invoked command in '/mnt/d/ros/mrs_uav_flightforge_simulator/build/mrs_uav_flightforge_simulator' returned '2': DEBUGINFOD_URLS=https://debuginfod.ubuntu.com /usr/bin/cmake --build /mnt/d/ros/mrs_uav_flightforge_simulator/build/mrs_uav_flightforge_simulator -- -j16 -l16
