[0.233s] Invoking command in '/mnt/d/ros/mrs_uav_flightforge_simulator/build/mrs_uav_flightforge_simulator': DEBUGINFOD_URLS=https://debuginfod.ubuntu.com /usr/bin/cmake --build /mnt/d/ros/mrs_uav_flightforge_simulator/build/mrs_uav_flightforge_simulator -- -j16 -l16
[1.694s] [  2%] Built target mrs_uav_flightforge_simulator__rosidl_generator_type_description
[1.815s] [  7%] Built target MrsUavFlightforgeSimulator_HwApiPlugin
[1.918s] [ 16%] Built target MrsUavFlightforgeSimulator_FlightforgeConnector
[2.310s] [ 19%] Built target mrs_uav_flightforge_simulator__cpp
[2.387s] [ 19%] Built target ament_cmake_python_copy_mrs_uav_flightforge_simulator
[2.430s] [ 30%] Built target mrs_uav_flightforge_simulator__rosidl_generator_c
[3.039s] [ 45%] Built target mrs_uav_flightforge_simulator__rosidl_typesupport_cpp
[3.041s] [ 45%] Built target mrs_uav_flightforge_simulator__rosidl_typesupport_c
[3.061s] [ 59%] Built target mrs_uav_flightforge_simulator__rosidl_typesupport_fastrtps_cpp
[3.063s] [ 59%] Built target mrs_uav_flightforge_simulator__rosidl_typesupport_fastrtps_c
[3.090s] [ 73%] Built target mrs_uav_flightforge_simulator__rosidl_typesupport_introspection_c
[3.091s] [ 73%] Built target mrs_uav_flightforge_simulator__rosidl_typesupport_introspection_cpp
[3.575s] [ 73%] Built target mrs_uav_flightforge_simulator
[3.691s] running egg_info
[3.723s] writing mrs_uav_flightforge_simulator.egg-info/PKG-INFO
[3.728s] writing dependency_links to mrs_uav_flightforge_simulator.egg-info/dependency_links.txt
[3.734s] writing top-level names to mrs_uav_flightforge_simulator.egg-info/top_level.txt
[3.851s] reading manifest file 'mrs_uav_flightforge_simulator.egg-info/SOURCES.txt'
[3.897s] writing manifest file 'mrs_uav_flightforge_simulator.egg-info/SOURCES.txt'
[4.156s] [ 73%] Built target ament_cmake_python_build_mrs_uav_flightforge_simulator_egg
[4.249s] [ 76%] Built target mrs_uav_flightforge_simulator__py
[4.696s] [ 78%] [32mBuilding CXX object CMakeFiles/MrsUavFlightforgeSimulator_FlightforgeSimulator.dir/src/flightforge_simulator.cpp.o[0m
[4.910s] [ 83%] Built target mrs_uav_flightforge_simulator__rosidl_generator_py
[5.516s] [ 90%] Built target mrs_uav_flightforge_simulator_s__rosidl_typesupport_fastrtps_c
[5.520s] [ 92%] Built target mrs_uav_flightforge_simulator_s__rosidl_typesupport_introspection_c
[5.577s] [ 97%] Built target mrs_uav_flightforge_simulator_s__rosidl_typesupport_c
[47.701s] In file included from [01m[K/mnt/d/ros/mrs_uav_flightforge_simulator/include/flight_forge_connector/socket_client.h:17[m[K,
[47.702s]                  from [01m[K/mnt/d/ros/mrs_uav_flightforge_simulator/include/flight_forge_connector/flight_forge_connector.h:10[m[K,
[47.702s]                  from [01m[K/mnt/d/ros/mrs_uav_flightforge_simulator/src/flightforge_simulator.cpp:40[m[K:
[47.703s] [01m[K/mnt/d/ros/mrs_uav_flightforge_simulator/include/kissnet/kissnet.hpp:403:41:[m[K [01;35m[Kwarning: [m[Kmissing initializer for member ‘[01m[Ksockaddr_storage::__ss_padding[m[K’ [[01;35m[K]8;;https://gcc.gnu.org/onlinedocs/gcc/Warning-Options.html#index-Wmissing-field-initializers-Wmissing-field-initializers]8;;[m[K]
[47.704s]   403 |             sockaddr_storage adrinf = {0[01;35m[K}[m[K;
[47.705s]       |                                         [01;35m[K^[m[K
[47.706s] [01m[K/mnt/d/ros/mrs_uav_flightforge_simulator/include/kissnet/kissnet.hpp:403:41:[m[K [01;35m[Kwarning: [m[Kmissing initializer for member ‘[01m[Ksockaddr_storage::__ss_align[m[K’ [[01;35m[K]8;;https://gcc.gnu.org/onlinedocs/gcc/Warning-Options.html#index-Wmissing-field-initializers-Wmissing-field-initializers]8;;[m[K]
[83.542s] [100%] [32m[1mLinking CXX shared library libMrsUavFlightforgeSimulator_FlightforgeSimulator.so[0m
[92.654s] [100%] Built target MrsUavFlightforgeSimulator_FlightforgeSimulator
[93.070s] Invoked command in '/mnt/d/ros/mrs_uav_flightforge_simulator/build/mrs_uav_flightforge_simulator' returned '0': DEBUGINFOD_URLS=https://debuginfod.ubuntu.com /usr/bin/cmake --build /mnt/d/ros/mrs_uav_flightforge_simulator/build/mrs_uav_flightforge_simulator -- -j16 -l16
[93.342s] Invoking command in '/mnt/d/ros/mrs_uav_flightforge_simulator/build/mrs_uav_flightforge_simulator': DEBUGINFOD_URLS=https://debuginfod.ubuntu.com /usr/bin/cmake --install /mnt/d/ros/mrs_uav_flightforge_simulator/build/mrs_uav_flightforge_simulator
[93.598s] -- Install configuration: ""
[93.628s] -- Up-to-date: /mnt/d/ros/mrs_uav_flightforge_simulator/install/mrs_uav_flightforge_simulator/share/ament_index/resource_index/rosidl_interfaces/mrs_uav_flightforge_simulator
[93.656s] -- Up-to-date: /mnt/d/ros/mrs_uav_flightforge_simulator/install/mrs_uav_flightforge_simulator/share/mrs_uav_flightforge_simulator/srv/SetOrientation.json
[93.672s] -- Up-to-date: /mnt/d/ros/mrs_uav_flightforge_simulator/install/mrs_uav_flightforge_simulator/include/mrs_uav_flightforge_simulator/mrs_uav_flightforge_simulator
[93.696s] -- Up-to-date: /mnt/d/ros/mrs_uav_flightforge_simulator/install/mrs_uav_flightforge_simulator/include/mrs_uav_flightforge_simulator/mrs_uav_flightforge_simulator/msg
[93.725s] -- Up-to-date: /mnt/d/ros/mrs_uav_flightforge_simulator/install/mrs_uav_flightforge_simulator/include/mrs_uav_flightforge_simulator/mrs_uav_flightforge_simulator/msg/rosidl_generator_c__visibility_control.h
[93.745s] -- Up-to-date: /mnt/d/ros/mrs_uav_flightforge_simulator/install/mrs_uav_flightforge_simulator/include/mrs_uav_flightforge_simulator/mrs_uav_flightforge_simulator/srv
[93.774s] -- Up-to-date: /mnt/d/ros/mrs_uav_flightforge_simulator/install/mrs_uav_flightforge_simulator/include/mrs_uav_flightforge_simulator/mrs_uav_flightforge_simulator/srv/detail
[93.808s] -- Up-to-date: /mnt/d/ros/mrs_uav_flightforge_simulator/install/mrs_uav_flightforge_simulator/include/mrs_uav_flightforge_simulator/mrs_uav_flightforge_simulator/srv/detail/set_orientation__description.c
[93.840s] -- Up-to-date: /mnt/d/ros/mrs_uav_flightforge_simulator/install/mrs_uav_flightforge_simulator/include/mrs_uav_flightforge_simulator/mrs_uav_flightforge_simulator/srv/detail/set_orientation__functions.c
[93.872s] -- Up-to-date: /mnt/d/ros/mrs_uav_flightforge_simulator/install/mrs_uav_flightforge_simulator/include/mrs_uav_flightforge_simulator/mrs_uav_flightforge_simulator/srv/detail/set_orientation__functions.h
[93.904s] -- Up-to-date: /mnt/d/ros/mrs_uav_flightforge_simulator/install/mrs_uav_flightforge_simulator/include/mrs_uav_flightforge_simulator/mrs_uav_flightforge_simulator/srv/detail/set_orientation__struct.h
[93.932s] -- Installing: /mnt/d/ros/mrs_uav_flightforge_simulator/install/mrs_uav_flightforge_simulator/include/mrs_uav_flightforge_simulator/mrs_uav_flightforge_simulator/srv/detail/set_orientation__type_support.c
[94.035s] -- Up-to-date: /mnt/d/ros/mrs_uav_flightforge_simulator/install/mrs_uav_flightforge_simulator/include/mrs_uav_flightforge_simulator/mrs_uav_flightforge_simulator/srv/detail/set_orientation__type_support.h
[94.061s] -- Up-to-date: /mnt/d/ros/mrs_uav_flightforge_simulator/install/mrs_uav_flightforge_simulator/include/mrs_uav_flightforge_simulator/mrs_uav_flightforge_simulator/srv/set_orientation.h
[94.078s] -- Up-to-date: /mnt/d/ros/mrs_uav_flightforge_simulator/install/mrs_uav_flightforge_simulator/share/mrs_uav_flightforge_simulator/environment/library_path.sh
[94.099s] -- Up-to-date: /mnt/d/ros/mrs_uav_flightforge_simulator/install/mrs_uav_flightforge_simulator/share/mrs_uav_flightforge_simulator/environment/library_path.dsv
[94.138s] -- Up-to-date: /mnt/d/ros/mrs_uav_flightforge_simulator/install/mrs_uav_flightforge_simulator/lib/libmrs_uav_flightforge_simulator__rosidl_generator_c.so
[94.180s] -- Up-to-date: /mnt/d/ros/mrs_uav_flightforge_simulator/install/mrs_uav_flightforge_simulator/include/mrs_uav_flightforge_simulator/mrs_uav_flightforge_simulator
[94.204s] -- Up-to-date: /mnt/d/ros/mrs_uav_flightforge_simulator/install/mrs_uav_flightforge_simulator/include/mrs_uav_flightforge_simulator/mrs_uav_flightforge_simulator/msg
[94.234s] -- Up-to-date: /mnt/d/ros/mrs_uav_flightforge_simulator/install/mrs_uav_flightforge_simulator/include/mrs_uav_flightforge_simulator/mrs_uav_flightforge_simulator/msg/rosidl_typesupport_fastrtps_c__visibility_control.h
[94.258s] -- Up-to-date: /mnt/d/ros/mrs_uav_flightforge_simulator/install/mrs_uav_flightforge_simulator/include/mrs_uav_flightforge_simulator/mrs_uav_flightforge_simulator/srv
[94.291s] -- Up-to-date: /mnt/d/ros/mrs_uav_flightforge_simulator/install/mrs_uav_flightforge_simulator/include/mrs_uav_flightforge_simulator/mrs_uav_flightforge_simulator/srv/detail
[94.327s] -- Up-to-date: /mnt/d/ros/mrs_uav_flightforge_simulator/install/mrs_uav_flightforge_simulator/include/mrs_uav_flightforge_simulator/mrs_uav_flightforge_simulator/srv/detail/set_orientation__rosidl_typesupport_fastrtps_c.h
[94.370s] -- Up-to-date: /mnt/d/ros/mrs_uav_flightforge_simulator/install/mrs_uav_flightforge_simulator/lib/libmrs_uav_flightforge_simulator__rosidl_typesupport_fastrtps_c.so
[94.412s] -- Up-to-date: /mnt/d/ros/mrs_uav_flightforge_simulator/install/mrs_uav_flightforge_simulator/include/mrs_uav_flightforge_simulator/mrs_uav_flightforge_simulator
[94.436s] -- Up-to-date: /mnt/d/ros/mrs_uav_flightforge_simulator/install/mrs_uav_flightforge_simulator/include/mrs_uav_flightforge_simulator/mrs_uav_flightforge_simulator/msg
[94.469s] -- Up-to-date: /mnt/d/ros/mrs_uav_flightforge_simulator/install/mrs_uav_flightforge_simulator/include/mrs_uav_flightforge_simulator/mrs_uav_flightforge_simulator/msg/rosidl_generator_cpp__visibility_control.hpp
[94.492s] -- Up-to-date: /mnt/d/ros/mrs_uav_flightforge_simulator/install/mrs_uav_flightforge_simulator/include/mrs_uav_flightforge_simulator/mrs_uav_flightforge_simulator/srv
[94.524s] -- Up-to-date: /mnt/d/ros/mrs_uav_flightforge_simulator/install/mrs_uav_flightforge_simulator/include/mrs_uav_flightforge_simulator/mrs_uav_flightforge_simulator/srv/detail
[94.562s] -- Up-to-date: /mnt/d/ros/mrs_uav_flightforge_simulator/install/mrs_uav_flightforge_simulator/include/mrs_uav_flightforge_simulator/mrs_uav_flightforge_simulator/srv/detail/set_orientation__builder.hpp
[94.589s] -- Up-to-date: /mnt/d/ros/mrs_uav_flightforge_simulator/install/mrs_uav_flightforge_simulator/include/mrs_uav_flightforge_simulator/mrs_uav_flightforge_simulator/srv/detail/set_orientation__struct.hpp
[94.617s] -- Up-to-date: /mnt/d/ros/mrs_uav_flightforge_simulator/install/mrs_uav_flightforge_simulator/include/mrs_uav_flightforge_simulator/mrs_uav_flightforge_simulator/srv/detail/set_orientation__traits.hpp
[94.644s] -- Up-to-date: /mnt/d/ros/mrs_uav_flightforge_simulator/install/mrs_uav_flightforge_simulator/include/mrs_uav_flightforge_simulator/mrs_uav_flightforge_simulator/srv/detail/set_orientation__type_support.hpp
[94.670s] -- Up-to-date: /mnt/d/ros/mrs_uav_flightforge_simulator/install/mrs_uav_flightforge_simulator/include/mrs_uav_flightforge_simulator/mrs_uav_flightforge_simulator/srv/set_orientation.hpp
[94.688s] -- Up-to-date: /mnt/d/ros/mrs_uav_flightforge_simulator/install/mrs_uav_flightforge_simulator/include/mrs_uav_flightforge_simulator/mrs_uav_flightforge_simulator
[94.717s] -- Up-to-date: /mnt/d/ros/mrs_uav_flightforge_simulator/install/mrs_uav_flightforge_simulator/include/mrs_uav_flightforge_simulator/mrs_uav_flightforge_simulator/msg
[94.751s] -- Up-to-date: /mnt/d/ros/mrs_uav_flightforge_simulator/install/mrs_uav_flightforge_simulator/include/mrs_uav_flightforge_simulator/mrs_uav_flightforge_simulator/msg/rosidl_typesupport_fastrtps_cpp__visibility_control.h
[94.772s] -- Up-to-date: /mnt/d/ros/mrs_uav_flightforge_simulator/install/mrs_uav_flightforge_simulator/include/mrs_uav_flightforge_simulator/mrs_uav_flightforge_simulator/srv
[94.802s] -- Up-to-date: /mnt/d/ros/mrs_uav_flightforge_simulator/install/mrs_uav_flightforge_simulator/include/mrs_uav_flightforge_simulator/mrs_uav_flightforge_simulator/srv/detail
[94.836s] -- Up-to-date: /mnt/d/ros/mrs_uav_flightforge_simulator/install/mrs_uav_flightforge_simulator/include/mrs_uav_flightforge_simulator/mrs_uav_flightforge_simulator/srv/detail/dds_fastrtps
[94.875s] -- Up-to-date: /mnt/d/ros/mrs_uav_flightforge_simulator/install/mrs_uav_flightforge_simulator/include/mrs_uav_flightforge_simulator/mrs_uav_flightforge_simulator/srv/detail/set_orientation__rosidl_typesupport_fastrtps_cpp.hpp
[94.915s] -- Up-to-date: /mnt/d/ros/mrs_uav_flightforge_simulator/install/mrs_uav_flightforge_simulator/lib/libmrs_uav_flightforge_simulator__rosidl_typesupport_fastrtps_cpp.so
[94.956s] -- Up-to-date: /mnt/d/ros/mrs_uav_flightforge_simulator/install/mrs_uav_flightforge_simulator/include/mrs_uav_flightforge_simulator/mrs_uav_flightforge_simulator
[94.981s] -- Up-to-date: /mnt/d/ros/mrs_uav_flightforge_simulator/install/mrs_uav_flightforge_simulator/include/mrs_uav_flightforge_simulator/mrs_uav_flightforge_simulator/msg
[95.011s] -- Up-to-date: /mnt/d/ros/mrs_uav_flightforge_simulator/install/mrs_uav_flightforge_simulator/include/mrs_uav_flightforge_simulator/mrs_uav_flightforge_simulator/msg/rosidl_typesupport_introspection_c__visibility_control.h
[95.031s] -- Up-to-date: /mnt/d/ros/mrs_uav_flightforge_simulator/install/mrs_uav_flightforge_simulator/include/mrs_uav_flightforge_simulator/mrs_uav_flightforge_simulator/srv
[95.063s] -- Up-to-date: /mnt/d/ros/mrs_uav_flightforge_simulator/install/mrs_uav_flightforge_simulator/include/mrs_uav_flightforge_simulator/mrs_uav_flightforge_simulator/srv/detail
[95.099s] -- Up-to-date: /mnt/d/ros/mrs_uav_flightforge_simulator/install/mrs_uav_flightforge_simulator/include/mrs_uav_flightforge_simulator/mrs_uav_flightforge_simulator/srv/detail/set_orientation__rosidl_typesupport_introspection_c.h
[95.126s] -- Installing: /mnt/d/ros/mrs_uav_flightforge_simulator/install/mrs_uav_flightforge_simulator/include/mrs_uav_flightforge_simulator/mrs_uav_flightforge_simulator/srv/detail/set_orientation__type_support.c
[95.242s] -- Up-to-date: /mnt/d/ros/mrs_uav_flightforge_simulator/install/mrs_uav_flightforge_simulator/lib/libmrs_uav_flightforge_simulator__rosidl_typesupport_introspection_c.so
[95.307s] -- Up-to-date: /mnt/d/ros/mrs_uav_flightforge_simulator/install/mrs_uav_flightforge_simulator/lib/libmrs_uav_flightforge_simulator__rosidl_typesupport_c.so
[95.347s] -- Up-to-date: /mnt/d/ros/mrs_uav_flightforge_simulator/install/mrs_uav_flightforge_simulator/include/mrs_uav_flightforge_simulator/mrs_uav_flightforge_simulator
[95.373s] -- Up-to-date: /mnt/d/ros/mrs_uav_flightforge_simulator/install/mrs_uav_flightforge_simulator/include/mrs_uav_flightforge_simulator/mrs_uav_flightforge_simulator/srv
[95.403s] -- Up-to-date: /mnt/d/ros/mrs_uav_flightforge_simulator/install/mrs_uav_flightforge_simulator/include/mrs_uav_flightforge_simulator/mrs_uav_flightforge_simulator/srv/detail
[95.438s] -- Up-to-date: /mnt/d/ros/mrs_uav_flightforge_simulator/install/mrs_uav_flightforge_simulator/include/mrs_uav_flightforge_simulator/mrs_uav_flightforge_simulator/srv/detail/set_orientation__rosidl_typesupport_introspection_cpp.hpp
[95.465s] -- Up-to-date: /mnt/d/ros/mrs_uav_flightforge_simulator/install/mrs_uav_flightforge_simulator/include/mrs_uav_flightforge_simulator/mrs_uav_flightforge_simulator/srv/detail/set_orientation__type_support.cpp
[95.511s] -- Up-to-date: /mnt/d/ros/mrs_uav_flightforge_simulator/install/mrs_uav_flightforge_simulator/lib/libmrs_uav_flightforge_simulator__rosidl_typesupport_introspection_cpp.so
[95.579s] -- Up-to-date: /mnt/d/ros/mrs_uav_flightforge_simulator/install/mrs_uav_flightforge_simulator/lib/libmrs_uav_flightforge_simulator__rosidl_typesupport_cpp.so
[95.624s] -- Up-to-date: /mnt/d/ros/mrs_uav_flightforge_simulator/install/mrs_uav_flightforge_simulator/share/mrs_uav_flightforge_simulator/environment/pythonpath.sh
[95.646s] -- Up-to-date: /mnt/d/ros/mrs_uav_flightforge_simulator/install/mrs_uav_flightforge_simulator/share/mrs_uav_flightforge_simulator/environment/pythonpath.dsv
[95.665s] -- Up-to-date: /mnt/d/ros/mrs_uav_flightforge_simulator/install/mrs_uav_flightforge_simulator/lib/python3.12/site-packages/mrs_uav_flightforge_simulator-2.0.0-py3.12.egg-info
[95.698s] -- Installing: /mnt/d/ros/mrs_uav_flightforge_simulator/install/mrs_uav_flightforge_simulator/lib/python3.12/site-packages/mrs_uav_flightforge_simulator-2.0.0-py3.12.egg-info/dependency_links.txt
[95.789s] -- Installing: /mnt/d/ros/mrs_uav_flightforge_simulator/install/mrs_uav_flightforge_simulator/lib/python3.12/site-packages/mrs_uav_flightforge_simulator-2.0.0-py3.12.egg-info/PKG-INFO
[95.873s] -- Installing: /mnt/d/ros/mrs_uav_flightforge_simulator/install/mrs_uav_flightforge_simulator/lib/python3.12/site-packages/mrs_uav_flightforge_simulator-2.0.0-py3.12.egg-info/SOURCES.txt
[95.956s] -- Installing: /mnt/d/ros/mrs_uav_flightforge_simulator/install/mrs_uav_flightforge_simulator/lib/python3.12/site-packages/mrs_uav_flightforge_simulator-2.0.0-py3.12.egg-info/top_level.txt
[96.034s] -- Up-to-date: /mnt/d/ros/mrs_uav_flightforge_simulator/install/mrs_uav_flightforge_simulator/lib/python3.12/site-packages/mrs_uav_flightforge_simulator
[96.064s] -- Up-to-date: /mnt/d/ros/mrs_uav_flightforge_simulator/install/mrs_uav_flightforge_simulator/lib/python3.12/site-packages/mrs_uav_flightforge_simulator/mrs_uav_flightforge_simulator_s__rosidl_typesupport_c.so
[96.085s] -- Up-to-date: /mnt/d/ros/mrs_uav_flightforge_simulator/install/mrs_uav_flightforge_simulator/lib/python3.12/site-packages/mrs_uav_flightforge_simulator/mrs_uav_flightforge_simulator_s__rosidl_typesupport_fastrtps_c.so
[96.106s] -- Up-to-date: /mnt/d/ros/mrs_uav_flightforge_simulator/install/mrs_uav_flightforge_simulator/lib/python3.12/site-packages/mrs_uav_flightforge_simulator/mrs_uav_flightforge_simulator_s__rosidl_typesupport_introspection_c.so
[96.127s] -- Up-to-date: /mnt/d/ros/mrs_uav_flightforge_simulator/install/mrs_uav_flightforge_simulator/lib/python3.12/site-packages/mrs_uav_flightforge_simulator/srv
[96.160s] -- Up-to-date: /mnt/d/ros/mrs_uav_flightforge_simulator/install/mrs_uav_flightforge_simulator/lib/python3.12/site-packages/mrs_uav_flightforge_simulator/srv/_set_orientation.py
[96.185s] -- Up-to-date: /mnt/d/ros/mrs_uav_flightforge_simulator/install/mrs_uav_flightforge_simulator/lib/python3.12/site-packages/mrs_uav_flightforge_simulator/srv/_set_orientation_s.c
[96.209s] -- Up-to-date: /mnt/d/ros/mrs_uav_flightforge_simulator/install/mrs_uav_flightforge_simulator/lib/python3.12/site-packages/mrs_uav_flightforge_simulator/srv/__init__.py
[96.231s] -- Up-to-date: /mnt/d/ros/mrs_uav_flightforge_simulator/install/mrs_uav_flightforge_simulator/lib/python3.12/site-packages/mrs_uav_flightforge_simulator/_mrs_uav_flightforge_simulator_s.ep.rosidl_typesupport_c.c
[96.252s] -- Up-to-date: /mnt/d/ros/mrs_uav_flightforge_simulator/install/mrs_uav_flightforge_simulator/lib/python3.12/site-packages/mrs_uav_flightforge_simulator/_mrs_uav_flightforge_simulator_s.ep.rosidl_typesupport_fastrtps_c.c
[96.276s] -- Up-to-date: /mnt/d/ros/mrs_uav_flightforge_simulator/install/mrs_uav_flightforge_simulator/lib/python3.12/site-packages/mrs_uav_flightforge_simulator/_mrs_uav_flightforge_simulator_s.ep.rosidl_typesupport_introspection_c.c
[96.300s] -- Up-to-date: /mnt/d/ros/mrs_uav_flightforge_simulator/install/mrs_uav_flightforge_simulator/lib/python3.12/site-packages/mrs_uav_flightforge_simulator/__init__.py
[96.861s] Listing '/mnt/d/ros/mrs_uav_flightforge_simulator/install/mrs_uav_flightforge_simulator/lib/python3.12/site-packages/mrs_uav_flightforge_simulator'...
[96.862s] Listing '/mnt/d/ros/mrs_uav_flightforge_simulator/install/mrs_uav_flightforge_simulator/lib/python3.12/site-packages/mrs_uav_flightforge_simulator/srv'...
[96.917s] -- Up-to-date: /mnt/d/ros/mrs_uav_flightforge_simulator/install/mrs_uav_flightforge_simulator/lib/python3.12/site-packages/mrs_uav_flightforge_simulator/mrs_uav_flightforge_simulator_s__rosidl_typesupport_fastrtps_c.so
[97.014s] -- Up-to-date: /mnt/d/ros/mrs_uav_flightforge_simulator/install/mrs_uav_flightforge_simulator/lib/python3.12/site-packages/mrs_uav_flightforge_simulator/mrs_uav_flightforge_simulator_s__rosidl_typesupport_introspection_c.so
[97.113s] -- Up-to-date: /mnt/d/ros/mrs_uav_flightforge_simulator/install/mrs_uav_flightforge_simulator/lib/python3.12/site-packages/mrs_uav_flightforge_simulator/mrs_uav_flightforge_simulator_s__rosidl_typesupport_c.so
[97.197s] -- Up-to-date: /mnt/d/ros/mrs_uav_flightforge_simulator/install/mrs_uav_flightforge_simulator/lib/libmrs_uav_flightforge_simulator__rosidl_generator_py.so
[97.250s] -- Up-to-date: /mnt/d/ros/mrs_uav_flightforge_simulator/install/mrs_uav_flightforge_simulator/share/mrs_uav_flightforge_simulator/srv/SetOrientation.idl
[97.272s] -- Up-to-date: /mnt/d/ros/mrs_uav_flightforge_simulator/install/mrs_uav_flightforge_simulator/share/mrs_uav_flightforge_simulator/srv/SetOrientation.srv
[97.294s] -- Up-to-date: /mnt/d/ros/mrs_uav_flightforge_simulator/install/mrs_uav_flightforge_simulator/share/mrs_uav_flightforge_simulator/plugins.xml
[97.334s] -- Up-to-date: /mnt/d/ros/mrs_uav_flightforge_simulator/install/mrs_uav_flightforge_simulator/lib/libMrsUavFlightforgeSimulator_FlightforgeConnector.so
[97.381s] -- Installing: /mnt/d/ros/mrs_uav_flightforge_simulator/install/mrs_uav_flightforge_simulator/lib/libMrsUavFlightforgeSimulator_FlightforgeSimulator.so
[97.960s] -- Set non-toolchain portion of runtime path of "/mnt/d/ros/mrs_uav_flightforge_simulator/install/mrs_uav_flightforge_simulator/lib/libMrsUavFlightforgeSimulator_FlightforgeSimulator.so" to ""
[97.999s] -- Up-to-date: /mnt/d/ros/mrs_uav_flightforge_simulator/install/mrs_uav_flightforge_simulator/lib/libMrsUavFlightforgeSimulator_HwApiPlugin.so
[98.037s] -- Up-to-date: /mnt/d/ros/mrs_uav_flightforge_simulator/install/mrs_uav_flightforge_simulator/./include
[98.054s] -- Up-to-date: /mnt/d/ros/mrs_uav_flightforge_simulator/install/mrs_uav_flightforge_simulator/./include/cereal
[98.064s] -- Up-to-date: /mnt/d/ros/mrs_uav_flightforge_simulator/install/mrs_uav_flightforge_simulator/./include/flight_forge_connector
[98.075s] -- Up-to-date: /mnt/d/ros/mrs_uav_flightforge_simulator/install/mrs_uav_flightforge_simulator/./include/kissnet
[98.085s] -- Up-to-date: /mnt/d/ros/mrs_uav_flightforge_simulator/install/mrs_uav_flightforge_simulator/share/mrs_uav_flightforge_simulator/launch
[98.107s] -- Up-to-date: /mnt/d/ros/mrs_uav_flightforge_simulator/install/mrs_uav_flightforge_simulator/share/mrs_uav_flightforge_simulator/launch/flightforge_simulator.launch.py
[98.124s] -- Up-to-date: /mnt/d/ros/mrs_uav_flightforge_simulator/install/mrs_uav_flightforge_simulator/share/mrs_uav_flightforge_simulator/launch/hw_api.launch.py
[98.139s] -- Up-to-date: /mnt/d/ros/mrs_uav_flightforge_simulator/install/mrs_uav_flightforge_simulator/share/mrs_uav_flightforge_simulator/config
[98.162s] -- Up-to-date: /mnt/d/ros/mrs_uav_flightforge_simulator/install/mrs_uav_flightforge_simulator/share/mrs_uav_flightforge_simulator/config/flightforge_simulator.yaml
[98.179s] -- Up-to-date: /mnt/d/ros/mrs_uav_flightforge_simulator/install/mrs_uav_flightforge_simulator/share/mrs_uav_flightforge_simulator/config/hw_api.yaml
[98.196s] -- Up-to-date: /mnt/d/ros/mrs_uav_flightforge_simulator/install/mrs_uav_flightforge_simulator/share/mrs_uav_flightforge_simulator/config/uavs.yaml
[98.211s] -- Up-to-date: /mnt/d/ros/mrs_uav_flightforge_simulator/install/mrs_uav_flightforge_simulator/share/mrs_uav_flightforge_simulator/tmux
[98.235s] -- Up-to-date: /mnt/d/ros/mrs_uav_flightforge_simulator/install/mrs_uav_flightforge_simulator/share/mrs_uav_flightforge_simulator/tmux/one_drone
[98.263s] -- Up-to-date: /mnt/d/ros/mrs_uav_flightforge_simulator/install/mrs_uav_flightforge_simulator/share/mrs_uav_flightforge_simulator/tmux/one_drone/.mrs_status_display_config~
[98.287s] -- Up-to-date: /mnt/d/ros/mrs_uav_flightforge_simulator/install/mrs_uav_flightforge_simulator/share/mrs_uav_flightforge_simulator/tmux/one_drone/build
[98.327s] -- Up-to-date: /mnt/d/ros/mrs_uav_flightforge_simulator/install/mrs_uav_flightforge_simulator/share/mrs_uav_flightforge_simulator/tmux/one_drone/build/.built_by
[98.356s] -- Up-to-date: /mnt/d/ros/mrs_uav_flightforge_simulator/install/mrs_uav_flightforge_simulator/share/mrs_uav_flightforge_simulator/tmux/one_drone/build/COLCON_IGNORE
[98.381s] -- Up-to-date: /mnt/d/ros/mrs_uav_flightforge_simulator/install/mrs_uav_flightforge_simulator/share/mrs_uav_flightforge_simulator/tmux/one_drone/config
[98.416s] -- Up-to-date: /mnt/d/ros/mrs_uav_flightforge_simulator/install/mrs_uav_flightforge_simulator/share/mrs_uav_flightforge_simulator/tmux/one_drone/config/automatic_start.yaml
[98.442s] -- Up-to-date: /mnt/d/ros/mrs_uav_flightforge_simulator/install/mrs_uav_flightforge_simulator/share/mrs_uav_flightforge_simulator/tmux/one_drone/config/custom_config.yaml
[98.470s] -- Up-to-date: /mnt/d/ros/mrs_uav_flightforge_simulator/install/mrs_uav_flightforge_simulator/share/mrs_uav_flightforge_simulator/tmux/one_drone/config/network_config.yaml
[98.497s] -- Installing: /mnt/d/ros/mrs_uav_flightforge_simulator/install/mrs_uav_flightforge_simulator/share/mrs_uav_flightforge_simulator/tmux/one_drone/config/simulator.yaml
[98.602s] -- Up-to-date: /mnt/d/ros/mrs_uav_flightforge_simulator/install/mrs_uav_flightforge_simulator/share/mrs_uav_flightforge_simulator/tmux/one_drone/config/world_config.yaml
[98.626s] -- Up-to-date: /mnt/d/ros/mrs_uav_flightforge_simulator/install/mrs_uav_flightforge_simulator/share/mrs_uav_flightforge_simulator/tmux/one_drone/goto.py
[98.648s] -- Up-to-date: /mnt/d/ros/mrs_uav_flightforge_simulator/install/mrs_uav_flightforge_simulator/share/mrs_uav_flightforge_simulator/tmux/one_drone/install
[98.685s] -- Up-to-date: /mnt/d/ros/mrs_uav_flightforge_simulator/install/mrs_uav_flightforge_simulator/share/mrs_uav_flightforge_simulator/tmux/one_drone/install/.colcon_install_layout
[98.712s] -- Up-to-date: /mnt/d/ros/mrs_uav_flightforge_simulator/install/mrs_uav_flightforge_simulator/share/mrs_uav_flightforge_simulator/tmux/one_drone/install/COLCON_IGNORE
[98.742s] -- Up-to-date: /mnt/d/ros/mrs_uav_flightforge_simulator/install/mrs_uav_flightforge_simulator/share/mrs_uav_flightforge_simulator/tmux/one_drone/install/local_setup.bash
[98.774s] -- Up-to-date: /mnt/d/ros/mrs_uav_flightforge_simulator/install/mrs_uav_flightforge_simulator/share/mrs_uav_flightforge_simulator/tmux/one_drone/install/local_setup.ps1
[98.801s] -- Up-to-date: /mnt/d/ros/mrs_uav_flightforge_simulator/install/mrs_uav_flightforge_simulator/share/mrs_uav_flightforge_simulator/tmux/one_drone/install/local_setup.sh
[98.827s] -- Up-to-date: /mnt/d/ros/mrs_uav_flightforge_simulator/install/mrs_uav_flightforge_simulator/share/mrs_uav_flightforge_simulator/tmux/one_drone/install/local_setup.zsh
[98.855s] -- Up-to-date: /mnt/d/ros/mrs_uav_flightforge_simulator/install/mrs_uav_flightforge_simulator/share/mrs_uav_flightforge_simulator/tmux/one_drone/install/setup.bash
[98.883s] -- Up-to-date: /mnt/d/ros/mrs_uav_flightforge_simulator/install/mrs_uav_flightforge_simulator/share/mrs_uav_flightforge_simulator/tmux/one_drone/install/setup.ps1
[98.909s] -- Up-to-date: /mnt/d/ros/mrs_uav_flightforge_simulator/install/mrs_uav_flightforge_simulator/share/mrs_uav_flightforge_simulator/tmux/one_drone/install/setup.sh
[98.936s] -- Up-to-date: /mnt/d/ros/mrs_uav_flightforge_simulator/install/mrs_uav_flightforge_simulator/share/mrs_uav_flightforge_simulator/tmux/one_drone/install/setup.zsh
[98.963s] -- Up-to-date: /mnt/d/ros/mrs_uav_flightforge_simulator/install/mrs_uav_flightforge_simulator/share/mrs_uav_flightforge_simulator/tmux/one_drone/install/_local_setup_util_ps1.py
[98.990s] -- Up-to-date: /mnt/d/ros/mrs_uav_flightforge_simulator/install/mrs_uav_flightforge_simulator/share/mrs_uav_flightforge_simulator/tmux/one_drone/install/_local_setup_util_sh.py
[99.014s] -- Up-to-date: /mnt/d/ros/mrs_uav_flightforge_simulator/install/mrs_uav_flightforge_simulator/share/mrs_uav_flightforge_simulator/tmux/one_drone/kill.sh
[99.036s] -- Up-to-date: /mnt/d/ros/mrs_uav_flightforge_simulator/install/mrs_uav_flightforge_simulator/share/mrs_uav_flightforge_simulator/tmux/one_drone/layout.json
[99.058s] -- Up-to-date: /mnt/d/ros/mrs_uav_flightforge_simulator/install/mrs_uav_flightforge_simulator/share/mrs_uav_flightforge_simulator/tmux/one_drone/log
[99.094s] -- Up-to-date: /mnt/d/ros/mrs_uav_flightforge_simulator/install/mrs_uav_flightforge_simulator/share/mrs_uav_flightforge_simulator/tmux/one_drone/log/build_2026-03-27_16-50-15
[99.135s] -- Up-to-date: /mnt/d/ros/mrs_uav_flightforge_simulator/install/mrs_uav_flightforge_simulator/share/mrs_uav_flightforge_simulator/tmux/one_drone/log/build_2026-03-27_16-50-15/events.log
[99.166s] -- Up-to-date: /mnt/d/ros/mrs_uav_flightforge_simulator/install/mrs_uav_flightforge_simulator/share/mrs_uav_flightforge_simulator/tmux/one_drone/log/build_2026-03-27_16-50-15/logger_all.log
[99.195s] -- Up-to-date: /mnt/d/ros/mrs_uav_flightforge_simulator/install/mrs_uav_flightforge_simulator/share/mrs_uav_flightforge_simulator/tmux/one_drone/log/build_2026-03-27_16-50-21
[99.235s] -- Up-to-date: /mnt/d/ros/mrs_uav_flightforge_simulator/install/mrs_uav_flightforge_simulator/share/mrs_uav_flightforge_simulator/tmux/one_drone/log/build_2026-03-27_16-50-21/events.log
[99.267s] -- Up-to-date: /mnt/d/ros/mrs_uav_flightforge_simulator/install/mrs_uav_flightforge_simulator/share/mrs_uav_flightforge_simulator/tmux/one_drone/log/build_2026-03-27_16-50-21/logger_all.log
[99.298s] -- Up-to-date: /mnt/d/ros/mrs_uav_flightforge_simulator/install/mrs_uav_flightforge_simulator/share/mrs_uav_flightforge_simulator/tmux/one_drone/log/COLCON_IGNORE
[99.329s] -- Up-to-date: /mnt/d/ros/mrs_uav_flightforge_simulator/install/mrs_uav_flightforge_simulator/share/mrs_uav_flightforge_simulator/tmux/one_drone/log/latest
[99.347s] -- Up-to-date: /mnt/d/ros/mrs_uav_flightforge_simulator/install/mrs_uav_flightforge_simulator/share/mrs_uav_flightforge_simulator/tmux/one_drone/log/latest_build
[99.362s] -- Up-to-date: /mnt/d/ros/mrs_uav_flightforge_simulator/install/mrs_uav_flightforge_simulator/share/mrs_uav_flightforge_simulator/tmux/one_drone/path.py
[99.384s] -- Installing: /mnt/d/ros/mrs_uav_flightforge_simulator/install/mrs_uav_flightforge_simulator/share/mrs_uav_flightforge_simulator/tmux/one_drone/rviz.rviz
[99.464s] -- Up-to-date: /mnt/d/ros/mrs_uav_flightforge_simulator/install/mrs_uav_flightforge_simulator/share/mrs_uav_flightforge_simulator/tmux/one_drone/session.yml
[99.487s] -- Up-to-date: /mnt/d/ros/mrs_uav_flightforge_simulator/install/mrs_uav_flightforge_simulator/share/mrs_uav_flightforge_simulator/tmux/one_drone/start.sh
[99.509s] -- Up-to-date: /mnt/d/ros/mrs_uav_flightforge_simulator/install/mrs_uav_flightforge_simulator/share/mrs_uav_flightforge_simulator/tmux/one_drone/takeoff.sh
[99.529s] -- Up-to-date: /mnt/d/ros/mrs_uav_flightforge_simulator/install/mrs_uav_flightforge_simulator/share/mrs_uav_flightforge_simulator/srv
[99.555s] -- Up-to-date: /mnt/d/ros/mrs_uav_flightforge_simulator/install/mrs_uav_flightforge_simulator/share/mrs_uav_flightforge_simulator/srv/SetOrientation.srv
[99.590s] -- Up-to-date: /mnt/d/ros/mrs_uav_flightforge_simulator/install/mrs_uav_flightforge_simulator/share/ament_index/resource_index/package_run_dependencies/mrs_uav_flightforge_simulator
[99.624s] -- Up-to-date: /mnt/d/ros/mrs_uav_flightforge_simulator/install/mrs_uav_flightforge_simulator/share/ament_index/resource_index/parent_prefix_path/mrs_uav_flightforge_simulator
[99.642s] -- Up-to-date: /mnt/d/ros/mrs_uav_flightforge_simulator/install/mrs_uav_flightforge_simulator/share/mrs_uav_flightforge_simulator/environment/ament_prefix_path.sh
[99.663s] -- Up-to-date: /mnt/d/ros/mrs_uav_flightforge_simulator/install/mrs_uav_flightforge_simulator/share/mrs_uav_flightforge_simulator/environment/ament_prefix_path.dsv
[99.680s] -- Up-to-date: /mnt/d/ros/mrs_uav_flightforge_simulator/install/mrs_uav_flightforge_simulator/share/mrs_uav_flightforge_simulator/environment/path.sh
[99.701s] -- Up-to-date: /mnt/d/ros/mrs_uav_flightforge_simulator/install/mrs_uav_flightforge_simulator/share/mrs_uav_flightforge_simulator/environment/path.dsv
[99.720s] -- Up-to-date: /mnt/d/ros/mrs_uav_flightforge_simulator/install/mrs_uav_flightforge_simulator/share/mrs_uav_flightforge_simulator/local_setup.bash
[99.740s] -- Up-to-date: /mnt/d/ros/mrs_uav_flightforge_simulator/install/mrs_uav_flightforge_simulator/share/mrs_uav_flightforge_simulator/local_setup.sh
[99.763s] -- Up-to-date: /mnt/d/ros/mrs_uav_flightforge_simulator/install/mrs_uav_flightforge_simulator/share/mrs_uav_flightforge_simulator/local_setup.zsh
[99.786s] -- Up-to-date: /mnt/d/ros/mrs_uav_flightforge_simulator/install/mrs_uav_flightforge_simulator/share/mrs_uav_flightforge_simulator/local_setup.dsv
[99.805s] -- Installing: /mnt/d/ros/mrs_uav_flightforge_simulator/install/mrs_uav_flightforge_simulator/share/mrs_uav_flightforge_simulator/package.dsv
[99.884s] -- Up-to-date: /mnt/d/ros/mrs_uav_flightforge_simulator/install/mrs_uav_flightforge_simulator/share/ament_index/resource_index/packages/mrs_uav_flightforge_simulator
[99.916s] -- Up-to-date: /mnt/d/ros/mrs_uav_flightforge_simulator/install/mrs_uav_flightforge_simulator/share/ament_index/resource_index/mrs_uav_hw_api__pluginlib__plugin/mrs_uav_flightforge_simulator
[99.963s] -- Up-to-date: /mnt/d/ros/mrs_uav_flightforge_simulator/install/mrs_uav_flightforge_simulator/share/mrs_uav_flightforge_simulator/cmake/export_mrs_uav_flightforge_simulator__rosidl_generator_cExport.cmake
[99.990s] -- Up-to-date: /mnt/d/ros/mrs_uav_flightforge_simulator/install/mrs_uav_flightforge_simulator/share/mrs_uav_flightforge_simulator/cmake/export_mrs_uav_flightforge_simulator__rosidl_generator_cExport-noconfig.cmake
[100.035s] -- Up-to-date: /mnt/d/ros/mrs_uav_flightforge_simulator/install/mrs_uav_flightforge_simulator/share/mrs_uav_flightforge_simulator/cmake/export_mrs_uav_flightforge_simulator__rosidl_typesupport_fastrtps_cExport.cmake
[100.060s] -- Up-to-date: /mnt/d/ros/mrs_uav_flightforge_simulator/install/mrs_uav_flightforge_simulator/share/mrs_uav_flightforge_simulator/cmake/export_mrs_uav_flightforge_simulator__rosidl_typesupport_fastrtps_cExport-noconfig.cmake
[100.107s] -- Up-to-date: /mnt/d/ros/mrs_uav_flightforge_simulator/install/mrs_uav_flightforge_simulator/share/mrs_uav_flightforge_simulator/cmake/export_mrs_uav_flightforge_simulator__rosidl_generator_cppExport.cmake
[100.152s] -- Up-to-date: /mnt/d/ros/mrs_uav_flightforge_simulator/install/mrs_uav_flightforge_simulator/share/mrs_uav_flightforge_simulator/cmake/export_mrs_uav_flightforge_simulator__rosidl_typesupport_fastrtps_cppExport.cmake
[100.179s] -- Up-to-date: /mnt/d/ros/mrs_uav_flightforge_simulator/install/mrs_uav_flightforge_simulator/share/mrs_uav_flightforge_simulator/cmake/export_mrs_uav_flightforge_simulator__rosidl_typesupport_fastrtps_cppExport-noconfig.cmake
[100.224s] -- Up-to-date: /mnt/d/ros/mrs_uav_flightforge_simulator/install/mrs_uav_flightforge_simulator/share/mrs_uav_flightforge_simulator/cmake/mrs_uav_flightforge_simulator__rosidl_typesupport_introspection_cExport.cmake
[100.250s] -- Up-to-date: /mnt/d/ros/mrs_uav_flightforge_simulator/install/mrs_uav_flightforge_simulator/share/mrs_uav_flightforge_simulator/cmake/mrs_uav_flightforge_simulator__rosidl_typesupport_introspection_cExport-noconfig.cmake
[100.294s] -- Up-to-date: /mnt/d/ros/mrs_uav_flightforge_simulator/install/mrs_uav_flightforge_simulator/share/mrs_uav_flightforge_simulator/cmake/mrs_uav_flightforge_simulator__rosidl_typesupport_cExport.cmake
[100.324s] -- Up-to-date: /mnt/d/ros/mrs_uav_flightforge_simulator/install/mrs_uav_flightforge_simulator/share/mrs_uav_flightforge_simulator/cmake/mrs_uav_flightforge_simulator__rosidl_typesupport_cExport-noconfig.cmake
[100.374s] -- Up-to-date: /mnt/d/ros/mrs_uav_flightforge_simulator/install/mrs_uav_flightforge_simulator/share/mrs_uav_flightforge_simulator/cmake/mrs_uav_flightforge_simulator__rosidl_typesupport_introspection_cppExport.cmake
[100.400s] -- Up-to-date: /mnt/d/ros/mrs_uav_flightforge_simulator/install/mrs_uav_flightforge_simulator/share/mrs_uav_flightforge_simulator/cmake/mrs_uav_flightforge_simulator__rosidl_typesupport_introspection_cppExport-noconfig.cmake
[100.445s] -- Up-to-date: /mnt/d/ros/mrs_uav_flightforge_simulator/install/mrs_uav_flightforge_simulator/share/mrs_uav_flightforge_simulator/cmake/mrs_uav_flightforge_simulator__rosidl_typesupport_cppExport.cmake
[100.472s] -- Up-to-date: /mnt/d/ros/mrs_uav_flightforge_simulator/install/mrs_uav_flightforge_simulator/share/mrs_uav_flightforge_simulator/cmake/mrs_uav_flightforge_simulator__rosidl_typesupport_cppExport-noconfig.cmake
[100.517s] -- Up-to-date: /mnt/d/ros/mrs_uav_flightforge_simulator/install/mrs_uav_flightforge_simulator/share/mrs_uav_flightforge_simulator/cmake/export_mrs_uav_flightforge_simulator__rosidl_generator_pyExport.cmake
[100.547s] -- Up-to-date: /mnt/d/ros/mrs_uav_flightforge_simulator/install/mrs_uav_flightforge_simulator/share/mrs_uav_flightforge_simulator/cmake/export_mrs_uav_flightforge_simulator__rosidl_generator_pyExport-noconfig.cmake
[100.598s] -- Up-to-date: /mnt/d/ros/mrs_uav_flightforge_simulator/install/mrs_uav_flightforge_simulator/share/mrs_uav_flightforge_simulator/cmake/export_mrs_uav_flightforge_simulatorExport.cmake
[100.626s] -- Up-to-date: /mnt/d/ros/mrs_uav_flightforge_simulator/install/mrs_uav_flightforge_simulator/share/mrs_uav_flightforge_simulator/cmake/export_mrs_uav_flightforge_simulatorExport-noconfig.cmake
[100.660s] -- Up-to-date: /mnt/d/ros/mrs_uav_flightforge_simulator/install/mrs_uav_flightforge_simulator/share/ament_index/resource_index/rclcpp_components/mrs_uav_flightforge_simulator
[100.685s] -- Up-to-date: /mnt/d/ros/mrs_uav_flightforge_simulator/install/mrs_uav_flightforge_simulator/share/mrs_uav_flightforge_simulator/cmake/rosidl_cmake-extras.cmake
[100.707s] -- Up-to-date: /mnt/d/ros/mrs_uav_flightforge_simulator/install/mrs_uav_flightforge_simulator/share/mrs_uav_flightforge_simulator/cmake/ament_cmake_export_dependencies-extras.cmake
[100.728s] -- Up-to-date: /mnt/d/ros/mrs_uav_flightforge_simulator/install/mrs_uav_flightforge_simulator/share/mrs_uav_flightforge_simulator/cmake/ament_cmake_export_include_directories-extras.cmake
[100.751s] -- Up-to-date: /mnt/d/ros/mrs_uav_flightforge_simulator/install/mrs_uav_flightforge_simulator/share/mrs_uav_flightforge_simulator/cmake/ament_cmake_export_libraries-extras.cmake
[100.777s] -- Up-to-date: /mnt/d/ros/mrs_uav_flightforge_simulator/install/mrs_uav_flightforge_simulator/share/mrs_uav_flightforge_simulator/cmake/ament_cmake_export_targets-extras.cmake
[100.802s] -- Up-to-date: /mnt/d/ros/mrs_uav_flightforge_simulator/install/mrs_uav_flightforge_simulator/share/mrs_uav_flightforge_simulator/cmake/rosidl_cmake_export_typesupport_targets-extras.cmake
[100.827s] -- Up-to-date: /mnt/d/ros/mrs_uav_flightforge_simulator/install/mrs_uav_flightforge_simulator/share/mrs_uav_flightforge_simulator/cmake/rosidl_cmake_export_typesupport_libraries-extras.cmake
[100.848s] -- Up-to-date: /mnt/d/ros/mrs_uav_flightforge_simulator/install/mrs_uav_flightforge_simulator/share/mrs_uav_flightforge_simulator/cmake/mrs_uav_flightforge_simulatorConfig.cmake
[100.865s] -- Up-to-date: /mnt/d/ros/mrs_uav_flightforge_simulator/install/mrs_uav_flightforge_simulator/share/mrs_uav_flightforge_simulator/cmake/mrs_uav_flightforge_simulatorConfig-version.cmake
[100.883s] -- Up-to-date: /mnt/d/ros/mrs_uav_flightforge_simulator/install/mrs_uav_flightforge_simulator/share/mrs_uav_flightforge_simulator/package.xml
[100.905s] Invoked command in '/mnt/d/ros/mrs_uav_flightforge_simulator/build/mrs_uav_flightforge_simulator' returned '0': DEBUGINFOD_URLS=https://debuginfod.ubuntu.com /usr/bin/cmake --install /mnt/d/ros/mrs_uav_flightforge_simulator/build/mrs_uav_flightforge_simulator
