[0.219s] DEBUG:colcon:Command line arguments: ['/usr/bin/colcon', 'build']
[0.219s] DEBUG:colcon:Parsed command line arguments: Namespace(log_base=None, log_level=None, verb_name='build', build_base='build', install_base='install', merge_install=False, symlink_install=False, test_result_base=None, continue_on_error=False, executor='parallel', parallel_workers=16, event_handlers=None, ignore_user_meta=False, metas=['./colcon.meta'], base_paths=['.'], packages_ignore=None, packages_ignore_regex=None, paths=None, packages_up_to=None, packages_up_to_regex=None, packages_above=None, packages_above_and_dependencies=None, packages_above_depth=None, packages_select_by_dep=None, packages_skip_by_dep=None, packages_skip_up_to=None, packages_select_build_failed=False, packages_skip_build_finished=False, packages_select_test_failures=False, packages_skip_test_passed=False, packages_select=None, packages_skip=None, packages_select_regex=None, packages_skip_regex=None, packages_start=None, packages_end=None, allow_overriding=[], cmake_args=None, cmake_target=None, cmake_target_skip_unavailable=False, cmake_clean_cache=False, cmake_clean_first=False, cmake_force_configure=False, ament_cmake_args=None, catkin_cmake_args=None, catkin_skip_building_tests=False, mixin_files=None, mixin=None, verb_parser=<colcon_mixin.mixin.mixin_argument.MixinArgumentDecorator object at 0x7f289a069e20>, verb_extension=<colcon_core.verb.build.BuildVerb object at 0x7f289ab0ae40>, main=<bound method BuildVerb.main of <colcon_core.verb.build.BuildVerb object at 0x7f289ab0ae40>>, mixin_verb=('build',))
[0.274s] Level 1:colcon.colcon_core.package_discovery:discover_packages(colcon_meta) check parameters
[0.274s] Level 1:colcon.colcon_core.package_discovery:discover_packages(recursive) check parameters
[0.275s] Level 1:colcon.colcon_core.package_discovery:discover_packages(ignore) check parameters
[0.275s] Level 1:colcon.colcon_core.package_discovery:discover_packages(path) check parameters
[0.275s] Level 1:colcon.colcon_core.package_discovery:discover_packages(colcon_meta) discover
[0.275s] Level 1:colcon.colcon_core.package_discovery:discover_packages(recursive) discover
[0.275s] INFO:colcon.colcon_core.package_discovery:Crawling recursively for packages in '/mnt/d/ros/mrs_uav_flightforge_simulator'
[0.277s] Level 1:colcon.colcon_core.package_identification:_identify(.) by extensions ['ignore', 'ignore_ament_install']
[0.277s] Level 1:colcon.colcon_core.package_identification:_identify(.) by extension 'ignore'
[0.278s] Level 1:colcon.colcon_core.package_identification:_identify(.) by extension 'ignore_ament_install'
[0.279s] Level 1:colcon.colcon_core.package_identification:_identify(.) by extensions ['colcon_pkg']
[0.279s] Level 1:colcon.colcon_core.package_identification:_identify(.) by extension 'colcon_pkg'
[0.279s] Level 1:colcon.colcon_core.package_identification:_identify(.) by extensions ['colcon_meta']
[0.280s] Level 1:colcon.colcon_core.package_identification:_identify(.) by extension 'colcon_meta'
[0.280s] Level 1:colcon.colcon_core.package_identification:_identify(.) by extensions ['ros']
[0.280s] Level 1:colcon.colcon_core.package_identification:_identify(.) by extension 'ros'
[0.313s] DEBUG:colcon.colcon_core.package_identification:Package '.' with type 'ros.ament_cmake' and name 'mrs_uav_flightforge_simulator'
[0.313s] Level 1:colcon.colcon_core.package_discovery:discover_packages(recursive) using defaults
[0.314s] Level 1:colcon.colcon_core.package_discovery:discover_packages(ignore) discover
[0.314s] Level 1:colcon.colcon_core.package_discovery:discover_packages(ignore) using defaults
[0.314s] Level 1:colcon.colcon_core.package_discovery:discover_packages(path) discover
[0.314s] Level 1:colcon.colcon_core.package_discovery:discover_packages(path) using defaults
[0.333s] Level 1:colcon.colcon_core.package_discovery:discover_packages(prefix_path) check parameters
[0.334s] Level 1:colcon.colcon_core.package_discovery:discover_packages(prefix_path) discover
[0.337s] DEBUG:colcon.colcon_installed_package_information.package_discovery:Found 414 installed packages in /opt/ros/jazzy
[0.339s] Level 1:colcon.colcon_core.package_discovery:discover_packages(prefix_path) using defaults
[0.399s] Level 5:colcon.colcon_core.verb:set package 'mrs_uav_flightforge_simulator' build argument 'cmake_args' from command line to 'None'
[0.400s] Level 5:colcon.colcon_core.verb:set package 'mrs_uav_flightforge_simulator' build argument 'cmake_target' from command line to 'None'
[0.400s] Level 5:colcon.colcon_core.verb:set package 'mrs_uav_flightforge_simulator' build argument 'cmake_target_skip_unavailable' from command line to 'False'
[0.400s] Level 5:colcon.colcon_core.verb:set package 'mrs_uav_flightforge_simulator' build argument 'cmake_clean_cache' from command line to 'False'
[0.400s] Level 5:colcon.colcon_core.verb:set package 'mrs_uav_flightforge_simulator' build argument 'cmake_clean_first' from command line to 'False'
[0.400s] Level 5:colcon.colcon_core.verb:set package 'mrs_uav_flightforge_simulator' build argument 'cmake_force_configure' from command line to 'False'
[0.400s] Level 5:colcon.colcon_core.verb:set package 'mrs_uav_flightforge_simulator' build argument 'ament_cmake_args' from command line to 'None'
[0.401s] Level 5:colcon.colcon_core.verb:set package 'mrs_uav_flightforge_simulator' build argument 'catkin_cmake_args' from command line to 'None'
[0.401s] Level 5:colcon.colcon_core.verb:set package 'mrs_uav_flightforge_simulator' build argument 'catkin_skip_building_tests' from command line to 'False'
[0.401s] DEBUG:colcon.colcon_core.verb:Building package 'mrs_uav_flightforge_simulator' with the following arguments: {'ament_cmake_args': None, 'build_base': '/mnt/d/ros/mrs_uav_flightforge_simulator/build/mrs_uav_flightforge_simulator', 'catkin_cmake_args': None, 'catkin_skip_building_tests': False, 'cmake_args': None, 'cmake_clean_cache': False, 'cmake_clean_first': False, 'cmake_force_configure': False, 'cmake_target': None, 'cmake_target_skip_unavailable': False, 'install_base': '/mnt/d/ros/mrs_uav_flightforge_simulator/install/mrs_uav_flightforge_simulator', 'merge_install': False, 'path': '/mnt/d/ros/mrs_uav_flightforge_simulator', 'symlink_install': False, 'test_result_base': None}
[0.402s] INFO:colcon.colcon_core.executor:Executing jobs using 'parallel' executor
[0.403s] DEBUG:colcon.colcon_parallel_executor.executor.parallel:run_until_complete
[0.403s] INFO:colcon.colcon_ros.task.ament_cmake.build:Building ROS package in '/mnt/d/ros/mrs_uav_flightforge_simulator' with build type 'ament_cmake'
[0.403s] INFO:colcon.colcon_cmake.task.cmake.build:Building CMake package in '/mnt/d/ros/mrs_uav_flightforge_simulator'
[0.406s] INFO:colcon.colcon_core.plugin_system:Skipping extension 'colcon_core.shell.bat': Not used on non-Windows systems
[0.406s] INFO:colcon.colcon_core.shell:Skip shell extension 'powershell' for command environment: Not usable outside of PowerShell
[0.407s] DEBUG:colcon.colcon_core.shell:Skip shell extension 'dsv' for command environment
[0.464s] DEBUG:colcon.colcon_core.event_handler.log_command:Invoking command in '/mnt/d/ros/mrs_uav_flightforge_simulator/build/mrs_uav_flightforge_simulator': DEBUGINFOD_URLS=https://debuginfod.ubuntu.com /usr/bin/cmake --build /mnt/d/ros/mrs_uav_flightforge_simulator/build/mrs_uav_flightforge_simulator -- -j16 -l16
[93.548s] DEBUG:colcon.colcon_core.event_handler.log_command:Invoked command in '/mnt/d/ros/mrs_uav_flightforge_simulator/build/mrs_uav_flightforge_simulator' returned '0': DEBUGINFOD_URLS=https://debuginfod.ubuntu.com /usr/bin/cmake --build /mnt/d/ros/mrs_uav_flightforge_simulator/build/mrs_uav_flightforge_simulator -- -j16 -l16
[93.584s] DEBUG:colcon.colcon_core.event_handler.log_command:Invoking command in '/mnt/d/ros/mrs_uav_flightforge_simulator/build/mrs_uav_flightforge_simulator': DEBUGINFOD_URLS=https://debuginfod.ubuntu.com /usr/bin/cmake --install /mnt/d/ros/mrs_uav_flightforge_simulator/build/mrs_uav_flightforge_simulator
[99.044s] Level 1:colcon.colcon_core.environment:create_environment_scripts_only(mrs_uav_flightforge_simulator)
[99.046s] DEBUG:colcon.colcon_core.event_handler.log_command:Invoked command in '/mnt/d/ros/mrs_uav_flightforge_simulator/build/mrs_uav_flightforge_simulator' returned '0': DEBUGINFOD_URLS=https://debuginfod.ubuntu.com /usr/bin/cmake --install /mnt/d/ros/mrs_uav_flightforge_simulator/build/mrs_uav_flightforge_simulator
[99.048s] Level 1:colcon.colcon_core.environment:checking '/mnt/d/ros/mrs_uav_flightforge_simulator/install/mrs_uav_flightforge_simulator' for CMake module files
[99.215s] Level 1:colcon.colcon_core.environment:checking '/mnt/d/ros/mrs_uav_flightforge_simulator/install/mrs_uav_flightforge_simulator' for CMake config files
[99.358s] Level 1:colcon.colcon_core.shell:create_environment_hook('mrs_uav_flightforge_simulator', 'cmake_prefix_path')
[99.359s] INFO:colcon.colcon_core.shell:Creating environment hook '/mnt/d/ros/mrs_uav_flightforge_simulator/install/mrs_uav_flightforge_simulator/share/mrs_uav_flightforge_simulator/hook/cmake_prefix_path.ps1'
[99.369s] INFO:colcon.colcon_core.shell:Creating environment descriptor '/mnt/d/ros/mrs_uav_flightforge_simulator/install/mrs_uav_flightforge_simulator/share/mrs_uav_flightforge_simulator/hook/cmake_prefix_path.dsv'
[99.380s] INFO:colcon.colcon_core.shell:Creating environment hook '/mnt/d/ros/mrs_uav_flightforge_simulator/install/mrs_uav_flightforge_simulator/share/mrs_uav_flightforge_simulator/hook/cmake_prefix_path.sh'
[99.392s] Level 1:colcon.colcon_core.environment:checking '/mnt/d/ros/mrs_uav_flightforge_simulator/install/mrs_uav_flightforge_simulator/lib'
[99.394s] Level 1:colcon.colcon_core.shell:create_environment_hook('mrs_uav_flightforge_simulator', 'ld_library_path_lib')
[99.394s] INFO:colcon.colcon_core.shell:Creating environment hook '/mnt/d/ros/mrs_uav_flightforge_simulator/install/mrs_uav_flightforge_simulator/share/mrs_uav_flightforge_simulator/hook/ld_library_path_lib.ps1'
[99.404s] INFO:colcon.colcon_core.shell:Creating environment descriptor '/mnt/d/ros/mrs_uav_flightforge_simulator/install/mrs_uav_flightforge_simulator/share/mrs_uav_flightforge_simulator/hook/ld_library_path_lib.dsv'
[99.415s] INFO:colcon.colcon_core.shell:Creating environment hook '/mnt/d/ros/mrs_uav_flightforge_simulator/install/mrs_uav_flightforge_simulator/share/mrs_uav_flightforge_simulator/hook/ld_library_path_lib.sh'
[99.425s] Level 1:colcon.colcon_core.environment:checking '/mnt/d/ros/mrs_uav_flightforge_simulator/install/mrs_uav_flightforge_simulator/bin'
[99.426s] Level 1:colcon.colcon_core.environment:checking '/mnt/d/ros/mrs_uav_flightforge_simulator/install/mrs_uav_flightforge_simulator/lib/pkgconfig/mrs_uav_flightforge_simulator.pc'
[99.427s] Level 1:colcon.colcon_core.environment:checking '/mnt/d/ros/mrs_uav_flightforge_simulator/install/mrs_uav_flightforge_simulator/lib/python3.12/site-packages'
[99.428s] Level 1:colcon.colcon_core.shell:create_environment_hook('mrs_uav_flightforge_simulator', 'pythonpath')
[99.428s] INFO:colcon.colcon_core.shell:Creating environment hook '/mnt/d/ros/mrs_uav_flightforge_simulator/install/mrs_uav_flightforge_simulator/share/mrs_uav_flightforge_simulator/hook/pythonpath.ps1'
[99.439s] INFO:colcon.colcon_core.shell:Creating environment descriptor '/mnt/d/ros/mrs_uav_flightforge_simulator/install/mrs_uav_flightforge_simulator/share/mrs_uav_flightforge_simulator/hook/pythonpath.dsv'
[99.450s] INFO:colcon.colcon_core.shell:Creating environment hook '/mnt/d/ros/mrs_uav_flightforge_simulator/install/mrs_uav_flightforge_simulator/share/mrs_uav_flightforge_simulator/hook/pythonpath.sh'
[99.461s] Level 1:colcon.colcon_core.environment:checking '/mnt/d/ros/mrs_uav_flightforge_simulator/install/mrs_uav_flightforge_simulator/bin'
[99.462s] INFO:colcon.colcon_core.shell:Creating package script '/mnt/d/ros/mrs_uav_flightforge_simulator/install/mrs_uav_flightforge_simulator/share/mrs_uav_flightforge_simulator/package.ps1'
[99.470s] INFO:colcon.colcon_core.shell:Creating package descriptor '/mnt/d/ros/mrs_uav_flightforge_simulator/install/mrs_uav_flightforge_simulator/share/mrs_uav_flightforge_simulator/package.dsv'
[99.478s] INFO:colcon.colcon_core.shell:Creating package script '/mnt/d/ros/mrs_uav_flightforge_simulator/install/mrs_uav_flightforge_simulator/share/mrs_uav_flightforge_simulator/package.sh'
[99.487s] INFO:colcon.colcon_core.shell:Creating package script '/mnt/d/ros/mrs_uav_flightforge_simulator/install/mrs_uav_flightforge_simulator/share/mrs_uav_flightforge_simulator/package.bash'
[99.495s] INFO:colcon.colcon_core.shell:Creating package script '/mnt/d/ros/mrs_uav_flightforge_simulator/install/mrs_uav_flightforge_simulator/share/mrs_uav_flightforge_simulator/package.zsh'
[99.503s] Level 1:colcon.colcon_core.environment:create_file_with_runtime_dependencies(/mnt/d/ros/mrs_uav_flightforge_simulator/install/mrs_uav_flightforge_simulator/share/colcon-core/packages/mrs_uav_flightforge_simulator)
[99.527s] Level 1:colcon.colcon_core.environment:create_environment_scripts_only(mrs_uav_flightforge_simulator)
[99.527s] Level 1:colcon.colcon_core.environment:checking '/mnt/d/ros/mrs_uav_flightforge_simulator/install/mrs_uav_flightforge_simulator' for CMake module files
[99.702s] Level 1:colcon.colcon_core.environment:checking '/mnt/d/ros/mrs_uav_flightforge_simulator/install/mrs_uav_flightforge_simulator' for CMake config files
[99.837s] Level 1:colcon.colcon_core.shell:create_environment_hook('mrs_uav_flightforge_simulator', 'cmake_prefix_path')
[99.838s] INFO:colcon.colcon_core.shell:Creating environment hook '/mnt/d/ros/mrs_uav_flightforge_simulator/install/mrs_uav_flightforge_simulator/share/mrs_uav_flightforge_simulator/hook/cmake_prefix_path.ps1'
[99.849s] INFO:colcon.colcon_core.shell:Creating environment descriptor '/mnt/d/ros/mrs_uav_flightforge_simulator/install/mrs_uav_flightforge_simulator/share/mrs_uav_flightforge_simulator/hook/cmake_prefix_path.dsv'
[99.859s] INFO:colcon.colcon_core.shell:Creating environment hook '/mnt/d/ros/mrs_uav_flightforge_simulator/install/mrs_uav_flightforge_simulator/share/mrs_uav_flightforge_simulator/hook/cmake_prefix_path.sh'
[99.871s] Level 1:colcon.colcon_core.environment:checking '/mnt/d/ros/mrs_uav_flightforge_simulator/install/mrs_uav_flightforge_simulator/lib'
[99.872s] Level 1:colcon.colcon_core.shell:create_environment_hook('mrs_uav_flightforge_simulator', 'ld_library_path_lib')
[99.872s] INFO:colcon.colcon_core.shell:Creating environment hook '/mnt/d/ros/mrs_uav_flightforge_simulator/install/mrs_uav_flightforge_simulator/share/mrs_uav_flightforge_simulator/hook/ld_library_path_lib.ps1'
[99.883s] INFO:colcon.colcon_core.shell:Creating environment descriptor '/mnt/d/ros/mrs_uav_flightforge_simulator/install/mrs_uav_flightforge_simulator/share/mrs_uav_flightforge_simulator/hook/ld_library_path_lib.dsv'
[99.893s] INFO:colcon.colcon_core.shell:Creating environment hook '/mnt/d/ros/mrs_uav_flightforge_simulator/install/mrs_uav_flightforge_simulator/share/mrs_uav_flightforge_simulator/hook/ld_library_path_lib.sh'
[99.903s] Level 1:colcon.colcon_core.environment:checking '/mnt/d/ros/mrs_uav_flightforge_simulator/install/mrs_uav_flightforge_simulator/bin'
[99.904s] Level 1:colcon.colcon_core.environment:checking '/mnt/d/ros/mrs_uav_flightforge_simulator/install/mrs_uav_flightforge_simulator/lib/pkgconfig/mrs_uav_flightforge_simulator.pc'
[99.904s] Level 1:colcon.colcon_core.environment:checking '/mnt/d/ros/mrs_uav_flightforge_simulator/install/mrs_uav_flightforge_simulator/lib/python3.12/site-packages'
[99.906s] Level 1:colcon.colcon_core.shell:create_environment_hook('mrs_uav_flightforge_simulator', 'pythonpath')
[99.906s] INFO:colcon.colcon_core.shell:Creating environment hook '/mnt/d/ros/mrs_uav_flightforge_simulator/install/mrs_uav_flightforge_simulator/share/mrs_uav_flightforge_simulator/hook/pythonpath.ps1'
[99.916s] INFO:colcon.colcon_core.shell:Creating environment descriptor '/mnt/d/ros/mrs_uav_flightforge_simulator/install/mrs_uav_flightforge_simulator/share/mrs_uav_flightforge_simulator/hook/pythonpath.dsv'
[99.927s] INFO:colcon.colcon_core.shell:Creating environment hook '/mnt/d/ros/mrs_uav_flightforge_simulator/install/mrs_uav_flightforge_simulator/share/mrs_uav_flightforge_simulator/hook/pythonpath.sh'
[99.938s] Level 1:colcon.colcon_core.environment:checking '/mnt/d/ros/mrs_uav_flightforge_simulator/install/mrs_uav_flightforge_simulator/bin'
[99.938s] INFO:colcon.colcon_core.shell:Creating package script '/mnt/d/ros/mrs_uav_flightforge_simulator/install/mrs_uav_flightforge_simulator/share/mrs_uav_flightforge_simulator/package.ps1'
[99.947s] INFO:colcon.colcon_core.shell:Creating package descriptor '/mnt/d/ros/mrs_uav_flightforge_simulator/install/mrs_uav_flightforge_simulator/share/mrs_uav_flightforge_simulator/package.dsv'
[99.955s] INFO:colcon.colcon_core.shell:Creating package script '/mnt/d/ros/mrs_uav_flightforge_simulator/install/mrs_uav_flightforge_simulator/share/mrs_uav_flightforge_simulator/package.sh'
[99.963s] INFO:colcon.colcon_core.shell:Creating package script '/mnt/d/ros/mrs_uav_flightforge_simulator/install/mrs_uav_flightforge_simulator/share/mrs_uav_flightforge_simulator/package.bash'
[99.971s] INFO:colcon.colcon_core.shell:Creating package script '/mnt/d/ros/mrs_uav_flightforge_simulator/install/mrs_uav_flightforge_simulator/share/mrs_uav_flightforge_simulator/package.zsh'
[99.980s] Level 1:colcon.colcon_core.environment:create_file_with_runtime_dependencies(/mnt/d/ros/mrs_uav_flightforge_simulator/install/mrs_uav_flightforge_simulator/share/colcon-core/packages/mrs_uav_flightforge_simulator)
[99.989s] DEBUG:colcon.colcon_parallel_executor.executor.parallel:closing loop
[99.989s] DEBUG:colcon.colcon_parallel_executor.executor.parallel:loop closed
[99.990s] DEBUG:colcon.colcon_parallel_executor.executor.parallel:run_until_complete finished with '0'
[99.990s] DEBUG:colcon.colcon_core.event_reactor:joining thread
[100.040s] INFO:colcon.colcon_core.plugin_system:Skipping extension 'colcon_notification.desktop_notification.notify_send': Could not find 'notify-send'
[100.041s] INFO:colcon.colcon_core.plugin_system:Skipping extension 'colcon_notification.desktop_notification.terminal_notifier': Not used on non-Darwin systems
[100.041s] INFO:colcon.colcon_core.plugin_system:Skipping extension 'colcon_notification.desktop_notification.win32': Not used on non-Windows systems
[100.041s] INFO:colcon.colcon_notification.desktop_notification:Sending desktop notification using 'notify2'
[100.049s] DEBUG:colcon.colcon_notification.desktop_notification.notify2:Failed to initialize notify2: org.freedesktop.DBus.Error.ServiceUnknown: The name org.freedesktop.Notifications was not provided by any .service files
[100.049s] DEBUG:colcon.colcon_core.event_reactor:joined thread
[100.050s] INFO:colcon.colcon_core.shell:Creating prefix script '/mnt/d/ros/mrs_uav_flightforge_simulator/install/local_setup.ps1'
[100.054s] INFO:colcon.colcon_core.shell:Creating prefix util module '/mnt/d/ros/mrs_uav_flightforge_simulator/install/_local_setup_util_ps1.py'
[100.059s] INFO:colcon.colcon_core.shell:Creating prefix chain script '/mnt/d/ros/mrs_uav_flightforge_simulator/install/setup.ps1'
[100.063s] INFO:colcon.colcon_core.shell:Creating prefix script '/mnt/d/ros/mrs_uav_flightforge_simulator/install/local_setup.sh'
[100.067s] INFO:colcon.colcon_core.shell:Creating prefix util module '/mnt/d/ros/mrs_uav_flightforge_simulator/install/_local_setup_util_sh.py'
[100.071s] INFO:colcon.colcon_core.shell:Creating prefix chain script '/mnt/d/ros/mrs_uav_flightforge_simulator/install/setup.sh'
[100.074s] INFO:colcon.colcon_core.shell:Creating prefix script '/mnt/d/ros/mrs_uav_flightforge_simulator/install/local_setup.bash'
[100.078s] INFO:colcon.colcon_core.shell:Creating prefix chain script '/mnt/d/ros/mrs_uav_flightforge_simulator/install/setup.bash'
[100.082s] INFO:colcon.colcon_core.shell:Creating prefix script '/mnt/d/ros/mrs_uav_flightforge_simulator/install/local_setup.zsh'
[100.086s] INFO:colcon.colcon_core.shell:Creating prefix chain script '/mnt/d/ros/mrs_uav_flightforge_simulator/install/setup.zsh'
