[0.345s] DEBUG:colcon:Command line arguments: ['/usr/bin/colcon', 'build']
[0.345s] DEBUG:colcon:Parsed command line arguments: Namespace(log_base=None, log_level=None, verb_name='build', build_base='build', install_base='install', merge_install=False, symlink_install=False, test_result_base=None, continue_on_error=False, executor='parallel', parallel_workers=16, event_handlers=None, ignore_user_meta=False, metas=['./colcon.meta'], base_paths=['.'], packages_ignore=None, packages_ignore_regex=None, paths=None, packages_up_to=None, packages_up_to_regex=None, packages_above=None, packages_above_and_dependencies=None, packages_above_depth=None, packages_select_by_dep=None, packages_skip_by_dep=None, packages_skip_up_to=None, packages_select_build_failed=False, packages_skip_build_finished=False, packages_select_test_failures=False, packages_skip_test_passed=False, packages_select=None, packages_skip=None, packages_select_regex=None, packages_skip_regex=None, packages_start=None, packages_end=None, allow_overriding=[], cmake_args=None, cmake_target=None, cmake_target_skip_unavailable=False, cmake_clean_cache=False, cmake_clean_first=False, cmake_force_configure=False, ament_cmake_args=None, catkin_cmake_args=None, catkin_skip_building_tests=False, mixin_files=None, mixin=None, verb_parser=<colcon_mixin.mixin.mixin_argument.MixinArgumentDecorator object at 0x7fd0f85a6030>, verb_extension=<colcon_core.verb.build.BuildVerb object at 0x7fd0f8733950>, main=<bound method BuildVerb.main of <colcon_core.verb.build.BuildVerb object at 0x7fd0f8733950>>, mixin_verb=('build',))
[0.444s] Level 1:colcon.colcon_core.package_discovery:discover_packages(colcon_meta) check parameters
[0.444s] Level 1:colcon.colcon_core.package_discovery:discover_packages(recursive) check parameters
[0.445s] Level 1:colcon.colcon_core.package_discovery:discover_packages(ignore) check parameters
[0.445s] Level 1:colcon.colcon_core.package_discovery:discover_packages(path) check parameters
[0.445s] Level 1:colcon.colcon_core.package_discovery:discover_packages(colcon_meta) discover
[0.445s] Level 1:colcon.colcon_core.package_discovery:discover_packages(recursive) discover
[0.445s] INFO:colcon.colcon_core.package_discovery:Crawling recursively for packages in '/mnt/d/ros/mrs_uav_flightforge_simulator'
[0.447s] Level 1:colcon.colcon_core.package_identification:_identify(.) by extensions ['ignore', 'ignore_ament_install']
[0.447s] Level 1:colcon.colcon_core.package_identification:_identify(.) by extension 'ignore'
[0.448s] Level 1:colcon.colcon_core.package_identification:_identify(.) by extension 'ignore_ament_install'
[0.448s] Level 1:colcon.colcon_core.package_identification:_identify(.) by extensions ['colcon_pkg']
[0.449s] Level 1:colcon.colcon_core.package_identification:_identify(.) by extension 'colcon_pkg'
[0.449s] Level 1:colcon.colcon_core.package_identification:_identify(.) by extensions ['colcon_meta']
[0.449s] Level 1:colcon.colcon_core.package_identification:_identify(.) by extension 'colcon_meta'
[0.449s] Level 1:colcon.colcon_core.package_identification:_identify(.) by extensions ['ros']
[0.450s] Level 1:colcon.colcon_core.package_identification:_identify(.) by extension 'ros'
[0.493s] DEBUG:colcon.colcon_core.package_identification:Package '.' with type 'ros.ament_cmake' and name 'mrs_uav_flightforge_simulator'
[0.493s] Level 1:colcon.colcon_core.package_discovery:discover_packages(recursive) using defaults
[0.493s] Level 1:colcon.colcon_core.package_discovery:discover_packages(ignore) discover
[0.494s] Level 1:colcon.colcon_core.package_discovery:discover_packages(ignore) using defaults
[0.494s] Level 1:colcon.colcon_core.package_discovery:discover_packages(path) discover
[0.494s] Level 1:colcon.colcon_core.package_discovery:discover_packages(path) using defaults
[0.527s] Level 1:colcon.colcon_core.package_discovery:discover_packages(prefix_path) check parameters
[0.527s] Level 1:colcon.colcon_core.package_discovery:discover_packages(prefix_path) discover
[0.535s] DEBUG:colcon.colcon_installed_package_information.package_discovery:Found 414 installed packages in /opt/ros/jazzy
[0.538s] Level 1:colcon.colcon_core.package_discovery:discover_packages(prefix_path) using defaults
[0.610s] Level 5:colcon.colcon_core.verb:set package 'mrs_uav_flightforge_simulator' build argument 'cmake_args' from command line to 'None'
[0.611s] Level 5:colcon.colcon_core.verb:set package 'mrs_uav_flightforge_simulator' build argument 'cmake_target' from command line to 'None'
[0.611s] Level 5:colcon.colcon_core.verb:set package 'mrs_uav_flightforge_simulator' build argument 'cmake_target_skip_unavailable' from command line to 'False'
[0.611s] Level 5:colcon.colcon_core.verb:set package 'mrs_uav_flightforge_simulator' build argument 'cmake_clean_cache' from command line to 'False'
[0.611s] Level 5:colcon.colcon_core.verb:set package 'mrs_uav_flightforge_simulator' build argument 'cmake_clean_first' from command line to 'False'
[0.612s] Level 5:colcon.colcon_core.verb:set package 'mrs_uav_flightforge_simulator' build argument 'cmake_force_configure' from command line to 'False'
[0.612s] Level 5:colcon.colcon_core.verb:set package 'mrs_uav_flightforge_simulator' build argument 'ament_cmake_args' from command line to 'None'
[0.612s] Level 5:colcon.colcon_core.verb:set package 'mrs_uav_flightforge_simulator' build argument 'catkin_cmake_args' from command line to 'None'
[0.612s] Level 5:colcon.colcon_core.verb:set package 'mrs_uav_flightforge_simulator' build argument 'catkin_skip_building_tests' from command line to 'False'
[0.612s] DEBUG:colcon.colcon_core.verb:Building package 'mrs_uav_flightforge_simulator' with the following arguments: {'ament_cmake_args': None, 'build_base': '/mnt/d/ros/mrs_uav_flightforge_simulator/build/mrs_uav_flightforge_simulator', 'catkin_cmake_args': None, 'catkin_skip_building_tests': False, 'cmake_args': None, 'cmake_clean_cache': False, 'cmake_clean_first': False, 'cmake_force_configure': False, 'cmake_target': None, 'cmake_target_skip_unavailable': False, 'install_base': '/mnt/d/ros/mrs_uav_flightforge_simulator/install/mrs_uav_flightforge_simulator', 'merge_install': False, 'path': '/mnt/d/ros/mrs_uav_flightforge_simulator', 'symlink_install': False, 'test_result_base': None}
[0.613s] INFO:colcon.colcon_core.executor:Executing jobs using 'parallel' executor
[0.614s] DEBUG:colcon.colcon_parallel_executor.executor.parallel:run_until_complete
[0.614s] INFO:colcon.colcon_ros.task.ament_cmake.build:Building ROS package in '/mnt/d/ros/mrs_uav_flightforge_simulator' with build type 'ament_cmake'
[0.614s] INFO:colcon.colcon_cmake.task.cmake.build:Building CMake package in '/mnt/d/ros/mrs_uav_flightforge_simulator'
[0.621s] INFO:colcon.colcon_core.plugin_system:Skipping extension 'colcon_core.shell.bat': Not used on non-Windows systems
[0.622s] INFO:colcon.colcon_core.shell:Skip shell extension 'powershell' for command environment: Not usable outside of PowerShell
[0.622s] DEBUG:colcon.colcon_core.shell:Skip shell extension 'dsv' for command environment
[0.694s] DEBUG:colcon.colcon_core.event_handler.log_command:Invoking command in '/mnt/d/ros/mrs_uav_flightforge_simulator/build/mrs_uav_flightforge_simulator': DEBUGINFOD_URLS=https://debuginfod.ubuntu.com /usr/bin/cmake --build /mnt/d/ros/mrs_uav_flightforge_simulator/build/mrs_uav_flightforge_simulator -- -j16 -l16
[112.466s] DEBUG:colcon.colcon_core.event_handler.log_command:Invoked command in '/mnt/d/ros/mrs_uav_flightforge_simulator/build/mrs_uav_flightforge_simulator' returned '0': DEBUGINFOD_URLS=https://debuginfod.ubuntu.com /usr/bin/cmake --build /mnt/d/ros/mrs_uav_flightforge_simulator/build/mrs_uav_flightforge_simulator -- -j16 -l16
[112.507s] DEBUG:colcon.colcon_core.event_handler.log_command:Invoking command in '/mnt/d/ros/mrs_uav_flightforge_simulator/build/mrs_uav_flightforge_simulator': DEBUGINFOD_URLS=https://debuginfod.ubuntu.com /usr/bin/cmake --install /mnt/d/ros/mrs_uav_flightforge_simulator/build/mrs_uav_flightforge_simulator
[120.515s] Level 1:colcon.colcon_core.environment:create_environment_scripts_only(mrs_uav_flightforge_simulator)
[120.516s] DEBUG:colcon.colcon_core.event_handler.log_command:Invoked command in '/mnt/d/ros/mrs_uav_flightforge_simulator/build/mrs_uav_flightforge_simulator' returned '0': DEBUGINFOD_URLS=https://debuginfod.ubuntu.com /usr/bin/cmake --install /mnt/d/ros/mrs_uav_flightforge_simulator/build/mrs_uav_flightforge_simulator
[120.530s] Level 1:colcon.colcon_core.environment:checking '/mnt/d/ros/mrs_uav_flightforge_simulator/install/mrs_uav_flightforge_simulator' for CMake module files
[120.825s] Level 1:colcon.colcon_core.environment:checking '/mnt/d/ros/mrs_uav_flightforge_simulator/install/mrs_uav_flightforge_simulator' for CMake config files
[121.049s] Level 1:colcon.colcon_core.shell:create_environment_hook('mrs_uav_flightforge_simulator', 'cmake_prefix_path')
[121.049s] INFO:colcon.colcon_core.shell:Creating environment hook '/mnt/d/ros/mrs_uav_flightforge_simulator/install/mrs_uav_flightforge_simulator/share/mrs_uav_flightforge_simulator/hook/cmake_prefix_path.ps1'
[121.067s] INFO:colcon.colcon_core.shell:Creating environment descriptor '/mnt/d/ros/mrs_uav_flightforge_simulator/install/mrs_uav_flightforge_simulator/share/mrs_uav_flightforge_simulator/hook/cmake_prefix_path.dsv'
[121.084s] INFO:colcon.colcon_core.shell:Creating environment hook '/mnt/d/ros/mrs_uav_flightforge_simulator/install/mrs_uav_flightforge_simulator/share/mrs_uav_flightforge_simulator/hook/cmake_prefix_path.sh'
[121.107s] Level 1:colcon.colcon_core.environment:checking '/mnt/d/ros/mrs_uav_flightforge_simulator/install/mrs_uav_flightforge_simulator/lib'
[121.112s] Level 1:colcon.colcon_core.shell:create_environment_hook('mrs_uav_flightforge_simulator', 'ld_library_path_lib')
[121.113s] INFO:colcon.colcon_core.shell:Creating environment hook '/mnt/d/ros/mrs_uav_flightforge_simulator/install/mrs_uav_flightforge_simulator/share/mrs_uav_flightforge_simulator/hook/ld_library_path_lib.ps1'
[121.130s] INFO:colcon.colcon_core.shell:Creating environment descriptor '/mnt/d/ros/mrs_uav_flightforge_simulator/install/mrs_uav_flightforge_simulator/share/mrs_uav_flightforge_simulator/hook/ld_library_path_lib.dsv'
[121.149s] INFO:colcon.colcon_core.shell:Creating environment hook '/mnt/d/ros/mrs_uav_flightforge_simulator/install/mrs_uav_flightforge_simulator/share/mrs_uav_flightforge_simulator/hook/ld_library_path_lib.sh'
[121.167s] Level 1:colcon.colcon_core.environment:checking '/mnt/d/ros/mrs_uav_flightforge_simulator/install/mrs_uav_flightforge_simulator/bin'
[121.169s] Level 1:colcon.colcon_core.environment:checking '/mnt/d/ros/mrs_uav_flightforge_simulator/install/mrs_uav_flightforge_simulator/lib/pkgconfig/mrs_uav_flightforge_simulator.pc'
[121.171s] Level 1:colcon.colcon_core.environment:checking '/mnt/d/ros/mrs_uav_flightforge_simulator/install/mrs_uav_flightforge_simulator/lib/python3.12/site-packages'
[121.174s] Level 1:colcon.colcon_core.shell:create_environment_hook('mrs_uav_flightforge_simulator', 'pythonpath')
[121.174s] INFO:colcon.colcon_core.shell:Creating environment hook '/mnt/d/ros/mrs_uav_flightforge_simulator/install/mrs_uav_flightforge_simulator/share/mrs_uav_flightforge_simulator/hook/pythonpath.ps1'
[121.191s] INFO:colcon.colcon_core.shell:Creating environment descriptor '/mnt/d/ros/mrs_uav_flightforge_simulator/install/mrs_uav_flightforge_simulator/share/mrs_uav_flightforge_simulator/hook/pythonpath.dsv'
[121.208s] INFO:colcon.colcon_core.shell:Creating environment hook '/mnt/d/ros/mrs_uav_flightforge_simulator/install/mrs_uav_flightforge_simulator/share/mrs_uav_flightforge_simulator/hook/pythonpath.sh'
[121.225s] Level 1:colcon.colcon_core.environment:checking '/mnt/d/ros/mrs_uav_flightforge_simulator/install/mrs_uav_flightforge_simulator/bin'
[121.227s] INFO:colcon.colcon_core.shell:Creating package script '/mnt/d/ros/mrs_uav_flightforge_simulator/install/mrs_uav_flightforge_simulator/share/mrs_uav_flightforge_simulator/package.ps1'
[121.242s] INFO:colcon.colcon_core.shell:Creating package descriptor '/mnt/d/ros/mrs_uav_flightforge_simulator/install/mrs_uav_flightforge_simulator/share/mrs_uav_flightforge_simulator/package.dsv'
[121.256s] INFO:colcon.colcon_core.shell:Creating package script '/mnt/d/ros/mrs_uav_flightforge_simulator/install/mrs_uav_flightforge_simulator/share/mrs_uav_flightforge_simulator/package.sh'
[121.271s] INFO:colcon.colcon_core.shell:Creating package script '/mnt/d/ros/mrs_uav_flightforge_simulator/install/mrs_uav_flightforge_simulator/share/mrs_uav_flightforge_simulator/package.bash'
[121.285s] INFO:colcon.colcon_core.shell:Creating package script '/mnt/d/ros/mrs_uav_flightforge_simulator/install/mrs_uav_flightforge_simulator/share/mrs_uav_flightforge_simulator/package.zsh'
[121.301s] Level 1:colcon.colcon_core.environment:create_file_with_runtime_dependencies(/mnt/d/ros/mrs_uav_flightforge_simulator/install/mrs_uav_flightforge_simulator/share/colcon-core/packages/mrs_uav_flightforge_simulator)
[121.331s] Level 1:colcon.colcon_core.environment:create_environment_scripts_only(mrs_uav_flightforge_simulator)
[121.332s] Level 1:colcon.colcon_core.environment:checking '/mnt/d/ros/mrs_uav_flightforge_simulator/install/mrs_uav_flightforge_simulator' for CMake module files
[121.630s] Level 1:colcon.colcon_core.environment:checking '/mnt/d/ros/mrs_uav_flightforge_simulator/install/mrs_uav_flightforge_simulator' for CMake config files
[121.851s] Level 1:colcon.colcon_core.shell:create_environment_hook('mrs_uav_flightforge_simulator', 'cmake_prefix_path')
[121.852s] INFO:colcon.colcon_core.shell:Creating environment hook '/mnt/d/ros/mrs_uav_flightforge_simulator/install/mrs_uav_flightforge_simulator/share/mrs_uav_flightforge_simulator/hook/cmake_prefix_path.ps1'
[121.868s] INFO:colcon.colcon_core.shell:Creating environment descriptor '/mnt/d/ros/mrs_uav_flightforge_simulator/install/mrs_uav_flightforge_simulator/share/mrs_uav_flightforge_simulator/hook/cmake_prefix_path.dsv'
[121.885s] INFO:colcon.colcon_core.shell:Creating environment hook '/mnt/d/ros/mrs_uav_flightforge_simulator/install/mrs_uav_flightforge_simulator/share/mrs_uav_flightforge_simulator/hook/cmake_prefix_path.sh'
[121.906s] Level 1:colcon.colcon_core.environment:checking '/mnt/d/ros/mrs_uav_flightforge_simulator/install/mrs_uav_flightforge_simulator/lib'
[121.910s] Level 1:colcon.colcon_core.shell:create_environment_hook('mrs_uav_flightforge_simulator', 'ld_library_path_lib')
[121.911s] INFO:colcon.colcon_core.shell:Creating environment hook '/mnt/d/ros/mrs_uav_flightforge_simulator/install/mrs_uav_flightforge_simulator/share/mrs_uav_flightforge_simulator/hook/ld_library_path_lib.ps1'
[121.927s] INFO:colcon.colcon_core.shell:Creating environment descriptor '/mnt/d/ros/mrs_uav_flightforge_simulator/install/mrs_uav_flightforge_simulator/share/mrs_uav_flightforge_simulator/hook/ld_library_path_lib.dsv'
[121.946s] INFO:colcon.colcon_core.shell:Creating environment hook '/mnt/d/ros/mrs_uav_flightforge_simulator/install/mrs_uav_flightforge_simulator/share/mrs_uav_flightforge_simulator/hook/ld_library_path_lib.sh'
[121.963s] Level 1:colcon.colcon_core.environment:checking '/mnt/d/ros/mrs_uav_flightforge_simulator/install/mrs_uav_flightforge_simulator/bin'
[121.965s] Level 1:colcon.colcon_core.environment:checking '/mnt/d/ros/mrs_uav_flightforge_simulator/install/mrs_uav_flightforge_simulator/lib/pkgconfig/mrs_uav_flightforge_simulator.pc'
[121.967s] Level 1:colcon.colcon_core.environment:checking '/mnt/d/ros/mrs_uav_flightforge_simulator/install/mrs_uav_flightforge_simulator/lib/python3.12/site-packages'
[121.970s] Level 1:colcon.colcon_core.shell:create_environment_hook('mrs_uav_flightforge_simulator', 'pythonpath')
[121.971s] INFO:colcon.colcon_core.shell:Creating environment hook '/mnt/d/ros/mrs_uav_flightforge_simulator/install/mrs_uav_flightforge_simulator/share/mrs_uav_flightforge_simulator/hook/pythonpath.ps1'
[121.987s] INFO:colcon.colcon_core.shell:Creating environment descriptor '/mnt/d/ros/mrs_uav_flightforge_simulator/install/mrs_uav_flightforge_simulator/share/mrs_uav_flightforge_simulator/hook/pythonpath.dsv'
[122.005s] INFO:colcon.colcon_core.shell:Creating environment hook '/mnt/d/ros/mrs_uav_flightforge_simulator/install/mrs_uav_flightforge_simulator/share/mrs_uav_flightforge_simulator/hook/pythonpath.sh'
[122.021s] Level 1:colcon.colcon_core.environment:checking '/mnt/d/ros/mrs_uav_flightforge_simulator/install/mrs_uav_flightforge_simulator/bin'
[122.023s] INFO:colcon.colcon_core.shell:Creating package script '/mnt/d/ros/mrs_uav_flightforge_simulator/install/mrs_uav_flightforge_simulator/share/mrs_uav_flightforge_simulator/package.ps1'
[122.039s] INFO:colcon.colcon_core.shell:Creating package descriptor '/mnt/d/ros/mrs_uav_flightforge_simulator/install/mrs_uav_flightforge_simulator/share/mrs_uav_flightforge_simulator/package.dsv'
[122.056s] INFO:colcon.colcon_core.shell:Creating package script '/mnt/d/ros/mrs_uav_flightforge_simulator/install/mrs_uav_flightforge_simulator/share/mrs_uav_flightforge_simulator/package.sh'
[122.070s] INFO:colcon.colcon_core.shell:Creating package script '/mnt/d/ros/mrs_uav_flightforge_simulator/install/mrs_uav_flightforge_simulator/share/mrs_uav_flightforge_simulator/package.bash'
[122.085s] INFO:colcon.colcon_core.shell:Creating package script '/mnt/d/ros/mrs_uav_flightforge_simulator/install/mrs_uav_flightforge_simulator/share/mrs_uav_flightforge_simulator/package.zsh'
[122.101s] Level 1:colcon.colcon_core.environment:create_file_with_runtime_dependencies(/mnt/d/ros/mrs_uav_flightforge_simulator/install/mrs_uav_flightforge_simulator/share/colcon-core/packages/mrs_uav_flightforge_simulator)
[122.111s] DEBUG:colcon.colcon_parallel_executor.executor.parallel:closing loop
[122.112s] DEBUG:colcon.colcon_parallel_executor.executor.parallel:loop closed
[122.112s] DEBUG:colcon.colcon_parallel_executor.executor.parallel:run_until_complete finished with '0'
[122.112s] DEBUG:colcon.colcon_core.event_reactor:joining thread
[122.170s] INFO:colcon.colcon_core.plugin_system:Skipping extension 'colcon_notification.desktop_notification.notify_send': Could not find 'notify-send'
[122.171s] INFO:colcon.colcon_core.plugin_system:Skipping extension 'colcon_notification.desktop_notification.terminal_notifier': Not used on non-Darwin systems
[122.171s] INFO:colcon.colcon_core.plugin_system:Skipping extension 'colcon_notification.desktop_notification.win32': Not used on non-Windows systems
[122.171s] INFO:colcon.colcon_notification.desktop_notification:Sending desktop notification using 'notify2'
[122.184s] DEBUG:colcon.colcon_notification.desktop_notification.notify2:Failed to initialize notify2: org.freedesktop.DBus.Error.ServiceUnknown: The name org.freedesktop.Notifications was not provided by any .service files
[122.185s] DEBUG:colcon.colcon_core.event_reactor:joined thread
[122.186s] INFO:colcon.colcon_core.shell:Creating prefix script '/mnt/d/ros/mrs_uav_flightforge_simulator/install/local_setup.ps1'
[122.193s] INFO:colcon.colcon_core.shell:Creating prefix util module '/mnt/d/ros/mrs_uav_flightforge_simulator/install/_local_setup_util_ps1.py'
[122.201s] INFO:colcon.colcon_core.shell:Creating prefix chain script '/mnt/d/ros/mrs_uav_flightforge_simulator/install/setup.ps1'
[122.208s] INFO:colcon.colcon_core.shell:Creating prefix script '/mnt/d/ros/mrs_uav_flightforge_simulator/install/local_setup.sh'
[122.215s] INFO:colcon.colcon_core.shell:Creating prefix util module '/mnt/d/ros/mrs_uav_flightforge_simulator/install/_local_setup_util_sh.py'
[122.221s] INFO:colcon.colcon_core.shell:Creating prefix chain script '/mnt/d/ros/mrs_uav_flightforge_simulator/install/setup.sh'
[122.227s] INFO:colcon.colcon_core.shell:Creating prefix script '/mnt/d/ros/mrs_uav_flightforge_simulator/install/local_setup.bash'
[122.235s] INFO:colcon.colcon_core.shell:Creating prefix chain script '/mnt/d/ros/mrs_uav_flightforge_simulator/install/setup.bash'
[122.242s] INFO:colcon.colcon_core.shell:Creating prefix script '/mnt/d/ros/mrs_uav_flightforge_simulator/install/local_setup.zsh'
[122.249s] INFO:colcon.colcon_core.shell:Creating prefix chain script '/mnt/d/ros/mrs_uav_flightforge_simulator/install/setup.zsh'
