[0.085s] Invoking command in '/mnt/d/ros/mrs_uav_flightforge_simulator/build/mrs_uav_flightforge_simulator': DEBUGINFOD_URLS=https://debuginfod.ubuntu.com /usr/bin/cmake --build /mnt/d/ros/mrs_uav_flightforge_simulator/build/mrs_uav_flightforge_simulator -- -j16 -l16
[0.623s] [  2%] Built target mrs_uav_flightforge_simulator__rosidl_generator_type_description
[0.754s] [  7%] Built target MrsUavFlightforgeSimulator_HwApiPlugin
[0.789s] [  9%] Built target mrs_uav_flightforge_simulator__cpp
[0.859s] [ 19%] Built target MrsUavFlightforgeSimulator_FlightforgeConnector
[0.944s] [ 30%] Built target mrs_uav_flightforge_simulator__rosidl_generator_c
[1.116s] [ 38%] Built target mrs_uav_flightforge_simulator__rosidl_typesupport_c
[1.126s] [ 47%] Built target mrs_uav_flightforge_simulator__rosidl_typesupport_cpp
[1.134s] [ 57%] Built target mrs_uav_flightforge_simulator__rosidl_typesupport_introspection_cpp
[1.142s] [ 66%] Built target mrs_uav_flightforge_simulator__rosidl_typesupport_fastrtps_c
[1.144s] [ 66%] Built target mrs_uav_flightforge_simulator__rosidl_typesupport_fastrtps_cpp
[1.158s] [ 73%] Built target mrs_uav_flightforge_simulator__rosidl_typesupport_introspection_c
[1.207s] [ 73%] Built target ament_cmake_python_copy_mrs_uav_flightforge_simulator
[1.221s] [ 73%] Built target mrs_uav_flightforge_simulator
[1.337s] [ 76%] Built target mrs_uav_flightforge_simulator__py
[1.470s] [ 80%] Built target mrs_uav_flightforge_simulator__rosidl_generator_py
[1.591s] [ 90%] Built target mrs_uav_flightforge_simulator_s__rosidl_typesupport_fastrtps_c
[1.592s] [ 90%] Built target mrs_uav_flightforge_simulator_s__rosidl_typesupport_introspection_c
[1.613s] running egg_info
[1.616s] [ 95%] Built target mrs_uav_flightforge_simulator_s__rosidl_typesupport_c
[1.640s] writing mrs_uav_flightforge_simulator.egg-info/PKG-INFO
[1.645s] writing dependency_links to mrs_uav_flightforge_simulator.egg-info/dependency_links.txt
[1.652s] writing top-level names to mrs_uav_flightforge_simulator.egg-info/top_level.txt
[1.752s] reading manifest file 'mrs_uav_flightforge_simulator.egg-info/SOURCES.txt'
[1.792s] writing manifest file 'mrs_uav_flightforge_simulator.egg-info/SOURCES.txt'
[1.829s] [ 95%] Built target ament_cmake_python_build_mrs_uav_flightforge_simulator_egg
[2.674s] [ 97%] [32mBuilding CXX object CMakeFiles/MrsUavFlightforgeSimulator_FlightforgeSimulator.dir/src/flightforge_simulator.cpp.o[0m
[48.966s] In file included from [01m[K/mnt/d/ros/mrs_uav_flightforge_simulator/include/flight_forge_connector/socket_client.h:17[m[K,
[48.967s]                  from [01m[K/mnt/d/ros/mrs_uav_flightforge_simulator/include/flight_forge_connector/flight_forge_connector.h:10[m[K,
[48.968s]                  from [01m[K/mnt/d/ros/mrs_uav_flightforge_simulator/src/flightforge_simulator.cpp:40[m[K:
[48.969s] [01m[K/mnt/d/ros/mrs_uav_flightforge_simulator/include/kissnet/kissnet.hpp:403:41:[m[K [01;35m[Kwarning: [m[Kmissing initializer for member ‘[01m[Ksockaddr_storage::__ss_padding[m[K’ [[01;35m[K]8;;https://gcc.gnu.org/onlinedocs/gcc/Warning-Options.html#index-Wmissing-field-initializers-Wmissing-field-initializers]8;;[m[K]
[48.970s]   403 |             sockaddr_storage adrinf = {0[01;35m[K}[m[K;
[48.970s]       |                                         [01;35m[K^[m[K
[48.971s] [01m[K/mnt/d/ros/mrs_uav_flightforge_simulator/include/kissnet/kissnet.hpp:403:41:[m[K [01;35m[Kwarning: [m[Kmissing initializer for member ‘[01m[Ksockaddr_storage::__ss_align[m[K’ [[01;35m[K]8;;https://gcc.gnu.org/onlinedocs/gcc/Warning-Options.html#index-Wmissing-field-initializers-Wmissing-field-initializers]8;;[m[K]
[50.066s] [01m[K/mnt/d/ros/mrs_uav_flightforge_simulator/src/flightforge_simulator.cpp:[m[K In member function ‘[01m[Kvoid mrs_uav_flightforge_simulator::FlightforgeSimulator::[01;32m[KtimerStatus[m[K()[m[K’:
[50.067s] [01m[K/mnt/d/ros/mrs_uav_flightforge_simulator/src/flightforge_simulator.cpp:1451:18:[m[K [01;31m[Kerror: [m[K‘[01m[Kstruct mrs_uav_flightforge_simulator::FlightforgeSimulator::drs_params[m[K’ has no member named ‘[01m[Kdepth_rate[m[K’; did you mean ‘[01m[Krgb_depth_rate[m[K’?
[50.067s]  1451 |   if (drs_params.[01;31m[Kdepth_rate[m[K > highest_fps) {
[50.068s]       |                  [01;31m[K^~~~~~~~~~[m[K
[50.069s]       |                  [32m[Krgb_depth_rate[m[K
[50.069s] [01m[K/mnt/d/ros/mrs_uav_flightforge_simulator/src/flightforge_simulator.cpp:1452:32:[m[K [01;31m[Kerror: [m[K‘[01m[Kstruct mrs_uav_flightforge_simulator::FlightforgeSimulator::drs_params[m[K’ has no member named ‘[01m[Kdepth_rate[m[K’; did you mean ‘[01m[Krgb_depth_rate[m[K’?
[50.070s]  1452 |       highest_fps = drs_params.[01;31m[Kdepth_rate[m[K;
[50.071s]       |                                [01;31m[K^~~~~~~~~~[m[K
[50.071s]       |                                [32m[Krgb_depth_rate[m[K
[73.041s] gmake[2]: *** [CMakeFiles/MrsUavFlightforgeSimulator_FlightforgeSimulator.dir/build.make:76: CMakeFiles/MrsUavFlightforgeSimulator_FlightforgeSimulator.dir/src/flightforge_simulator.cpp.o] Error 1
[73.044s] gmake[1]: *** [CMakeFiles/Makefile2:654: CMakeFiles/MrsUavFlightforgeSimulator_FlightforgeSimulator.dir/all] Error 2
[73.045s] gmake: *** [Makefile:146: all] Error 2
[73.055s] Invoked command in '/mnt/d/ros/mrs_uav_flightforge_simulator/build/mrs_uav_flightforge_simulator' returned '2': DEBUGINFOD_URLS=https://debuginfod.ubuntu.com /usr/bin/cmake --build /mnt/d/ros/mrs_uav_flightforge_simulator/build/mrs_uav_flightforge_simulator -- -j16 -l16
