[0.085s] Invoking command in '/mnt/d/ros/mrs_uav_flightforge_simulator/build/mrs_uav_flightforge_simulator': DEBUGINFOD_URLS=https://debuginfod.ubuntu.com /usr/bin/cmake --build /mnt/d/ros/mrs_uav_flightforge_simulator/build/mrs_uav_flightforge_simulator -- -j16 -l16
[0.685s] [  2%] Built target mrs_uav_flightforge_simulator__rosidl_generator_type_description
[0.834s] [  4%] Built target mrs_uav_flightforge_simulator__cpp
[0.993s] [  9%] Built target MrsUavFlightforgeSimulator_HwApiPlugin
[1.013s] [ 28%] Built target mrs_uav_flightforge_simulator__rosidl_generator_c
[1.019s] [ 30%] Built target MrsUavFlightforgeSimulator_FlightforgeConnector
[1.209s] [ 45%] Built target mrs_uav_flightforge_simulator__rosidl_typesupport_cpp
[1.210s] [ 45%] Built target mrs_uav_flightforge_simulator__rosidl_typesupport_c
[1.229s] [ 54%] Built target mrs_uav_flightforge_simulator__rosidl_typesupport_introspection_c
[1.236s] [ 66%] Built target mrs_uav_flightforge_simulator__rosidl_typesupport_fastrtps_cpp
[1.237s] [ 66%] Built target mrs_uav_flightforge_simulator__rosidl_typesupport_fastrtps_c
[1.245s] [ 73%] Built target mrs_uav_flightforge_simulator__rosidl_typesupport_introspection_cpp
[1.246s] [ 73%] Built target ament_cmake_python_copy_mrs_uav_flightforge_simulator
[1.315s] [ 73%] Built target mrs_uav_flightforge_simulator
[1.447s] [ 76%] Built target mrs_uav_flightforge_simulator__py
[1.588s] running egg_info
[1.604s] [ 80%] Built target mrs_uav_flightforge_simulator__rosidl_generator_py
[1.614s] writing mrs_uav_flightforge_simulator.egg-info/PKG-INFO
[1.619s] writing dependency_links to mrs_uav_flightforge_simulator.egg-info/dependency_links.txt
[1.626s] writing top-level names to mrs_uav_flightforge_simulator.egg-info/top_level.txt
[1.734s] reading manifest file 'mrs_uav_flightforge_simulator.egg-info/SOURCES.txt'
[1.755s] [ 90%] Built target mrs_uav_flightforge_simulator_s__rosidl_typesupport_introspection_c
[1.757s] [ 90%] Built target mrs_uav_flightforge_simulator_s__rosidl_typesupport_c
[1.767s] [ 95%] Built target mrs_uav_flightforge_simulator_s__rosidl_typesupport_fastrtps_c
[1.779s] writing manifest file 'mrs_uav_flightforge_simulator.egg-info/SOURCES.txt'
[1.816s] [ 95%] Built target ament_cmake_python_build_mrs_uav_flightforge_simulator_egg
[2.862s] [ 97%] [32mBuilding CXX object CMakeFiles/MrsUavFlightforgeSimulator_FlightforgeSimulator.dir/src/flightforge_simulator.cpp.o[0m
[46.042s] In file included from [01m[K/mnt/d/ros/mrs_uav_flightforge_simulator/include/flight_forge_connector/socket_client.h:17[m[K,
[46.043s]                  from [01m[K/mnt/d/ros/mrs_uav_flightforge_simulator/include/flight_forge_connector/flight_forge_connector.h:10[m[K,
[46.044s]                  from [01m[K/mnt/d/ros/mrs_uav_flightforge_simulator/src/flightforge_simulator.cpp:40[m[K:
[46.044s] [01m[K/mnt/d/ros/mrs_uav_flightforge_simulator/include/kissnet/kissnet.hpp:403:41:[m[K [01;35m[Kwarning: [m[Kmissing initializer for member ‘[01m[Ksockaddr_storage::__ss_padding[m[K’ [[01;35m[K]8;;https://gcc.gnu.org/onlinedocs/gcc/Warning-Options.html#index-Wmissing-field-initializers-Wmissing-field-initializers]8;;[m[K]
[46.045s]   403 |             sockaddr_storage adrinf = {0[01;35m[K}[m[K;
[46.046s]       |                                         [01;35m[K^[m[K
[46.047s] [01m[K/mnt/d/ros/mrs_uav_flightforge_simulator/include/kissnet/kissnet.hpp:403:41:[m[K [01;35m[Kwarning: [m[Kmissing initializer for member ‘[01m[Ksockaddr_storage::__ss_align[m[K’ [[01;35m[K]8;;https://gcc.gnu.org/onlinedocs/gcc/Warning-Options.html#index-Wmissing-field-initializers-Wmissing-field-initializers]8;;[m[K]
[47.117s] [01m[K/mnt/d/ros/mrs_uav_flightforge_simulator/src/flightforge_simulator.cpp:[m[K In member function ‘[01m[Kvoid mrs_uav_flightforge_simulator::FlightforgeSimulator::[01;32m[KtimerStatus[m[K()[m[K’:
[47.118s] [01m[K/mnt/d/ros/mrs_uav_flightforge_simulator/src/flightforge_simulator.cpp:1448:18:[m[K [01;31m[Kerror: [m[K‘[01m[Kstruct mrs_uav_flightforge_simulator::FlightforgeSimulator::drs_params[m[K’ has no member named ‘[01m[Kdepth_rate[m[K’; did you mean ‘[01m[Krgb_depth_rate[m[K’?
[47.119s]  1448 |   if (drs_params.[01;31m[Kdepth_rate[m[K > highest_fps) {
[47.120s]       |                  [01;31m[K^~~~~~~~~~[m[K
[47.120s]       |                  [32m[Krgb_depth_rate[m[K
[47.121s] [01m[K/mnt/d/ros/mrs_uav_flightforge_simulator/src/flightforge_simulator.cpp:1449:32:[m[K [01;31m[Kerror: [m[K‘[01m[Kstruct mrs_uav_flightforge_simulator::FlightforgeSimulator::drs_params[m[K’ has no member named ‘[01m[Kdepth_rate[m[K’; did you mean ‘[01m[Krgb_depth_rate[m[K’?
[47.122s]  1449 |       highest_fps = drs_params.[01;31m[Kdepth_rate[m[K;
[47.122s]       |                                [01;31m[K^~~~~~~~~~[m[K
[47.123s]       |                                [32m[Krgb_depth_rate[m[K
[63.790s] gmake[2]: *** [CMakeFiles/MrsUavFlightforgeSimulator_FlightforgeSimulator.dir/build.make:76: CMakeFiles/MrsUavFlightforgeSimulator_FlightforgeSimulator.dir/src/flightforge_simulator.cpp.o] Error 1
[63.792s] gmake[1]: *** [CMakeFiles/Makefile2:654: CMakeFiles/MrsUavFlightforgeSimulator_FlightforgeSimulator.dir/all] Error 2
[63.793s] gmake: *** [Makefile:146: all] Error 2
[63.795s] Invoked command in '/mnt/d/ros/mrs_uav_flightforge_simulator/build/mrs_uav_flightforge_simulator' returned '2': DEBUGINFOD_URLS=https://debuginfod.ubuntu.com /usr/bin/cmake --build /mnt/d/ros/mrs_uav_flightforge_simulator/build/mrs_uav_flightforge_simulator -- -j16 -l16
