[0.072s] Invoking command in '/mnt/d/ros/mrs_uav_flightforge_simulator/build/mrs_uav_flightforge_simulator': DEBUGINFOD_URLS=https://debuginfod.ubuntu.com /usr/bin/cmake /mnt/d/ros/mrs_uav_flightforge_simulator -DAMENT_CMAKE_SYMLINK_INSTALL=1 -DCMAKE_INSTALL_PREFIX=/mnt/d/ros/mrs_uav_flightforge_simulator/install/mrs_uav_flightforge_simulator
[0.257s] -- Found rclcpp: 28.1.16 (/opt/ros/jazzy/share/rclcpp/cmake)
[0.301s] -- Found Python3: /usr/bin/python3 (found version "3.12.3") found components: Interpreter 
[0.479s] -- Override CMake install command with custom implementation using symlinks instead of copying resources
[0.853s] -- Found rosidl_generator_c: 4.6.7 (/opt/ros/jazzy/share/rosidl_generator_c/cmake)
[0.892s] -- Found rosidl_generator_cpp: 4.6.7 (/opt/ros/jazzy/share/rosidl_generator_cpp/cmake)
[0.951s] -- Using all available rosidl_typesupport_c: rosidl_typesupport_fastrtps_c;rosidl_typesupport_introspection_c
[1.018s] -- Using all available rosidl_typesupport_cpp: rosidl_typesupport_fastrtps_cpp;rosidl_typesupport_introspection_cpp
[1.226s] -- Found rmw_implementation_cmake: 7.3.3 (/opt/ros/jazzy/share/rmw_implementation_cmake/cmake)
[1.244s] -- Found rmw_fastrtps_cpp: 8.4.3 (/opt/ros/jazzy/share/rmw_fastrtps_cpp/cmake)
[1.722s] -- Using RMW implementation 'rmw_fastrtps_cpp' as default
[1.957s] -- Found rclcpp_components: 28.1.16 (/opt/ros/jazzy/share/rclcpp_components/cmake)
[2.024s] -- Found mrs_lib: 2.0.0 (/opt/ros/jazzy/share/mrs_lib/cmake)
[2.280s] -- Found eigen3_cmake_module: 0.3.0 (/opt/ros/jazzy/share/eigen3_cmake_module/cmake)
[2.286s] -- Ensuring Eigen3 include directory is part of orocos-kdl CMake target
[2.581s] -- Found mrs_uav_hw_api: 2.0.0 (/opt/ros/jazzy/share/mrs_uav_hw_api/cmake)
[2.671s] -- Found mrs_multirotor_simulator: 2.0.0 (/opt/ros/jazzy/share/mrs_multirotor_simulator/cmake)
[2.710s] -- Found image_transport: 5.1.7 (/opt/ros/jazzy/share/image_transport/cmake)
[2.723s] -- Found cv_bridge: 4.1.0 (/opt/ros/jazzy/share/cv_bridge/cmake)
[2.748s] -- Found pcl_ros: 2.6.2 (/opt/ros/jazzy/share/pcl_ros/cmake)
[2.884s] [33mCMake Warning (dev) at /usr/lib/x86_64-linux-gnu/cmake/pcl/Modules/FindFLANN.cmake:45 (find_package):
[2.884s]   Policy CMP0144 is not set: find_package uses upper-case <PACKAGENAME>_ROOT
[2.885s]   variables.  Run "cmake --help-policy CMP0144" for policy details.  Use the
[2.887s]   cmake_policy command to set the policy and suppress this warning.
[2.887s] 
[2.888s]   CMake variable FLANN_ROOT is set to:
[2.889s] 
[2.890s]     /usr
[2.891s] 
[2.892s]   For compatibility, find_package is ignoring the variable, but code in a
[2.893s]   .cmake module might still use it.
[2.893s] Call Stack (most recent call first):
[2.894s]   /usr/lib/x86_64-linux-gnu/cmake/pcl/PCLConfig.cmake:261 (find_package)
[2.895s]   /usr/lib/x86_64-linux-gnu/cmake/pcl/PCLConfig.cmake:306 (find_flann)
[2.896s]   /usr/lib/x86_64-linux-gnu/cmake/pcl/PCLConfig.cmake:570 (find_external_library)
[2.897s]   /opt/ros/jazzy/share/pcl_conversions/cmake/ament_cmake_export_dependencies-extras.cmake:21 (find_package)
[2.898s]   /opt/ros/jazzy/share/pcl_conversions/cmake/pcl_conversionsConfig.cmake:41 (include)
[2.899s]   /opt/ros/jazzy/share/pcl_ros/cmake/ament_cmake_export_dependencies-extras.cmake:21 (find_package)
[2.900s]   /opt/ros/jazzy/share/pcl_ros/cmake/pcl_rosConfig.cmake:41 (include)
[2.900s]   CMakeLists.txt:62 (find_package)
[2.901s] This warning is for project developers.  Use -Wno-dev to suppress it.
[2.902s] [0m
[2.903s] Invoked command in '/mnt/d/ros/mrs_uav_flightforge_simulator/build/mrs_uav_flightforge_simulator' returned '-2': DEBUGINFOD_URLS=https://debuginfod.ubuntu.com /usr/bin/cmake /mnt/d/ros/mrs_uav_flightforge_simulator -DAMENT_CMAKE_SYMLINK_INSTALL=1 -DCMAKE_INSTALL_PREFIX=/mnt/d/ros/mrs_uav_flightforge_simulator/install/mrs_uav_flightforge_simulator
