[0.401s] DEBUG:colcon:Command line arguments: ['/usr/bin/colcon', 'build']
[0.402s] DEBUG:colcon:Parsed command line arguments: Namespace(log_base=None, log_level=None, verb_name='build', build_base='build', install_base='install', merge_install=False, symlink_install=False, test_result_base=None, continue_on_error=False, executor='parallel', parallel_workers=16, event_handlers=None, ignore_user_meta=False, metas=['./colcon.meta'], base_paths=['.'], packages_ignore=None, packages_ignore_regex=None, paths=None, packages_up_to=None, packages_up_to_regex=None, packages_above=None, packages_above_and_dependencies=None, packages_above_depth=None, packages_select_by_dep=None, packages_skip_by_dep=None, packages_skip_up_to=None, packages_select_build_failed=False, packages_skip_build_finished=False, packages_select_test_failures=False, packages_skip_test_passed=False, packages_select=None, packages_skip=None, packages_select_regex=None, packages_skip_regex=None, packages_start=None, packages_end=None, allow_overriding=[], cmake_args=None, cmake_target=None, cmake_target_skip_unavailable=False, cmake_clean_cache=False, cmake_clean_first=False, cmake_force_configure=False, ament_cmake_args=None, catkin_cmake_args=None, catkin_skip_building_tests=False, mixin_files=None, mixin=None, verb_parser=<colcon_mixin.mixin.mixin_argument.MixinArgumentDecorator object at 0x7f3b246012e0>, verb_extension=<colcon_core.verb.build.BuildVerb object at 0x7f3b2462e6c0>, main=<bound method BuildVerb.main of <colcon_core.verb.build.BuildVerb object at 0x7f3b2462e6c0>>, mixin_verb=('build',))
[0.513s] Level 1:colcon.colcon_core.package_discovery:discover_packages(colcon_meta) check parameters
[0.514s] Level 1:colcon.colcon_core.package_discovery:discover_packages(recursive) check parameters
[0.514s] Level 1:colcon.colcon_core.package_discovery:discover_packages(ignore) check parameters
[0.514s] Level 1:colcon.colcon_core.package_discovery:discover_packages(path) check parameters
[0.514s] Level 1:colcon.colcon_core.package_discovery:discover_packages(colcon_meta) discover
[0.514s] Level 1:colcon.colcon_core.package_discovery:discover_packages(recursive) discover
[0.515s] INFO:colcon.colcon_core.package_discovery:Crawling recursively for packages in '/mnt/d/ros/mrs_uav_flightforge_simulator'
[0.519s] Level 1:colcon.colcon_core.package_identification:_identify(.) by extensions ['ignore', 'ignore_ament_install']
[0.520s] Level 1:colcon.colcon_core.package_identification:_identify(.) by extension 'ignore'
[0.520s] Level 1:colcon.colcon_core.package_identification:_identify(.) by extension 'ignore_ament_install'
[0.522s] Level 1:colcon.colcon_core.package_identification:_identify(.) by extensions ['colcon_pkg']
[0.523s] Level 1:colcon.colcon_core.package_identification:_identify(.) by extension 'colcon_pkg'
[0.524s] Level 1:colcon.colcon_core.package_identification:_identify(.) by extensions ['colcon_meta']
[0.524s] Level 1:colcon.colcon_core.package_identification:_identify(.) by extension 'colcon_meta'
[0.524s] Level 1:colcon.colcon_core.package_identification:_identify(.) by extensions ['ros']
[0.525s] Level 1:colcon.colcon_core.package_identification:_identify(.) by extension 'ros'
[0.609s] DEBUG:colcon.colcon_core.package_identification:Package '.' with type 'ros.ament_cmake' and name 'mrs_uav_flightforge_simulator'
[0.609s] Level 1:colcon.colcon_core.package_discovery:discover_packages(recursive) using defaults
[0.609s] Level 1:colcon.colcon_core.package_discovery:discover_packages(ignore) discover
[0.609s] Level 1:colcon.colcon_core.package_discovery:discover_packages(ignore) using defaults
[0.610s] Level 1:colcon.colcon_core.package_discovery:discover_packages(path) discover
[0.610s] Level 1:colcon.colcon_core.package_discovery:discover_packages(path) using defaults
[0.676s] Level 1:colcon.colcon_core.package_discovery:discover_packages(prefix_path) check parameters
[0.676s] Level 1:colcon.colcon_core.package_discovery:discover_packages(prefix_path) discover
[0.689s] DEBUG:colcon.colcon_installed_package_information.package_discovery:Found 414 installed packages in /opt/ros/jazzy
[0.694s] Level 1:colcon.colcon_core.package_discovery:discover_packages(prefix_path) using defaults
[0.803s] Level 5:colcon.colcon_core.verb:set package 'mrs_uav_flightforge_simulator' build argument 'cmake_args' from command line to 'None'
[0.803s] Level 5:colcon.colcon_core.verb:set package 'mrs_uav_flightforge_simulator' build argument 'cmake_target' from command line to 'None'
[0.804s] Level 5:colcon.colcon_core.verb:set package 'mrs_uav_flightforge_simulator' build argument 'cmake_target_skip_unavailable' from command line to 'False'
[0.804s] Level 5:colcon.colcon_core.verb:set package 'mrs_uav_flightforge_simulator' build argument 'cmake_clean_cache' from command line to 'False'
[0.805s] Level 5:colcon.colcon_core.verb:set package 'mrs_uav_flightforge_simulator' build argument 'cmake_clean_first' from command line to 'False'
[0.806s] Level 5:colcon.colcon_core.verb:set package 'mrs_uav_flightforge_simulator' build argument 'cmake_force_configure' from command line to 'False'
[0.807s] Level 5:colcon.colcon_core.verb:set package 'mrs_uav_flightforge_simulator' build argument 'ament_cmake_args' from command line to 'None'
[0.807s] Level 5:colcon.colcon_core.verb:set package 'mrs_uav_flightforge_simulator' build argument 'catkin_cmake_args' from command line to 'None'
[0.808s] Level 5:colcon.colcon_core.verb:set package 'mrs_uav_flightforge_simulator' build argument 'catkin_skip_building_tests' from command line to 'False'
[0.808s] DEBUG:colcon.colcon_core.verb:Building package 'mrs_uav_flightforge_simulator' with the following arguments: {'ament_cmake_args': None, 'build_base': '/mnt/d/ros/mrs_uav_flightforge_simulator/build/mrs_uav_flightforge_simulator', 'catkin_cmake_args': None, 'catkin_skip_building_tests': False, 'cmake_args': None, 'cmake_clean_cache': False, 'cmake_clean_first': False, 'cmake_force_configure': False, 'cmake_target': None, 'cmake_target_skip_unavailable': False, 'install_base': '/mnt/d/ros/mrs_uav_flightforge_simulator/install/mrs_uav_flightforge_simulator', 'merge_install': False, 'path': '/mnt/d/ros/mrs_uav_flightforge_simulator', 'symlink_install': False, 'test_result_base': None}
[0.809s] INFO:colcon.colcon_core.executor:Executing jobs using 'parallel' executor
[0.812s] DEBUG:colcon.colcon_parallel_executor.executor.parallel:run_until_complete
[0.812s] INFO:colcon.colcon_ros.task.ament_cmake.build:Building ROS package in '/mnt/d/ros/mrs_uav_flightforge_simulator' with build type 'ament_cmake'
[0.813s] INFO:colcon.colcon_cmake.task.cmake.build:Building CMake package in '/mnt/d/ros/mrs_uav_flightforge_simulator'
[0.820s] INFO:colcon.colcon_core.plugin_system:Skipping extension 'colcon_core.shell.bat': Not used on non-Windows systems
[0.821s] INFO:colcon.colcon_core.shell:Skip shell extension 'powershell' for command environment: Not usable outside of PowerShell
[0.821s] DEBUG:colcon.colcon_core.shell:Skip shell extension 'dsv' for command environment
[0.900s] DEBUG:colcon.colcon_core.event_handler.log_command:Invoking command in '/mnt/d/ros/mrs_uav_flightforge_simulator/build/mrs_uav_flightforge_simulator': DEBUGINFOD_URLS=https://debuginfod.ubuntu.com /usr/bin/cmake --build /mnt/d/ros/mrs_uav_flightforge_simulator/build/mrs_uav_flightforge_simulator -- -j16 -l16
[73.870s] DEBUG:colcon.colcon_core.event_handler.log_command:Invoked command in '/mnt/d/ros/mrs_uav_flightforge_simulator/build/mrs_uav_flightforge_simulator' returned '2': DEBUGINFOD_URLS=https://debuginfod.ubuntu.com /usr/bin/cmake --build /mnt/d/ros/mrs_uav_flightforge_simulator/build/mrs_uav_flightforge_simulator -- -j16 -l16
[74.583s] Level 1:colcon.colcon_core.environment:create_environment_scripts_only(mrs_uav_flightforge_simulator)
[78.552s] Level 1:colcon.colcon_core.environment:checking '/mnt/d/ros/mrs_uav_flightforge_simulator/install/mrs_uav_flightforge_simulator' for CMake module files
[79.090s] Level 1:colcon.colcon_core.environment:checking '/mnt/d/ros/mrs_uav_flightforge_simulator/install/mrs_uav_flightforge_simulator' for CMake config files
[80.617s] Level 1:colcon.colcon_core.shell:create_environment_hook('mrs_uav_flightforge_simulator', 'cmake_prefix_path')
[80.617s] INFO:colcon.colcon_core.shell:Creating environment hook '/mnt/d/ros/mrs_uav_flightforge_simulator/install/mrs_uav_flightforge_simulator/share/mrs_uav_flightforge_simulator/hook/cmake_prefix_path.ps1'
[80.955s] INFO:colcon.colcon_core.shell:Creating environment descriptor '/mnt/d/ros/mrs_uav_flightforge_simulator/install/mrs_uav_flightforge_simulator/share/mrs_uav_flightforge_simulator/hook/cmake_prefix_path.dsv'
[80.969s] INFO:colcon.colcon_core.shell:Creating environment hook '/mnt/d/ros/mrs_uav_flightforge_simulator/install/mrs_uav_flightforge_simulator/share/mrs_uav_flightforge_simulator/hook/cmake_prefix_path.sh'
[81.336s] Level 1:colcon.colcon_core.environment:checking '/mnt/d/ros/mrs_uav_flightforge_simulator/install/mrs_uav_flightforge_simulator/lib'
[81.339s] Level 1:colcon.colcon_core.shell:create_environment_hook('mrs_uav_flightforge_simulator', 'ld_library_path_lib')
[81.340s] INFO:colcon.colcon_core.shell:Creating environment hook '/mnt/d/ros/mrs_uav_flightforge_simulator/install/mrs_uav_flightforge_simulator/share/mrs_uav_flightforge_simulator/hook/ld_library_path_lib.ps1'
[81.353s] INFO:colcon.colcon_core.shell:Creating environment descriptor '/mnt/d/ros/mrs_uav_flightforge_simulator/install/mrs_uav_flightforge_simulator/share/mrs_uav_flightforge_simulator/hook/ld_library_path_lib.dsv'
[81.365s] INFO:colcon.colcon_core.shell:Creating environment hook '/mnt/d/ros/mrs_uav_flightforge_simulator/install/mrs_uav_flightforge_simulator/share/mrs_uav_flightforge_simulator/hook/ld_library_path_lib.sh'
[81.378s] Level 1:colcon.colcon_core.environment:checking '/mnt/d/ros/mrs_uav_flightforge_simulator/install/mrs_uav_flightforge_simulator/bin'
[81.379s] Level 1:colcon.colcon_core.environment:checking '/mnt/d/ros/mrs_uav_flightforge_simulator/install/mrs_uav_flightforge_simulator/lib/pkgconfig/mrs_uav_flightforge_simulator.pc'
[81.381s] Level 1:colcon.colcon_core.environment:checking '/mnt/d/ros/mrs_uav_flightforge_simulator/install/mrs_uav_flightforge_simulator/lib/python3.12/site-packages'
[81.383s] Level 1:colcon.colcon_core.shell:create_environment_hook('mrs_uav_flightforge_simulator', 'pythonpath')
[81.383s] INFO:colcon.colcon_core.shell:Creating environment hook '/mnt/d/ros/mrs_uav_flightforge_simulator/install/mrs_uav_flightforge_simulator/share/mrs_uav_flightforge_simulator/hook/pythonpath.ps1'
[81.395s] INFO:colcon.colcon_core.shell:Creating environment descriptor '/mnt/d/ros/mrs_uav_flightforge_simulator/install/mrs_uav_flightforge_simulator/share/mrs_uav_flightforge_simulator/hook/pythonpath.dsv'
[81.407s] INFO:colcon.colcon_core.shell:Creating environment hook '/mnt/d/ros/mrs_uav_flightforge_simulator/install/mrs_uav_flightforge_simulator/share/mrs_uav_flightforge_simulator/hook/pythonpath.sh'
[81.419s] Level 1:colcon.colcon_core.environment:checking '/mnt/d/ros/mrs_uav_flightforge_simulator/install/mrs_uav_flightforge_simulator/bin'
[81.421s] INFO:colcon.colcon_core.shell:Creating package script '/mnt/d/ros/mrs_uav_flightforge_simulator/install/mrs_uav_flightforge_simulator/share/mrs_uav_flightforge_simulator/package.ps1'
[81.724s] INFO:colcon.colcon_core.shell:Creating package descriptor '/mnt/d/ros/mrs_uav_flightforge_simulator/install/mrs_uav_flightforge_simulator/share/mrs_uav_flightforge_simulator/package.dsv'
[82.081s] INFO:colcon.colcon_core.shell:Creating package script '/mnt/d/ros/mrs_uav_flightforge_simulator/install/mrs_uav_flightforge_simulator/share/mrs_uav_flightforge_simulator/package.sh'
[82.093s] INFO:colcon.colcon_core.shell:Creating package script '/mnt/d/ros/mrs_uav_flightforge_simulator/install/mrs_uav_flightforge_simulator/share/mrs_uav_flightforge_simulator/package.bash'
[82.105s] INFO:colcon.colcon_core.shell:Creating package script '/mnt/d/ros/mrs_uav_flightforge_simulator/install/mrs_uav_flightforge_simulator/share/mrs_uav_flightforge_simulator/package.zsh'
[82.117s] Level 1:colcon.colcon_core.environment:create_file_with_runtime_dependencies(/mnt/d/ros/mrs_uav_flightforge_simulator/install/mrs_uav_flightforge_simulator/share/colcon-core/packages/mrs_uav_flightforge_simulator)
[82.127s] DEBUG:colcon.colcon_parallel_executor.executor.parallel:closing loop
[82.127s] DEBUG:colcon.colcon_parallel_executor.executor.parallel:loop closed
[82.128s] DEBUG:colcon.colcon_parallel_executor.executor.parallel:run_until_complete finished with '2'
[82.128s] DEBUG:colcon.colcon_core.event_reactor:joining thread
[82.522s] INFO:colcon.colcon_core.plugin_system:Skipping extension 'colcon_notification.desktop_notification.notify_send': Could not find 'notify-send'
[82.523s] INFO:colcon.colcon_core.plugin_system:Skipping extension 'colcon_notification.desktop_notification.terminal_notifier': Not used on non-Darwin systems
[82.523s] INFO:colcon.colcon_core.plugin_system:Skipping extension 'colcon_notification.desktop_notification.win32': Not used on non-Windows systems
[82.523s] INFO:colcon.colcon_notification.desktop_notification:Sending desktop notification using 'notify2'
[82.538s] DEBUG:colcon.colcon_notification.desktop_notification.notify2:Failed to initialize notify2: org.freedesktop.DBus.Error.ServiceUnknown: The name org.freedesktop.Notifications was not provided by any .service files
[82.539s] DEBUG:colcon.colcon_core.event_reactor:joined thread
[82.539s] INFO:colcon.colcon_core.shell:Creating prefix script '/mnt/d/ros/mrs_uav_flightforge_simulator/install/local_setup.ps1'
[82.546s] INFO:colcon.colcon_core.shell:Creating prefix util module '/mnt/d/ros/mrs_uav_flightforge_simulator/install/_local_setup_util_ps1.py'
[82.552s] INFO:colcon.colcon_core.shell:Creating prefix chain script '/mnt/d/ros/mrs_uav_flightforge_simulator/install/setup.ps1'
[82.558s] INFO:colcon.colcon_core.shell:Creating prefix script '/mnt/d/ros/mrs_uav_flightforge_simulator/install/local_setup.sh'
[82.928s] INFO:colcon.colcon_core.shell:Creating prefix util module '/mnt/d/ros/mrs_uav_flightforge_simulator/install/_local_setup_util_sh.py'
[82.933s] INFO:colcon.colcon_core.shell:Creating prefix chain script '/mnt/d/ros/mrs_uav_flightforge_simulator/install/setup.sh'
[82.938s] INFO:colcon.colcon_core.shell:Creating prefix script '/mnt/d/ros/mrs_uav_flightforge_simulator/install/local_setup.bash'
[82.943s] INFO:colcon.colcon_core.shell:Creating prefix chain script '/mnt/d/ros/mrs_uav_flightforge_simulator/install/setup.bash'
[82.948s] INFO:colcon.colcon_core.shell:Creating prefix script '/mnt/d/ros/mrs_uav_flightforge_simulator/install/local_setup.zsh'
[82.952s] INFO:colcon.colcon_core.shell:Creating prefix chain script '/mnt/d/ros/mrs_uav_flightforge_simulator/install/setup.zsh'
