[0.062s] Invoking command in '/mnt/d/ros/mrs_uav_flightforge_simulator/build/mrs_uav_flightforge_simulator': DEBUGINFOD_URLS=https://debuginfod.ubuntu.com /usr/bin/cmake /mnt/d/ros/mrs_uav_flightforge_simulator -DCMAKE_INSTALL_PREFIX=/mnt/d/ros/mrs_uav_flightforge_simulator/install/mrs_uav_flightforge_simulator
[0.128s] -- Found rclcpp: 28.1.16 (/opt/ros/jazzy/share/rclcpp/cmake)
[0.160s] -- Found Python3: /usr/bin/python3 (found version "3.12.3") found components: Interpreter 
[0.566s] -- Found rosidl_generator_c: 4.6.7 (/opt/ros/jazzy/share/rosidl_generator_c/cmake)
[0.611s] -- Found rosidl_generator_cpp: 4.6.7 (/opt/ros/jazzy/share/rosidl_generator_cpp/cmake)
[0.664s] -- Using all available rosidl_typesupport_c: rosidl_typesupport_fastrtps_c;rosidl_typesupport_introspection_c
[0.735s] -- Using all available rosidl_typesupport_cpp: rosidl_typesupport_fastrtps_cpp;rosidl_typesupport_introspection_cpp
[0.932s] -- Found rmw_implementation_cmake: 7.3.3 (/opt/ros/jazzy/share/rmw_implementation_cmake/cmake)
[0.947s] -- Found rmw_fastrtps_cpp: 8.4.3 (/opt/ros/jazzy/share/rmw_fastrtps_cpp/cmake)
[1.306s] -- Using RMW implementation 'rmw_fastrtps_cpp' as default
[1.546s] -- Found rclcpp_components: 28.1.16 (/opt/ros/jazzy/share/rclcpp_components/cmake)
[1.611s] -- Found mrs_lib: 2.0.0 (/opt/ros/jazzy/share/mrs_lib/cmake)
[1.831s] -- Found eigen3_cmake_module: 0.3.0 (/opt/ros/jazzy/share/eigen3_cmake_module/cmake)
[1.837s] -- Ensuring Eigen3 include directory is part of orocos-kdl CMake target
[2.078s] -- Found mrs_uav_hw_api: 2.0.0 (/opt/ros/jazzy/share/mrs_uav_hw_api/cmake)
[2.153s] -- Found mrs_multirotor_simulator: 2.0.0 (/opt/ros/jazzy/share/mrs_multirotor_simulator/cmake)
[2.192s] -- Found image_transport: 5.1.7 (/opt/ros/jazzy/share/image_transport/cmake)
[2.203s] -- Found cv_bridge: 4.1.0 (/opt/ros/jazzy/share/cv_bridge/cmake)
[2.222s] -- Found pcl_ros: 2.6.2 (/opt/ros/jazzy/share/pcl_ros/cmake)
[2.339s] [33mCMake Warning (dev) at /usr/lib/x86_64-linux-gnu/cmake/pcl/Modules/FindFLANN.cmake:45 (find_package):
[2.340s]   Policy CMP0144 is not set: find_package uses upper-case <PACKAGENAME>_ROOT
[2.340s]   variables.  Run "cmake --help-policy CMP0144" for policy details.  Use the
[2.341s]   cmake_policy command to set the policy and suppress this warning.
[2.342s] 
[2.343s]   CMake variable FLANN_ROOT is set to:
[2.343s] 
[2.344s]     /usr
[2.345s] 
[2.346s]   For compatibility, find_package is ignoring the variable, but code in a
[2.346s]   .cmake module might still use it.
[2.347s] Call Stack (most recent call first):
[2.348s]   /usr/lib/x86_64-linux-gnu/cmake/pcl/PCLConfig.cmake:261 (find_package)
[2.349s]   /usr/lib/x86_64-linux-gnu/cmake/pcl/PCLConfig.cmake:306 (find_flann)
[2.423s]   /usr/lib/x86_64-linux-gnu/cmake/pcl/PCLConfig.cmake:570 (find_external_library)
[2.424s]   /opt/ros/jazzy/share/pcl_conversions/cmake/ament_cmake_export_dependencies-extras.cmake:21 (find_package)
[2.425s]   /opt/ros/jazzy/share/pcl_conversions/cmake/pcl_conversionsConfig.cmake:41 (include)
[2.425s]   /opt/ros/jazzy/share/pcl_ros/cmake/ament_cmake_export_dependencies-extras.cmake:21 (find_package)
[2.426s]   /opt/ros/jazzy/share/pcl_ros/cmake/pcl_rosConfig.cmake:41 (include)
[2.427s]   CMakeLists.txt:62 (find_package)
[2.428s] This warning is for project developers.  Use -Wno-dev to suppress it.
[2.428s] [0m
[2.429s] -- Found flann version 1.9.2
[12.658s] -- OpenNI found (version: 1.5.4.0, include: /usr/include/ni, lib: /usr/lib/libOpenNI.so;libusb::libusb)
[12.672s] -- OpenNI2 found (version: 2.2.0.33, include: /usr/include/openni2, lib: /usr/lib/x86_64-linux-gnu/libOpenNI2.so;libusb::libusb)
[23.599s] -- OpenNI found (version: 1.5.4.0, include: /usr/include/ni, lib: /usr/lib/libOpenNI.so;libusb::libusb)
[23.610s] -- OpenNI2 found (version: 2.2.0.33, include: /usr/include/openni2, lib: /usr/lib/x86_64-linux-gnu/libOpenNI2.so;libusb::libusb)
[33.073s] -- Found Qhull version 8.0.2
[42.482s] -- OpenNI found (version: 1.5.4.0, include: /usr/include/ni, lib: /usr/lib/libOpenNI.so;libusb::libusb)
[52.072s] -- Found rosidl_default_generators: 1.6.0 (/opt/ros/jazzy/share/rosidl_default_generators/cmake)
[52.140s] -- Found rosidl_adapter: 4.6.7 (/opt/ros/jazzy/share/rosidl_adapter/cmake)
[55.392s] -- Using all available rosidl_typesupport_c: rosidl_typesupport_fastrtps_c;rosidl_typesupport_introspection_c
[56.226s] -- Using all available rosidl_typesupport_cpp: rosidl_typesupport_fastrtps_cpp;rosidl_typesupport_introspection_cpp
[56.400s] -- Found python_cmake_module: 0.11.1 (/opt/ros/jazzy/share/python_cmake_module/cmake)
[57.427s] -- Found Python3: /usr/bin/python3 (found version "3.12.3") found components: Interpreter Development NumPy Development.Module Development.Embed 
[58.565s] -- Configuring done (58.5s)
[61.335s] -- Generating done (2.6s)
[62.175s] -- Build files have been written to: /mnt/d/ros/mrs_uav_flightforge_simulator/build/mrs_uav_flightforge_simulator
[62.221s] Invoked command in '/mnt/d/ros/mrs_uav_flightforge_simulator/build/mrs_uav_flightforge_simulator' returned '0': DEBUGINFOD_URLS=https://debuginfod.ubuntu.com /usr/bin/cmake /mnt/d/ros/mrs_uav_flightforge_simulator -DCMAKE_INSTALL_PREFIX=/mnt/d/ros/mrs_uav_flightforge_simulator/install/mrs_uav_flightforge_simulator
[62.233s] Invoking command in '/mnt/d/ros/mrs_uav_flightforge_simulator/build/mrs_uav_flightforge_simulator': DEBUGINFOD_URLS=https://debuginfod.ubuntu.com /usr/bin/cmake --build /mnt/d/ros/mrs_uav_flightforge_simulator/build/mrs_uav_flightforge_simulator -- -j16 -l16
[62.642s] [  2%] Built target mrs_uav_flightforge_simulator__rosidl_generator_type_description
[62.767s] [  4%] Built target mrs_uav_flightforge_simulator__cpp
[63.008s] [ 16%] Built target mrs_uav_flightforge_simulator__rosidl_generator_c
[63.199s] [ 16%] Built target ament_cmake_python_copy_mrs_uav_flightforge_simulator
[63.280s] [ 26%] Built target MrsUavFlightforgeSimulator_FlightforgeConnector
[63.350s] [ 33%] Built target mrs_uav_flightforge_simulator__rosidl_typesupport_c
[63.389s] [ 40%] Built target mrs_uav_flightforge_simulator__rosidl_typesupport_introspection_c
[63.427s] [ 47%] Built target mrs_uav_flightforge_simulator__rosidl_typesupport_cpp
[63.450s] [ 54%] Built target mrs_uav_flightforge_simulator__rosidl_typesupport_introspection_cpp
[63.491s] [ 69%] Built target mrs_uav_flightforge_simulator__rosidl_typesupport_fastrtps_c
[63.492s] [ 69%] Built target mrs_uav_flightforge_simulator__rosidl_typesupport_fastrtps_cpp
[63.552s] [ 69%] Built target mrs_uav_flightforge_simulator
[63.652s] [ 73%] Built target MrsUavFlightforgeSimulator_HwApiPlugin
[63.665s] [ 76%] Built target mrs_uav_flightforge_simulator__py
[63.704s] running egg_info
[63.731s] writing mrs_uav_flightforge_simulator.egg-info/PKG-INFO
[63.736s] writing dependency_links to mrs_uav_flightforge_simulator.egg-info/dependency_links.txt
[63.742s] writing top-level names to mrs_uav_flightforge_simulator.egg-info/top_level.txt
[63.843s] reading manifest file 'mrs_uav_flightforge_simulator.egg-info/SOURCES.txt'
[63.890s] writing manifest file 'mrs_uav_flightforge_simulator.egg-info/SOURCES.txt'
[63.926s] [ 76%] Built target ament_cmake_python_build_mrs_uav_flightforge_simulator_egg
[63.946s] [ 80%] Built target mrs_uav_flightforge_simulator__rosidl_generator_py
[64.242s] [ 95%] Built target mrs_uav_flightforge_simulator_s__rosidl_typesupport_c
[64.243s] [ 95%] Built target mrs_uav_flightforge_simulator_s__rosidl_typesupport_fastrtps_c
[64.244s] [ 95%] Built target mrs_uav_flightforge_simulator_s__rosidl_typesupport_introspection_c
[65.031s] [ 97%] [32mBuilding CXX object CMakeFiles/MrsUavFlightforgeSimulator_FlightforgeSimulator.dir/src/flightforge_simulator.cpp.o[0m
[111.381s] In file included from [01m[K/mnt/d/ros/mrs_uav_flightforge_simulator/include/flight_forge_connector/socket_client.h:17[m[K,
[111.382s]                  from [01m[K/mnt/d/ros/mrs_uav_flightforge_simulator/include/flight_forge_connector/flight_forge_connector.h:10[m[K,
[111.383s]                  from [01m[K/mnt/d/ros/mrs_uav_flightforge_simulator/src/flightforge_simulator.cpp:40[m[K:
[111.384s] [01m[K/mnt/d/ros/mrs_uav_flightforge_simulator/include/kissnet/kissnet.hpp:403:41:[m[K [01;35m[Kwarning: [m[Kmissing initializer for member ‘[01m[Ksockaddr_storage::__ss_padding[m[K’ [[01;35m[K]8;;https://gcc.gnu.org/onlinedocs/gcc/Warning-Options.html#index-Wmissing-field-initializers-Wmissing-field-initializers]8;;[m[K]
[111.385s]   403 |             sockaddr_storage adrinf = {0[01;35m[K}[m[K;
[111.386s]       |                                         [01;35m[K^[m[K
[111.386s] [01m[K/mnt/d/ros/mrs_uav_flightforge_simulator/include/kissnet/kissnet.hpp:403:41:[m[K [01;35m[Kwarning: [m[Kmissing initializer for member ‘[01m[Ksockaddr_storage::__ss_align[m[K’ [[01;35m[K]8;;https://gcc.gnu.org/onlinedocs/gcc/Warning-Options.html#index-Wmissing-field-initializers-Wmissing-field-initializers]8;;[m[K]
[112.655s] [01m[K/mnt/d/ros/mrs_uav_flightforge_simulator/src/flightforge_simulator.cpp:[m[K In member function ‘[01m[Kvoid mrs_uav_flightforge_simulator::FlightforgeSimulator::[01;32m[KtimerInit[m[K()[m[K’:
[112.656s] [01m[K/mnt/d/ros/mrs_uav_flightforge_simulator/src/flightforge_simulator.cpp:1279:177:[m[K [01;31m[Kerror: [m[Kno match for ‘[01m[Koperator=[m[K’ (operand types are ‘[01m[Kstd::shared_ptr<mrs_lib::ThreadTimer>[m[K’ and ‘[01m[Krclcpp::WallTimer<std::_Bind<void (mrs_uav_flightforge_simulator::FlightforgeSimulator::*(mrs_uav_flightforge_simulator::FlightforgeSimulator*))()>, 0>::SharedPtr[m[K’ {aka ‘[01m[Kstd::shared_ptr<rclcpp::WallTimer<std::_Bind<void (mrs_uav_flightforge_simulator::FlightforgeSimulator::*(mrs_uav_flightforge_simulator::FlightforgeSimulator*))()>, 0> >[m[K’})
[112.657s]  1279 | te_wall_timer(std::chrono::duration<double>(1.0 / drs_params_.rgb_depth_rate), std::bind(&FlightforgeSimulator::timerDepth, this), cbgrp_sensors_[01;31m[K)[m[K;
[112.658s]       |                                                                                                                                                  [01;31m[K^[m[K
[112.658s] 
[112.659s] In file included from [01m[K/usr/include/c++/13/memory:80[m[K,
[112.660s]                  from [01m[K/opt/ros/jazzy/include/rclcpp/rclcpp/rclcpp.hpp:169[m[K,
[112.660s]                  from [01m[K/mnt/d/ros/mrs_uav_flightforge_simulator/src/flightforge_simulator.cpp:3[m[K:
[112.661s] [01m[K/usr/include/c++/13/bits/shared_ptr.h:418:9:[m[K [01;36m[Knote: [m[Kcandidate: ‘[01m[Ktemplate<class _Yp> std::shared_ptr<_Tp>::_Assignable<const std::shared_ptr<_Yp>&> std::shared_ptr<_Tp>::[01;32m[Koperator=[m[K(const std::shared_ptr<_Yp>&) [35m[K[with _Tp = mrs_lib::ThreadTimer][m[K[m[K’
[112.662s]   418 |         [01;36m[Koperator[m[K=(const shared_ptr<_Yp>& __r) noexcept
[112.663s]       |         [01;36m[K^~~~~~~~[m[K
[112.663s] [01m[K/usr/include/c++/13/bits/shared_ptr.h:418:9:[m[K [01;36m[Knote: [m[K  template argument deduction/substitution failed:
[112.664s] /usr/include/c++/13/bits/shared_ptr.h: In substitution of ‘[01m[Ktemplate<class _Tp> template<class _Arg> using std::shared_ptr<_Tp>::_Assignable = typename std::enable_if<std::is_assignable<std::__shared_ptr<_Tp>&, _Arg>::value, std::shared_ptr<_Tp>&>::type [35m[K[with _Arg = const std::shared_ptr<rclcpp::WallTimer<std::_Bind<void (mrs_uav_flightforge_simulator::FlightforgeSimulator::*(mrs_uav_flightforge_simulator::FlightforgeSimulator*))()>, 0> >&; _Tp = mrs_lib::ThreadTimer][m[K[m[K’:
[112.665s] [01m[K/usr/include/c++/13/bits/shared_ptr.h:418:2:[m[K   required by substitution of ‘[01m[Ktemplate<class _Yp> std::shared_ptr<mrs_lib::ThreadTimer>::_Assignable<const std::shared_ptr<_Tp>&> std::shared_ptr<mrs_lib::ThreadTimer>::[01;32m[Koperator=[m[K(const std::shared_ptr<_Tp>&) [35m[K[with _Yp = rclcpp::WallTimer<std::_Bind<void (mrs_uav_flightforge_simulator::FlightforgeSimulator::*(mrs_uav_flightforge_simulator::FlightforgeSimulator*))()>, 0>][m[K[m[K’
[112.666s] [01m[K/mnt/d/ros/mrs_uav_flightforge_simulator/src/flightforge_simulator.cpp:1279:177:[m[K   required from here
[112.666s] [01m[K/usr/include/c++/13/bits/shared_ptr.h:183:15:[m[K [01;31m[Kerror: [m[Kno type named ‘[01m[Ktype[m[K’ in ‘[01m[Kstruct std::enable_if<false, std::shared_ptr<mrs_lib::ThreadTimer>&>[m[K’
[112.667s]   183 |         using [01;31m[K_Assignable[m[K = typename enable_if<
[112.668s]       |               [01;31m[K^~~~~~~~~~~[m[K
[112.669s] [01m[K/usr/include/c++/13/bits/shared_ptr.h:429:9:[m[K [01;36m[Knote: [m[Kcandidate: ‘[01m[Ktemplate<class _Yp> std::shared_ptr<_Tp>::_Assignable<std::auto_ptr<_Up> > std::shared_ptr<_Tp>::[01;32m[Koperator=[m[K(std::auto_ptr<_Up>&&) [35m[K[with _Tp = mrs_lib::ThreadTimer][m[K[m[K’
[112.669s]   429 |         [01;36m[Koperator[m[K=(auto_ptr<_Yp>&& __r)
[112.670s]       |         [01;36m[K^~~~~~~~[m[K
[112.671s] [01m[K/usr/include/c++/13/bits/shared_ptr.h:429:9:[m[K [01;36m[Knote: [m[K  template argument deduction/substitution failed:
[112.671s] [01m[K/mnt/d/ros/mrs_uav_flightforge_simulator/src/flightforge_simulator.cpp:1279:177:[m[K [01;36m[Knote: [m[K  ‘[01m[Krclcpp::WallTimer<std::_Bind<void (mrs_uav_flightforge_simulator::FlightforgeSimulator::*(mrs_uav_flightforge_simulator::FlightforgeSimulator*))()>, 0>::SharedPtr[m[K’ {aka ‘[01m[Kstd::shared_ptr<rclcpp::WallTimer<std::_Bind<void (mrs_uav_flightforge_simulator::FlightforgeSimulator::*(mrs_uav_flightforge_simulator::FlightforgeSimulator*))()>, 0> >[m[K’} is not derived from ‘[01m[Kstd::auto_ptr<_Up>[m[K’
[112.672s]  1279 | te_wall_timer(std::chrono::duration<double>(1.0 / drs_params_.rgb_depth_rate), std::bind(&FlightforgeSimulator::timerDepth, this), cbgrp_sensors_[01;36m[K)[m[K;
[112.673s]       |                                                                                                                                                  [01;36m[K^[m[K
[112.673s] 
[112.674s] [01m[K/usr/include/c++/13/bits/shared_ptr.h:446:9:[m[K [01;36m[Knote: [m[Kcandidate: ‘[01m[Ktemplate<class _Yp> std::shared_ptr<_Tp>::_Assignable<std::shared_ptr<_Yp> > std::shared_ptr<_Tp>::[01;32m[Koperator=[m[K(std::shared_ptr<_Yp>&&) [35m[K[with _Tp = mrs_lib::ThreadTimer][m[K[m[K’
[112.675s]   446 |         [01;36m[Koperator[m[K=(shared_ptr<_Yp>&& __r) noexcept
[112.676s]       |         [01;36m[K^~~~~~~~[m[K
[112.676s] [01m[K/usr/include/c++/13/bits/shared_ptr.h:446:9:[m[K [01;36m[Knote: [m[K  template argument deduction/substitution failed:
[112.677s] /usr/include/c++/13/bits/shared_ptr.h: In substitution of ‘[01m[Ktemplate<class _Tp> template<class _Arg> using std::shared_ptr<_Tp>::_Assignable = typename std::enable_if<std::is_assignable<std::__shared_ptr<_Tp>&, _Arg>::value, std::shared_ptr<_Tp>&>::type [35m[K[with _Arg = std::shared_ptr<rclcpp::WallTimer<std::_Bind<void (mrs_uav_flightforge_simulator::FlightforgeSimulator::*(mrs_uav_flightforge_simulator::FlightforgeSimulator*))()>, 0> >; _Tp = mrs_lib::ThreadTimer][m[K[m[K’:
[112.678s] [01m[K/usr/include/c++/13/bits/shared_ptr.h:446:2:[m[K   required by substitution of ‘[01m[Ktemplate<class _Yp> std::shared_ptr<mrs_lib::ThreadTimer>::_Assignable<std::shared_ptr<_Tp> > std::shared_ptr<mrs_lib::ThreadTimer>::[01;32m[Koperator=[m[K(std::shared_ptr<_Tp>&&) [35m[K[with _Yp = rclcpp::WallTimer<std::_Bind<void (mrs_uav_flightforge_simulator::FlightforgeSimulator::*(mrs_uav_flightforge_simulator::FlightforgeSimulator*))()>, 0>][m[K[m[K’
[112.679s] [01m[K/mnt/d/ros/mrs_uav_flightforge_simulator/src/flightforge_simulator.cpp:1279:177:[m[K   required from here
[112.679s] [01m[K/usr/include/c++/13/bits/shared_ptr.h:183:15:[m[K [01;31m[Kerror: [m[Kno type named ‘[01m[Ktype[m[K’ in ‘[01m[Kstruct std::enable_if<false, std::shared_ptr<mrs_lib::ThreadTimer>&>[m[K’
[112.680s]   183 |         using [01;31m[K_Assignable[m[K = typename enable_if<
[112.681s]       |               [01;31m[K^~~~~~~~~~~[m[K
[112.682s] [01m[K/usr/include/c++/13/bits/shared_ptr.h:454:9:[m[K [01;36m[Knote: [m[Kcandidate: ‘[01m[Ktemplate<class _Yp, class _Del> std::shared_ptr<_Tp>::_Assignable<std::unique_ptr<_Up, _Ep> > std::shared_ptr<_Tp>::[01;32m[Koperator=[m[K(std::unique_ptr<_Up, _Ep>&&) [35m[K[with _Del = _Yp; _Tp = mrs_lib::ThreadTimer][m[K[m[K’
[112.682s]   454 |         [01;36m[Koperator[m[K=(unique_ptr<_Yp, _Del>&& __r)
[112.683s]       |         [01;36m[K^~~~~~~~[m[K
[112.684s] [01m[K/usr/include/c++/13/bits/shared_ptr.h:454:9:[m[K [01;36m[Knote: [m[K  template argument deduction/substitution failed:
[112.684s] [01m[K/mnt/d/ros/mrs_uav_flightforge_simulator/src/flightforge_simulator.cpp:1279:177:[m[K [01;36m[Knote: [m[K  ‘[01m[Krclcpp::WallTimer<std::_Bind<void (mrs_uav_flightforge_simulator::FlightforgeSimulator::*(mrs_uav_flightforge_simulator::FlightforgeSimulator*))()>, 0>::SharedPtr[m[K’ {aka ‘[01m[Kstd::shared_ptr<rclcpp::WallTimer<std::_Bind<void (mrs_uav_flightforge_simulator::FlightforgeSimulator::*(mrs_uav_flightforge_simulator::FlightforgeSimulator*))()>, 0> >[m[K’} is not derived from ‘[01m[Kstd::unique_ptr<_Tp, _Dp>[m[K’
[112.685s]  1279 | te_wall_timer(std::chrono::duration<double>(1.0 / drs_params_.rgb_depth_rate), std::bind(&FlightforgeSimulator::timerDepth, this), cbgrp_sensors_[01;36m[K)[m[K;
[112.686s]       |                                                                                                                                                  [01;36m[K^[m[K
[112.686s] 
[112.687s] [01m[K/usr/include/c++/13/bits/shared_ptr.h:414:19:[m[K [01;36m[Knote: [m[Kcandidate: ‘[01m[Kstd::shared_ptr<_Tp>& std::shared_ptr<_Tp>::[01;32m[Koperator=[m[K(const std::shared_ptr<_Tp>&) [35m[K[with _Tp = mrs_lib::ThreadTimer][m[K[m[K’
[112.688s]   414 |       shared_ptr& [01;36m[Koperator[m[K=(const shared_ptr&) noexcept = default;
[112.688s]       |                   [01;36m[K^~~~~~~~[m[K
[112.689s] [01m[K/usr/include/c++/13/bits/shared_ptr.h:414:29:[m[K [01;36m[Knote: [m[K  no known conversion for argument 1 from ‘[01m[Krclcpp::WallTimer<std::_Bind<void (mrs_uav_flightforge_simulator::FlightforgeSimulator::*(mrs_uav_flightforge_simulator::FlightforgeSimulator*))()>, 0>::SharedPtr[m[K’ {aka ‘[01m[Kstd::shared_ptr<rclcpp::WallTimer<std::_Bind<void (mrs_uav_flightforge_simulator::FlightforgeSimulator::*(mrs_uav_flightforge_simulator::FlightforgeSimulator*))()>, 0> >[m[K’} to ‘[01m[Kconst std::shared_ptr<mrs_lib::ThreadTimer>&[m[K’
[112.690s]   414 |       shared_ptr& operator=([01;36m[Kconst shared_ptr&[m[K) noexcept = default;
[112.691s]       |                             [01;36m[K^~~~~~~~~~~~~~~~~[m[K
[112.692s] [01m[K/usr/include/c++/13/bits/shared_ptr.h:438:7:[m[K [01;36m[Knote: [m[Kcandidate: ‘[01m[Kstd::shared_ptr<_Tp>& std::shared_ptr<_Tp>::[01;32m[Koperator=[m[K(std::shared_ptr<_Tp>&&) [35m[K[with _Tp = mrs_lib::ThreadTimer][m[K[m[K’
[112.692s]   438 |       [01;36m[Koperator[m[K=(shared_ptr&& __r) noexcept
[112.693s]       |       [01;36m[K^~~~~~~~[m[K
[112.694s] [01m[K/usr/include/c++/13/bits/shared_ptr.h:438:30:[m[K [01;36m[Knote: [m[K  no known conversion for argument 1 from ‘[01m[Krclcpp::WallTimer<std::_Bind<void (mrs_uav_flightforge_simulator::FlightforgeSimulator::*(mrs_uav_flightforge_simulator::FlightforgeSimulator*))()>, 0>::SharedPtr[m[K’ {aka ‘[01m[Kstd::shared_ptr<rclcpp::WallTimer<std::_Bind<void (mrs_uav_flightforge_simulator::FlightforgeSimulator::*(mrs_uav_flightforge_simulator::FlightforgeSimulator*))()>, 0> >[m[K’} to ‘[01m[Kstd::shared_ptr<mrs_lib::ThreadTimer>&&[m[K’
[112.694s]   438 |       operator=([01;36m[Kshared_ptr&& __r[m[K) noexcept
[112.695s]       |                 [01;36m[K~~~~~~~~~~~~~^~~[m[K
[133.653s] gmake[2]: *** [CMakeFiles/MrsUavFlightforgeSimulator_FlightforgeSimulator.dir/build.make:76: CMakeFiles/MrsUavFlightforgeSimulator_FlightforgeSimulator.dir/src/flightforge_simulator.cpp.o] Error 1
[133.656s] gmake[1]: *** [CMakeFiles/Makefile2:654: CMakeFiles/MrsUavFlightforgeSimulator_FlightforgeSimulator.dir/all] Error 2
[133.656s] gmake: *** [Makefile:146: all] Error 2
[133.659s] Invoked command in '/mnt/d/ros/mrs_uav_flightforge_simulator/build/mrs_uav_flightforge_simulator' returned '2': DEBUGINFOD_URLS=https://debuginfod.ubuntu.com /usr/bin/cmake --build /mnt/d/ros/mrs_uav_flightforge_simulator/build/mrs_uav_flightforge_simulator -- -j16 -l16
