[  2%] Built target mrs_uav_flightforge_simulator__rosidl_generator_type_description
[  7%] Built target MrsUavFlightforgeSimulator_HwApiPlugin
[  9%] Built target mrs_uav_flightforge_simulator__cpp
[ 19%] Built target MrsUavFlightforgeSimulator_FlightforgeConnector
[ 30%] Built target mrs_uav_flightforge_simulator__rosidl_generator_c
[ 45%] Built target mrs_uav_flightforge_simulator__rosidl_typesupport_c
[ 45%] Built target mrs_uav_flightforge_simulator__rosidl_typesupport_cpp
[ 64%] Built target mrs_uav_flightforge_simulator__rosidl_typesupport_introspection_cpp
[ 66%] Built target mrs_uav_flightforge_simulator__rosidl_typesupport_introspection_c
[ 73%] Built target mrs_uav_flightforge_simulator__rosidl_typesupport_fastrtps_cpp
[ 73%] Built target mrs_uav_flightforge_simulator__rosidl_typesupport_fastrtps_c
[ 73%] Built target mrs_uav_flightforge_simulator
[ 73%] Built target ament_cmake_python_copy_mrs_uav_flightforge_simulator
[ 76%] Built target mrs_uav_flightforge_simulator__py
[ 80%] Built target mrs_uav_flightforge_simulator__rosidl_generator_py
[ 90%] Built target mrs_uav_flightforge_simulator_s__rosidl_typesupport_c
[ 90%] Built target mrs_uav_flightforge_simulator_s__rosidl_typesupport_fastrtps_c
running egg_info
[ 95%] Built target mrs_uav_flightforge_simulator_s__rosidl_typesupport_introspection_c
writing mrs_uav_flightforge_simulator.egg-info/PKG-INFO
writing dependency_links to mrs_uav_flightforge_simulator.egg-info/dependency_links.txt
writing top-level names to mrs_uav_flightforge_simulator.egg-info/top_level.txt
reading manifest file 'mrs_uav_flightforge_simulator.egg-info/SOURCES.txt'
writing manifest file 'mrs_uav_flightforge_simulator.egg-info/SOURCES.txt'
[ 95%] Built target ament_cmake_python_build_mrs_uav_flightforge_simulator_egg
[ 97%] [32mBuilding CXX object CMakeFiles/MrsUavFlightforgeSimulator_FlightforgeSimulator.dir/src/flightforge_simulator.cpp.o[0m
